ARM GAS  C:\Users\Kojo\AppData\Local\Temp\ccGWmNRH.s 			page 1


   1              		.syntax unified
   2              		.cpu cortex-m3
   3              		.fpu softvfp
   4              		.eabi_attribute 20, 1
   5              		.eabi_attribute 21, 1
   6              		.eabi_attribute 23, 3
   7              		.eabi_attribute 24, 1
   8              		.eabi_attribute 25, 1
   9              		.eabi_attribute 26, 1
  10              		.eabi_attribute 30, 6
  11              		.eabi_attribute 18, 4
  12              		.thumb
  13              		.file	"cyfitter_cfg.c"
  14              		.section	.debug_abbrev,"",%progbits
  15              	.Ldebug_abbrev0:
  16              		.section	.debug_info,"",%progbits
  17              	.Ldebug_info0:
  18              		.section	.debug_line,"",%progbits
  19              	.Ldebug_line0:
  20 0000 0F010000 		.text
  20      02006400 
  20      00000201 
  20      FB0E0D00 
  20      01010101 
  21              	.Ltext0:
  22              		.cfi_sections	.debug_frame
  23              		.section	.text.CyClockStartupError,"ax",%progbits
  24              		.align	2
  25              		.thumb
  26              		.thumb_func
  27              		.type	CyClockStartupError, %function
  28              	CyClockStartupError:
  29              	.LFB0:
  30              		.file 1 ".\\Generated_Source\\PSoC5\\cyfitter_cfg.c"
   1:.\Generated_Source\PSoC5/cyfitter_cfg.c **** /*******************************************************************************
   2:.\Generated_Source\PSoC5/cyfitter_cfg.c **** * FILENAME: cyfitter_cfg.c
   3:.\Generated_Source\PSoC5/cyfitter_cfg.c **** * PSoC Creator 2.1 SP1
   4:.\Generated_Source\PSoC5/cyfitter_cfg.c **** *
   5:.\Generated_Source\PSoC5/cyfitter_cfg.c **** * Description:
   6:.\Generated_Source\PSoC5/cyfitter_cfg.c **** * This file is automatically generated by PSoC Creator with device 
   7:.\Generated_Source\PSoC5/cyfitter_cfg.c **** * initialization code.  Except for the user defined sections in
   8:.\Generated_Source\PSoC5/cyfitter_cfg.c **** * CyClockStartupError(), this file should not be modified.
   9:.\Generated_Source\PSoC5/cyfitter_cfg.c **** *
  10:.\Generated_Source\PSoC5/cyfitter_cfg.c **** ********************************************************************************
  11:.\Generated_Source\PSoC5/cyfitter_cfg.c **** * Copyright 2012, Cypress Semiconductor Corporation.  All rights reserved.
  12:.\Generated_Source\PSoC5/cyfitter_cfg.c **** * You may use this file only in accordance with the license, terms, conditions, 
  13:.\Generated_Source\PSoC5/cyfitter_cfg.c **** * disclaimers, and limitations in the end user license agreement accompanying 
  14:.\Generated_Source\PSoC5/cyfitter_cfg.c **** * the software package with which this file was provided.
  15:.\Generated_Source\PSoC5/cyfitter_cfg.c **** ********************************************************************************/
  16:.\Generated_Source\PSoC5/cyfitter_cfg.c **** 
  17:.\Generated_Source\PSoC5/cyfitter_cfg.c **** #include <string.h>
  18:.\Generated_Source\PSoC5/cyfitter_cfg.c **** #include <cytypes.h>
  19:.\Generated_Source\PSoC5/cyfitter_cfg.c **** #include <cydevice_trm.h>
  20:.\Generated_Source\PSoC5/cyfitter_cfg.c **** #include <cyfitter.h>
  21:.\Generated_Source\PSoC5/cyfitter_cfg.c **** #include <CyLib.h>
  22:.\Generated_Source\PSoC5/cyfitter_cfg.c **** #include <cyfitter_cfg.h>
  23:.\Generated_Source\PSoC5/cyfitter_cfg.c **** 
ARM GAS  C:\Users\Kojo\AppData\Local\Temp\ccGWmNRH.s 			page 2


  24:.\Generated_Source\PSoC5/cyfitter_cfg.c **** /* Clock startup error codes                                                   */
  25:.\Generated_Source\PSoC5/cyfitter_cfg.c **** #define CYCLOCKSTART_NO_ERROR    0
  26:.\Generated_Source\PSoC5/cyfitter_cfg.c **** #define CYCLOCKSTART_XTAL_ERROR  1
  27:.\Generated_Source\PSoC5/cyfitter_cfg.c **** #define CYCLOCKSTART_32KHZ_ERROR 2
  28:.\Generated_Source\PSoC5/cyfitter_cfg.c **** #define CYCLOCKSTART_PLL_ERROR   3
  29:.\Generated_Source\PSoC5/cyfitter_cfg.c **** 
  30:.\Generated_Source\PSoC5/cyfitter_cfg.c **** /*******************************************************************************
  31:.\Generated_Source\PSoC5/cyfitter_cfg.c **** * Function Name: CyClockStartupError
  32:.\Generated_Source\PSoC5/cyfitter_cfg.c **** ********************************************************************************
  33:.\Generated_Source\PSoC5/cyfitter_cfg.c **** * Summary:
  34:.\Generated_Source\PSoC5/cyfitter_cfg.c **** *  If an error is encountered during clock configuration (crystal startup error,
  35:.\Generated_Source\PSoC5/cyfitter_cfg.c **** *  PLL lock error, etc) the system will end up here.  Unless reimplemented by 
  36:.\Generated_Source\PSoC5/cyfitter_cfg.c **** *  the customer, an infinite loop will be encountered.
  37:.\Generated_Source\PSoC5/cyfitter_cfg.c **** *
  38:.\Generated_Source\PSoC5/cyfitter_cfg.c **** * Parameters:  
  39:.\Generated_Source\PSoC5/cyfitter_cfg.c **** *   void
  40:.\Generated_Source\PSoC5/cyfitter_cfg.c **** *
  41:.\Generated_Source\PSoC5/cyfitter_cfg.c **** * Return:
  42:.\Generated_Source\PSoC5/cyfitter_cfg.c **** *   void
  43:.\Generated_Source\PSoC5/cyfitter_cfg.c **** *
  44:.\Generated_Source\PSoC5/cyfitter_cfg.c **** *******************************************************************************/
  45:.\Generated_Source\PSoC5/cyfitter_cfg.c **** #if defined(__GNUC__) || defined(__ARMCC_VERSION)
  46:.\Generated_Source\PSoC5/cyfitter_cfg.c **** __attribute__ ((unused))
  47:.\Generated_Source\PSoC5/cyfitter_cfg.c **** #endif
  48:.\Generated_Source\PSoC5/cyfitter_cfg.c **** static void CyClockStartupError(uint8 errorCode)
  49:.\Generated_Source\PSoC5/cyfitter_cfg.c **** {
  31              		.loc 1 49 0
  32              		.cfi_startproc
  33              		@ args = 0, pretend = 0, frame = 8
  34              		@ frame_needed = 1, uses_anonymous_args = 0
  35              		@ link register save eliminated.
  36 0000 80B4     		push	{r7}
  37              	.LCFI0:
  38              		.cfi_def_cfa_offset 4
  39 0002 83B0     		sub	sp, sp, #12
  40              	.LCFI1:
  41              		.cfi_def_cfa_offset 16
  42 0004 00AF     		add	r7, sp, #0
  43              		.cfi_offset 7, -4
  44              	.LCFI2:
  45              		.cfi_def_cfa_register 7
  46 0006 0346     		mov	r3, r0
  47 0008 FB71     		strb	r3, [r7, #7]
  48              	.L2:
  50:.\Generated_Source\PSoC5/cyfitter_cfg.c ****     /* To remove the compiler warning if errorCode not used.                */
  51:.\Generated_Source\PSoC5/cyfitter_cfg.c ****     errorCode = errorCode;
  52:.\Generated_Source\PSoC5/cyfitter_cfg.c **** 
  53:.\Generated_Source\PSoC5/cyfitter_cfg.c ****     /* `#START CyClockStartupError` */
  54:.\Generated_Source\PSoC5/cyfitter_cfg.c **** 
  55:.\Generated_Source\PSoC5/cyfitter_cfg.c ****     /* If we have a clock startup error (bad MHz crystal, PLL lock, etc)    */
  56:.\Generated_Source\PSoC5/cyfitter_cfg.c ****     /* we will end up here to allow the customer to implement something to  */
  57:.\Generated_Source\PSoC5/cyfitter_cfg.c ****     /* deal with the clock condition.                                       */
  58:.\Generated_Source\PSoC5/cyfitter_cfg.c **** 
  59:.\Generated_Source\PSoC5/cyfitter_cfg.c ****     /* `#END` */
  60:.\Generated_Source\PSoC5/cyfitter_cfg.c **** 
  61:.\Generated_Source\PSoC5/cyfitter_cfg.c ****     /* If nothing else, stop here since the clocks have not started         */
  62:.\Generated_Source\PSoC5/cyfitter_cfg.c ****     /* correctly.                                                           */
ARM GAS  C:\Users\Kojo\AppData\Local\Temp\ccGWmNRH.s 			page 3


  63:.\Generated_Source\PSoC5/cyfitter_cfg.c ****     while(1) {}
  49              		.loc 1 63 0
  50 000a FEE7     		b	.L2
  51              		.cfi_endproc
  52              	.LFE0:
  53              		.size	CyClockStartupError, .-CyClockStartupError
  54              		.section	.rodata
  55              		.align	2
  56              		.type	cfg_memset_list, %object
  57              		.size	cfg_memset_list, 54
  58              	cfg_memset_list:
  59 0000 00510040 		.word	1073762560
  60 0004 2000     		.short	32
  61 0006 30510040 		.4byte	1073762608
  62 000a 3000     		.short	48
  63 000c C0510040 		.word	1073762752
  64 0010 1000     		.short	16
  65 0012 F0510040 		.4byte	1073762800
  66 0016 1000     		.short	16
  67 0018 00000140 		.word	1073807360
  68 001c 0010     		.short	4096
  69 001e 00140140 		.4byte	1073812480
  70 0022 0008     		.short	2048
  71 0024 00400140 		.word	1073823744
  72 0028 000A     		.short	2560
  73 002a 004C0140 		.4byte	1073826816
  74 002e 0002     		.short	512
  75 0030 00500140 		.word	1073827840
  76 0034 2000     		.short	32
  77 0036 0000     		.section	.text.cfg_write_bytes32,"ax",%progbits
  78              		.align	2
  79              		.thumb
  80              		.thumb_func
  81              		.type	cfg_write_bytes32, %function
  82              	cfg_write_bytes32:
  83              	.LFB1:
  64:.\Generated_Source\PSoC5/cyfitter_cfg.c **** }
  65:.\Generated_Source\PSoC5/cyfitter_cfg.c **** 
  66:.\Generated_Source\PSoC5/cyfitter_cfg.c **** 
  67:.\Generated_Source\PSoC5/cyfitter_cfg.c **** #undef CYCODE
  68:.\Generated_Source\PSoC5/cyfitter_cfg.c **** #undef CYDATA
  69:.\Generated_Source\PSoC5/cyfitter_cfg.c **** #undef CYXDATA
  70:.\Generated_Source\PSoC5/cyfitter_cfg.c **** #undef CYFAR
  71:.\Generated_Source\PSoC5/cyfitter_cfg.c **** #if defined(__GNUC__) || defined(__ARMCC_VERSION)
  72:.\Generated_Source\PSoC5/cyfitter_cfg.c **** 	#define CYCODE
  73:.\Generated_Source\PSoC5/cyfitter_cfg.c **** 	#define CYDATA
  74:.\Generated_Source\PSoC5/cyfitter_cfg.c **** 	#define CYXDATA
  75:.\Generated_Source\PSoC5/cyfitter_cfg.c **** 	#define CYFAR
  76:.\Generated_Source\PSoC5/cyfitter_cfg.c **** 
  77:.\Generated_Source\PSoC5/cyfitter_cfg.c **** 	#define CYPACKED __attribute__ ((packed))
  78:.\Generated_Source\PSoC5/cyfitter_cfg.c **** 	#define CYALIGNED __attribute__ ((aligned))
  79:.\Generated_Source\PSoC5/cyfitter_cfg.c **** 	
  80:.\Generated_Source\PSoC5/cyfitter_cfg.c **** 	#if defined(__ARMCC_VERSION)
  81:.\Generated_Source\PSoC5/cyfitter_cfg.c **** 		#define CY_CFG_MEMORY_BARRIER() __memory_changed()
  82:.\Generated_Source\PSoC5/cyfitter_cfg.c **** 	#else
  83:.\Generated_Source\PSoC5/cyfitter_cfg.c **** 		#define CY_CFG_MEMORY_BARRIER() __sync_synchronize()
  84:.\Generated_Source\PSoC5/cyfitter_cfg.c **** 	#endif
ARM GAS  C:\Users\Kojo\AppData\Local\Temp\ccGWmNRH.s 			page 4


  85:.\Generated_Source\PSoC5/cyfitter_cfg.c **** 	
  86:.\Generated_Source\PSoC5/cyfitter_cfg.c **** 	
  87:.\Generated_Source\PSoC5/cyfitter_cfg.c **** 	#define CYMEMZERO(a,c) memset((a),0,(c))
  88:.\Generated_Source\PSoC5/cyfitter_cfg.c **** 	#define CYCONFIGCPY(d,s,c) memcpy((d),(s),(c))
  89:.\Generated_Source\PSoC5/cyfitter_cfg.c **** 	#define CYCONFIGCPYCODE(d,s,c) memcpy((d),(s),(c))
  90:.\Generated_Source\PSoC5/cyfitter_cfg.c **** #else
  91:.\Generated_Source\PSoC5/cyfitter_cfg.c **** 	#error Unsupported toolchain
  92:.\Generated_Source\PSoC5/cyfitter_cfg.c **** #endif
  93:.\Generated_Source\PSoC5/cyfitter_cfg.c **** 
  94:.\Generated_Source\PSoC5/cyfitter_cfg.c **** /* Defines the layout and meaning of each entry in the cfg_memset_list used for clearing registers 
  95:.\Generated_Source\PSoC5/cyfitter_cfg.c **** typedef struct {
  96:.\Generated_Source\PSoC5/cyfitter_cfg.c **** 	void CYFAR *address;
  97:.\Generated_Source\PSoC5/cyfitter_cfg.c **** 	uint16 size;
  98:.\Generated_Source\PSoC5/cyfitter_cfg.c **** } CYPACKED cfg_memset_t;
  99:.\Generated_Source\PSoC5/cyfitter_cfg.c **** 
 100:.\Generated_Source\PSoC5/cyfitter_cfg.c **** /* Defines the layout and meaning of each entry in the cfg_memcpy_list used for initializing regist
 101:.\Generated_Source\PSoC5/cyfitter_cfg.c **** typedef struct {
 102:.\Generated_Source\PSoC5/cyfitter_cfg.c **** 	void CYFAR *dest;
 103:.\Generated_Source\PSoC5/cyfitter_cfg.c **** 	const void CYFAR *src;
 104:.\Generated_Source\PSoC5/cyfitter_cfg.c **** 	uint16 size;
 105:.\Generated_Source\PSoC5/cyfitter_cfg.c **** } CYPACKED cfg_memcpy_t;
 106:.\Generated_Source\PSoC5/cyfitter_cfg.c **** 
 107:.\Generated_Source\PSoC5/cyfitter_cfg.c **** /* Contains the regions of memory that must be set to 0 during configuration */
 108:.\Generated_Source\PSoC5/cyfitter_cfg.c **** #define CFG_MEMSET_COUNT (sizeof(cfg_memset_list)/sizeof(*cfg_memset_list))
 109:.\Generated_Source\PSoC5/cyfitter_cfg.c **** static const cfg_memset_t CYCODE cfg_memset_list [] = {
 110:.\Generated_Source\PSoC5/cyfitter_cfg.c **** 	/* address, size */
 111:.\Generated_Source\PSoC5/cyfitter_cfg.c **** 	{(void CYFAR *)(CYREG_PRT0_DR), 32},
 112:.\Generated_Source\PSoC5/cyfitter_cfg.c **** 	{(void CYFAR *)(CYREG_PRT3_DR), 48},
 113:.\Generated_Source\PSoC5/cyfitter_cfg.c **** 	{(void CYFAR *)(CYREG_PRT12_DR), 16},
 114:.\Generated_Source\PSoC5/cyfitter_cfg.c **** 	{(void CYFAR *)(CYREG_PRT15_DR), 16},
 115:.\Generated_Source\PSoC5/cyfitter_cfg.c **** 	{(void CYFAR *)(CYDEV_UCFG_B0_P0_U0_BASE), 4096},
 116:.\Generated_Source\PSoC5/cyfitter_cfg.c **** 	{(void CYFAR *)(CYDEV_UCFG_B1_P2_U0_BASE), 2048},
 117:.\Generated_Source\PSoC5/cyfitter_cfg.c **** 	{(void CYFAR *)(CYDEV_UCFG_DSI0_BASE), 2560},
 118:.\Generated_Source\PSoC5/cyfitter_cfg.c **** 	{(void CYFAR *)(CYDEV_UCFG_DSI12_BASE), 512},
 119:.\Generated_Source\PSoC5/cyfitter_cfg.c **** 	{(void CYFAR *)(CYREG_BCTL0_MDCLK_EN), 32},
 120:.\Generated_Source\PSoC5/cyfitter_cfg.c **** };
 121:.\Generated_Source\PSoC5/cyfitter_cfg.c **** 
 122:.\Generated_Source\PSoC5/cyfitter_cfg.c **** #define CY_CFG_BASE_ADDR_COUNT 16
 123:.\Generated_Source\PSoC5/cyfitter_cfg.c **** typedef struct
 124:.\Generated_Source\PSoC5/cyfitter_cfg.c **** {
 125:.\Generated_Source\PSoC5/cyfitter_cfg.c **** 	uint8 offset;
 126:.\Generated_Source\PSoC5/cyfitter_cfg.c **** 	uint8 value;
 127:.\Generated_Source\PSoC5/cyfitter_cfg.c **** } CYPACKED cy_cfg_addrvalue_t;
 128:.\Generated_Source\PSoC5/cyfitter_cfg.c **** 
 129:.\Generated_Source\PSoC5/cyfitter_cfg.c **** #define cy_cfg_addr_table ((const uint32 CYFAR *)0x48000000)
 130:.\Generated_Source\PSoC5/cyfitter_cfg.c **** #define cy_cfg_data_table ((const cy_cfg_addrvalue_t CYFAR *)0x48000040)
 131:.\Generated_Source\PSoC5/cyfitter_cfg.c **** 
 132:.\Generated_Source\PSoC5/cyfitter_cfg.c **** /* IOPINS0_2 Address: CYREG_PRT2_DM0 Size (bytes): 8 */
 133:.\Generated_Source\PSoC5/cyfitter_cfg.c **** #define BS_IOPINS0_2_VAL ((const uint8 CYFAR *)0x48000384)
 134:.\Generated_Source\PSoC5/cyfitter_cfg.c **** 
 135:.\Generated_Source\PSoC5/cyfitter_cfg.c **** /* IOPINS0_6 Address: CYREG_PRT6_DR Size (bytes): 10 */
 136:.\Generated_Source\PSoC5/cyfitter_cfg.c **** #define BS_IOPINS0_6_VAL ((const uint8 CYFAR *)0x4800038C)
 137:.\Generated_Source\PSoC5/cyfitter_cfg.c **** 
 138:.\Generated_Source\PSoC5/cyfitter_cfg.c **** 
 139:.\Generated_Source\PSoC5/cyfitter_cfg.c **** /*******************************************************************************
 140:.\Generated_Source\PSoC5/cyfitter_cfg.c **** * Function Name: cfg_write_bytes32
 141:.\Generated_Source\PSoC5/cyfitter_cfg.c **** ********************************************************************************
ARM GAS  C:\Users\Kojo\AppData\Local\Temp\ccGWmNRH.s 			page 5


 142:.\Generated_Source\PSoC5/cyfitter_cfg.c **** * Summary:
 143:.\Generated_Source\PSoC5/cyfitter_cfg.c **** *  This function is used for setting up the chip configuration areas that 
 144:.\Generated_Source\PSoC5/cyfitter_cfg.c **** *  contain relativly sparse data.
 145:.\Generated_Source\PSoC5/cyfitter_cfg.c **** *
 146:.\Generated_Source\PSoC5/cyfitter_cfg.c **** * Parameters:  
 147:.\Generated_Source\PSoC5/cyfitter_cfg.c **** *   void
 148:.\Generated_Source\PSoC5/cyfitter_cfg.c **** *
 149:.\Generated_Source\PSoC5/cyfitter_cfg.c **** * Return:
 150:.\Generated_Source\PSoC5/cyfitter_cfg.c **** *   void
 151:.\Generated_Source\PSoC5/cyfitter_cfg.c **** *
 152:.\Generated_Source\PSoC5/cyfitter_cfg.c **** *******************************************************************************/
 153:.\Generated_Source\PSoC5/cyfitter_cfg.c **** /* For 32-bit little-endian architectures */
 154:.\Generated_Source\PSoC5/cyfitter_cfg.c **** static void cfg_write_bytes32(void)
 155:.\Generated_Source\PSoC5/cyfitter_cfg.c **** {
  84              		.loc 1 155 0
  85              		.cfi_startproc
  86              		@ args = 0, pretend = 0, frame = 16
  87              		@ frame_needed = 1, uses_anonymous_args = 0
  88              		@ link register save eliminated.
  89 0000 80B4     		push	{r7}
  90              	.LCFI3:
  91              		.cfi_def_cfa_offset 4
  92 0002 85B0     		sub	sp, sp, #20
  93              	.LCFI4:
  94              		.cfi_def_cfa_offset 24
  95 0004 00AF     		add	r7, sp, #0
  96              		.cfi_offset 7, -4
  97              	.LCFI5:
  98              		.cfi_def_cfa_register 7
 156:.\Generated_Source\PSoC5/cyfitter_cfg.c **** 	unsigned int i, j = 0;
  99              		.loc 1 156 0
 100 0006 4FF00003 		mov	r3, #0
 101 000a 7B60     		str	r3, [r7, #4]
 157:.\Generated_Source\PSoC5/cyfitter_cfg.c **** 	for (i = 0; i < CY_CFG_BASE_ADDR_COUNT; i++)
 102              		.loc 1 157 0
 103 000c 4FF00003 		mov	r3, #0
 104 0010 3B60     		str	r3, [r7, #0]
 105 0012 36E0     		b	.L5
 106              	.L8:
 107              	.LBB2:
 158:.\Generated_Source\PSoC5/cyfitter_cfg.c **** 	{
 159:.\Generated_Source\PSoC5/cyfitter_cfg.c **** 		uint32 baseAddr = cy_cfg_addr_table[i];
 108              		.loc 1 159 0
 109 0014 3B68     		ldr	r3, [r7, #0]
 110 0016 4FEA8303 		lsl	r3, r3, #2
 111 001a 03F19043 		add	r3, r3, #1207959552
 112 001e 1B68     		ldr	r3, [r3, #0]
 113 0020 BB60     		str	r3, [r7, #8]
 160:.\Generated_Source\PSoC5/cyfitter_cfg.c **** 		uint8 count = baseAddr & 0xFFu;
 114              		.loc 1 160 0
 115 0022 BB68     		ldr	r3, [r7, #8]
 116 0024 FB73     		strb	r3, [r7, #15]
 161:.\Generated_Source\PSoC5/cyfitter_cfg.c **** 		baseAddr &= 0xFFFFFF00u;
 117              		.loc 1 161 0
 118 0026 BB68     		ldr	r3, [r7, #8]
 119 0028 23F0FF03 		bic	r3, r3, #255
 120 002c BB60     		str	r3, [r7, #8]
ARM GAS  C:\Users\Kojo\AppData\Local\Temp\ccGWmNRH.s 			page 6


 162:.\Generated_Source\PSoC5/cyfitter_cfg.c **** 		while (count--)
 121              		.loc 1 162 0
 122 002e 18E0     		b	.L6
 123              	.L7:
 163:.\Generated_Source\PSoC5/cyfitter_cfg.c **** 		{
 164:.\Generated_Source\PSoC5/cyfitter_cfg.c **** 			CY_SET_XTND_REG8((void CYFAR *)(baseAddr + cy_cfg_data_table[j].offset), cy_cfg_data_table[j].va
 124              		.loc 1 164 0
 125 0030 7B68     		ldr	r3, [r7, #4]
 126 0032 4FEA4303 		lsl	r3, r3, #1
 127 0036 03F19043 		add	r3, r3, #1207959552
 128 003a 03F14003 		add	r3, r3, #64
 129 003e 1B78     		ldrb	r3, [r3, #0]	@ zero_extendqisi2
 130 0040 1A46     		mov	r2, r3
 131 0042 BB68     		ldr	r3, [r7, #8]
 132 0044 1344     		add	r3, r2, r3
 133 0046 1A46     		mov	r2, r3
 134 0048 7B68     		ldr	r3, [r7, #4]
 135 004a 4FEA4303 		lsl	r3, r3, #1
 136 004e 03F19043 		add	r3, r3, #1207959552
 137 0052 03F14003 		add	r3, r3, #64
 138 0056 5B78     		ldrb	r3, [r3, #1]	@ zero_extendqisi2
 139 0058 1370     		strb	r3, [r2, #0]
 165:.\Generated_Source\PSoC5/cyfitter_cfg.c **** 			j++;
 140              		.loc 1 165 0
 141 005a 7B68     		ldr	r3, [r7, #4]
 142 005c 03F10103 		add	r3, r3, #1
 143 0060 7B60     		str	r3, [r7, #4]
 144              	.L6:
 145              		.loc 1 162 0
 146 0062 FB7B     		ldrb	r3, [r7, #15]	@ zero_extendqisi2
 147 0064 002B     		cmp	r3, #0
 148 0066 0CBF     		ite	eq
 149 0068 0023     		moveq	r3, #0
 150 006a 0123     		movne	r3, #1
 151 006c DBB2     		uxtb	r3, r3
 152 006e FA7B     		ldrb	r2, [r7, #15]
 153 0070 02F1FF32 		add	r2, r2, #-1
 154 0074 FA73     		strb	r2, [r7, #15]
 155 0076 002B     		cmp	r3, #0
 156 0078 DAD1     		bne	.L7
 157              	.LBE2:
 158              		.loc 1 157 0
 159 007a 3B68     		ldr	r3, [r7, #0]
 160 007c 03F10103 		add	r3, r3, #1
 161 0080 3B60     		str	r3, [r7, #0]
 162              	.L5:
 163 0082 3B68     		ldr	r3, [r7, #0]
 164 0084 0F2B     		cmp	r3, #15
 165 0086 C5D9     		bls	.L8
 166:.\Generated_Source\PSoC5/cyfitter_cfg.c **** 		}
 167:.\Generated_Source\PSoC5/cyfitter_cfg.c **** 	}
 168:.\Generated_Source\PSoC5/cyfitter_cfg.c **** }
 166              		.loc 1 168 0
 167 0088 07F11407 		add	r7, r7, #20
 168 008c BD46     		mov	sp, r7
 169 008e 80BC     		pop	{r7}
 170 0090 7047     		bx	lr
ARM GAS  C:\Users\Kojo\AppData\Local\Temp\ccGWmNRH.s 			page 7


 171              		.cfi_endproc
 172              	.LFE1:
 173              		.size	cfg_write_bytes32, .-cfg_write_bytes32
 174 0092 00BF     		.section	.text.ClockSetup,"ax",%progbits
 175              		.align	2
 176              		.thumb
 177              		.thumb_func
 178              		.type	ClockSetup, %function
 179              	ClockSetup:
 180              	.LFB2:
 169:.\Generated_Source\PSoC5/cyfitter_cfg.c **** 
 170:.\Generated_Source\PSoC5/cyfitter_cfg.c **** /*******************************************************************************
 171:.\Generated_Source\PSoC5/cyfitter_cfg.c **** * Function Name: ClockSetup
 172:.\Generated_Source\PSoC5/cyfitter_cfg.c **** ********************************************************************************
 173:.\Generated_Source\PSoC5/cyfitter_cfg.c **** *
 174:.\Generated_Source\PSoC5/cyfitter_cfg.c **** * Summary:
 175:.\Generated_Source\PSoC5/cyfitter_cfg.c **** *  Performs the initialization of all of the clocks in the device based on the
 176:.\Generated_Source\PSoC5/cyfitter_cfg.c **** *  settings in the Clock tab of the DWR.  This includes enabling the requested
 177:.\Generated_Source\PSoC5/cyfitter_cfg.c **** *  clocks and setting the necessary dividers to produce the desired frequency. 
 178:.\Generated_Source\PSoC5/cyfitter_cfg.c **** *
 179:.\Generated_Source\PSoC5/cyfitter_cfg.c **** * Parameters:
 180:.\Generated_Source\PSoC5/cyfitter_cfg.c **** *  void
 181:.\Generated_Source\PSoC5/cyfitter_cfg.c **** *
 182:.\Generated_Source\PSoC5/cyfitter_cfg.c **** * Return:
 183:.\Generated_Source\PSoC5/cyfitter_cfg.c **** *  void
 184:.\Generated_Source\PSoC5/cyfitter_cfg.c **** *
 185:.\Generated_Source\PSoC5/cyfitter_cfg.c **** *******************************************************************************/
 186:.\Generated_Source\PSoC5/cyfitter_cfg.c **** static void ClockSetup(void)
 187:.\Generated_Source\PSoC5/cyfitter_cfg.c **** {
 181              		.loc 1 187 0
 182              		.cfi_startproc
 183              		@ args = 0, pretend = 0, frame = 16
 184              		@ frame_needed = 1, uses_anonymous_args = 0
 185 0000 80B5     		push	{r7, lr}
 186              	.LCFI6:
 187              		.cfi_def_cfa_offset 8
 188 0002 84B0     		sub	sp, sp, #16
 189              	.LCFI7:
 190              		.cfi_def_cfa_offset 24
 191 0004 00AF     		add	r7, sp, #0
 192              		.cfi_offset 14, -4
 193              		.cfi_offset 7, -8
 194              	.LCFI8:
 195              		.cfi_def_cfa_register 7
 188:.\Generated_Source\PSoC5/cyfitter_cfg.c **** 	reg32  timeout;
 189:.\Generated_Source\PSoC5/cyfitter_cfg.c **** 	reg32* timeout_p = &timeout;
 196              		.loc 1 189 0
 197 0006 07F10803 		add	r3, r7, #8
 198 000a FB60     		str	r3, [r7, #12]
 190:.\Generated_Source\PSoC5/cyfitter_cfg.c **** 	reg8   pllLock;
 191:.\Generated_Source\PSoC5/cyfitter_cfg.c **** 
 192:.\Generated_Source\PSoC5/cyfitter_cfg.c **** 
 193:.\Generated_Source\PSoC5/cyfitter_cfg.c **** 	/* Configure Digital Clocks based on settings from Clock DWR */
 194:.\Generated_Source\PSoC5/cyfitter_cfg.c **** 	CY_SET_XTND_REG24((void CYFAR *)(CYREG_CLKDIST_DCFG0_CFG0), 0x180138);
 199              		.loc 1 194 0
 200 000c 44F28000 		movw	r0, #:lower16:1073758336
 201 0010 C4F20000 		movt	r0, #:upper16:1073758336
ARM GAS  C:\Users\Kojo\AppData\Local\Temp\ccGWmNRH.s 			page 8


 202 0014 40F23811 		movw	r1, #:lower16:1573176
 203 0018 C0F21801 		movt	r1, #:upper16:1573176
 204 001c FFF7FEFF 		bl	CySetReg24
 195:.\Generated_Source\PSoC5/cyfitter_cfg.c **** 
 196:.\Generated_Source\PSoC5/cyfitter_cfg.c **** 	/* Configure ILO based on settings from Clock DWR */
 197:.\Generated_Source\PSoC5/cyfitter_cfg.c **** 	CY_SET_XTND_REG8((void CYFAR *)(CYREG_SLOWCLK_ILO_CR0), 0x02);
 205              		.loc 1 197 0
 206 0020 44F20033 		movw	r3, #:lower16:1073758976
 207 0024 C4F20003 		movt	r3, #:upper16:1073758976
 208 0028 4FF00202 		mov	r2, #2
 209 002c 1A70     		strb	r2, [r3, #0]
 198:.\Generated_Source\PSoC5/cyfitter_cfg.c **** 	CY_SET_XTND_REG8((void CYFAR *)(CYREG_CLKDIST_CR), 0x08);
 210              		.loc 1 198 0
 211 002e 44F20003 		movw	r3, #:lower16:1073758208
 212 0032 C4F20003 		movt	r3, #:upper16:1073758208
 213 0036 4FF00802 		mov	r2, #8
 214 003a 1A70     		strb	r2, [r3, #0]
 199:.\Generated_Source\PSoC5/cyfitter_cfg.c **** 
 200:.\Generated_Source\PSoC5/cyfitter_cfg.c **** 	/* Configure IMO based on settings from Clock DWR */
 201:.\Generated_Source\PSoC5/cyfitter_cfg.c **** 	CY_SET_XTND_REG8((void CYFAR *)(CYREG_FASTCLK_IMO_CR), 0x03);
 215              		.loc 1 201 0
 216 003c 44F20023 		movw	r3, #:lower16:1073758720
 217 0040 C4F20003 		movt	r3, #:upper16:1073758720
 218 0044 4FF00302 		mov	r2, #3
 219 0048 1A70     		strb	r2, [r3, #0]
 202:.\Generated_Source\PSoC5/cyfitter_cfg.c **** 	CY_SET_XTND_REG8((void CYFAR *)(CYREG_IMO_TR1), (CY_GET_XTND_REG8(CYREG_FLSHID_CUST_TABLES_IMO_3MH
 220              		.loc 1 202 0
 221 004a 44F2A163 		movw	r3, #:lower16:1073759905
 222 004e C4F20003 		movt	r3, #:upper16:1073759905
 223 0052 40F20812 		movw	r2, #:lower16:1224737032
 224 0056 C4F60012 		movt	r2, #:upper16:1224737032
 225 005a 1278     		ldrb	r2, [r2, #0]
 226 005c D2B2     		uxtb	r2, r2
 227 005e 1A70     		strb	r2, [r3, #0]
 203:.\Generated_Source\PSoC5/cyfitter_cfg.c **** 
 204:.\Generated_Source\PSoC5/cyfitter_cfg.c **** 	/* Configure PLL based on settings from Clock DWR */
 205:.\Generated_Source\PSoC5/cyfitter_cfg.c **** 	CY_SET_XTND_REG16((void CYFAR *)(CYREG_FASTCLK_PLL_P), 0x0008);
 228              		.loc 1 205 0
 229 0060 44F22223 		movw	r3, #:lower16:1073758754
 230 0064 C4F20003 		movt	r3, #:upper16:1073758754
 231 0068 4FF00802 		mov	r2, #8
 232 006c 1A80     		strh	r2, [r3, #0]	@ movhi
 206:.\Generated_Source\PSoC5/cyfitter_cfg.c **** 	CY_SET_XTND_REG16((void CYFAR *)(CYREG_FASTCLK_PLL_CFG0), 0x1051);
 233              		.loc 1 206 0
 234 006e 44F22023 		movw	r3, #:lower16:1073758752
 235 0072 C4F20003 		movt	r3, #:upper16:1073758752
 236 0076 41F25102 		movw	r2, #4177
 237 007a 1A80     		strh	r2, [r3, #0]	@ movhi
 207:.\Generated_Source\PSoC5/cyfitter_cfg.c **** 	/* Wait up to 250us for the PLL to lock */
 208:.\Generated_Source\PSoC5/cyfitter_cfg.c **** 	pllLock = 0;
 238              		.loc 1 208 0
 239 007c 4FF00003 		mov	r3, #0
 240 0080 FB71     		strb	r3, [r7, #7]
 209:.\Generated_Source\PSoC5/cyfitter_cfg.c **** 	for (timeout = 250 / 10; *timeout_p && (pllLock != 0x03u); timeout--) { 
 241              		.loc 1 209 0
 242 0082 4FF01903 		mov	r3, #25
 243 0086 BB60     		str	r3, [r7, #8]
ARM GAS  C:\Users\Kojo\AppData\Local\Temp\ccGWmNRH.s 			page 9


 244 0088 1AE0     		b	.L11
 245              	.L13:
 210:.\Generated_Source\PSoC5/cyfitter_cfg.c **** 		pllLock = 0x03u & ((pllLock << 1) | ((CY_GET_XTND_REG8(CYREG_FASTCLK_PLL_SR) & 0x01u) >> 0));
 246              		.loc 1 210 0
 247 008a FB79     		ldrb	r3, [r7, #7]
 248 008c DBB2     		uxtb	r3, r3
 249 008e 4FEA4303 		lsl	r3, r3, #1
 250 0092 DAB2     		uxtb	r2, r3
 251 0094 44F22523 		movw	r3, #:lower16:1073758757
 252 0098 C4F20003 		movt	r3, #:upper16:1073758757
 253 009c 1B78     		ldrb	r3, [r3, #0]
 254 009e DBB2     		uxtb	r3, r3
 255 00a0 03F00103 		and	r3, r3, #1
 256 00a4 42EA0303 		orr	r3, r2, r3
 257 00a8 DBB2     		uxtb	r3, r3
 258 00aa 03F00303 		and	r3, r3, #3
 259 00ae FB71     		strb	r3, [r7, #7]
 211:.\Generated_Source\PSoC5/cyfitter_cfg.c **** 		CyDelayCycles(10 * 48); /* Delay 10us based on 48MHz clock */
 260              		.loc 1 211 0
 261 00b0 4FF4F070 		mov	r0, #480
 262 00b4 FFF7FEFF 		bl	CyDelayCycles
 263              		.loc 1 209 0
 264 00b8 BB68     		ldr	r3, [r7, #8]
 265 00ba 03F1FF33 		add	r3, r3, #-1
 266 00be BB60     		str	r3, [r7, #8]
 267              	.L11:
 268 00c0 FB68     		ldr	r3, [r7, #12]
 269 00c2 1B68     		ldr	r3, [r3, #0]
 270 00c4 002B     		cmp	r3, #0
 271 00c6 03D0     		beq	.L12
 272 00c8 FB79     		ldrb	r3, [r7, #7]
 273 00ca DBB2     		uxtb	r3, r3
 274 00cc 032B     		cmp	r3, #3
 275 00ce DCD1     		bne	.L13
 276              	.L12:
 212:.\Generated_Source\PSoC5/cyfitter_cfg.c **** 	}
 213:.\Generated_Source\PSoC5/cyfitter_cfg.c **** 
 214:.\Generated_Source\PSoC5/cyfitter_cfg.c **** 	/* Configure Bus/Master Clock based on settings from Clock DWR */
 215:.\Generated_Source\PSoC5/cyfitter_cfg.c **** 	CY_SET_XTND_REG16((void CYFAR *)(CYREG_CLKDIST_MSTR0), 0x0100);
 277              		.loc 1 215 0
 278 00d0 44F20403 		movw	r3, #:lower16:1073758212
 279 00d4 C4F20003 		movt	r3, #:upper16:1073758212
 280 00d8 4FF48072 		mov	r2, #256
 281 00dc 1A80     		strh	r2, [r3, #0]	@ movhi
 216:.\Generated_Source\PSoC5/cyfitter_cfg.c **** 	CY_SET_XTND_REG8((void CYFAR *)(CYREG_CLKDIST_MSTR0), 0x07);
 282              		.loc 1 216 0
 283 00de 44F20403 		movw	r3, #:lower16:1073758212
 284 00e2 C4F20003 		movt	r3, #:upper16:1073758212
 285 00e6 4FF00702 		mov	r2, #7
 286 00ea 1A70     		strb	r2, [r3, #0]
 217:.\Generated_Source\PSoC5/cyfitter_cfg.c **** 	CY_SET_XTND_REG8((void CYFAR *)(CYREG_CLKDIST_BCFG0), 0x00);
 287              		.loc 1 217 0
 288 00ec 44F20603 		movw	r3, #:lower16:1073758214
 289 00f0 C4F20003 		movt	r3, #:upper16:1073758214
 290 00f4 4FF00002 		mov	r2, #0
 291 00f8 1A70     		strb	r2, [r3, #0]
 218:.\Generated_Source\PSoC5/cyfitter_cfg.c **** 	CY_SET_XTND_REG8((void CYFAR *)(CYREG_CLKDIST_BCFG2), 0x48);
ARM GAS  C:\Users\Kojo\AppData\Local\Temp\ccGWmNRH.s 			page 10


 292              		.loc 1 218 0
 293 00fa 44F20803 		movw	r3, #:lower16:1073758216
 294 00fe C4F20003 		movt	r3, #:upper16:1073758216
 295 0102 4FF04802 		mov	r2, #72
 296 0106 1A70     		strb	r2, [r3, #0]
 219:.\Generated_Source\PSoC5/cyfitter_cfg.c **** 	CY_SET_XTND_REG8((void CYFAR *)(CYREG_CLKDIST_MSTR0), 0x00);
 297              		.loc 1 219 0
 298 0108 44F20403 		movw	r3, #:lower16:1073758212
 299 010c C4F20003 		movt	r3, #:upper16:1073758212
 300 0110 4FF00002 		mov	r2, #0
 301 0114 1A70     		strb	r2, [r3, #0]
 220:.\Generated_Source\PSoC5/cyfitter_cfg.c **** 	CY_SET_XTND_REG8((void CYFAR *)(CYREG_CLKDIST_LD), 0x02);
 302              		.loc 1 220 0
 303 0116 44F20103 		movw	r3, #:lower16:1073758209
 304 011a C4F20003 		movt	r3, #:upper16:1073758209
 305 011e 4FF00202 		mov	r2, #2
 306 0122 1A70     		strb	r2, [r3, #0]
 221:.\Generated_Source\PSoC5/cyfitter_cfg.c **** 
 222:.\Generated_Source\PSoC5/cyfitter_cfg.c **** 	CY_SET_XTND_REG8((void CYFAR *)(CYREG_PM_ACT_CFG2), ((CY_GET_XTND_REG8(CYREG_PM_ACT_CFG2) | 0x01))
 307              		.loc 1 222 0
 308 0124 44F2A233 		movw	r3, #:lower16:1073759138
 309 0128 C4F20003 		movt	r3, #:upper16:1073759138
 310 012c 44F2A232 		movw	r2, #:lower16:1073759138
 311 0130 C4F20002 		movt	r2, #:upper16:1073759138
 312 0134 1278     		ldrb	r2, [r2, #0]
 313 0136 D2B2     		uxtb	r2, r2
 314 0138 42F00102 		orr	r2, r2, #1
 315 013c D2B2     		uxtb	r2, r2
 316 013e 1A70     		strb	r2, [r3, #0]
 223:.\Generated_Source\PSoC5/cyfitter_cfg.c **** }
 317              		.loc 1 223 0
 318 0140 07F11007 		add	r7, r7, #16
 319 0144 BD46     		mov	sp, r7
 320 0146 80BD     		pop	{r7, pc}
 321              		.cfi_endproc
 322              	.LFE2:
 323              		.size	ClockSetup, .-ClockSetup
 324              		.section	.text.AnalogSetDefault,"ax",%progbits
 325              		.align	2
 326              		.global	AnalogSetDefault
 327              		.thumb
 328              		.thumb_func
 329              		.type	AnalogSetDefault, %function
 330              	AnalogSetDefault:
 331              	.LFB3:
 224:.\Generated_Source\PSoC5/cyfitter_cfg.c **** 
 225:.\Generated_Source\PSoC5/cyfitter_cfg.c **** 
 226:.\Generated_Source\PSoC5/cyfitter_cfg.c **** /* Analog API Functions */
 227:.\Generated_Source\PSoC5/cyfitter_cfg.c **** 
 228:.\Generated_Source\PSoC5/cyfitter_cfg.c **** /*******************************************************************************
 229:.\Generated_Source\PSoC5/cyfitter_cfg.c **** * Function Name: AnalogSetDefault
 230:.\Generated_Source\PSoC5/cyfitter_cfg.c **** ********************************************************************************
 231:.\Generated_Source\PSoC5/cyfitter_cfg.c **** *
 232:.\Generated_Source\PSoC5/cyfitter_cfg.c **** * Summary:
 233:.\Generated_Source\PSoC5/cyfitter_cfg.c **** *  Sets up the analog portions of the chip to default values based on chip
 234:.\Generated_Source\PSoC5/cyfitter_cfg.c **** *  configuration options from the project.
 235:.\Generated_Source\PSoC5/cyfitter_cfg.c **** *
ARM GAS  C:\Users\Kojo\AppData\Local\Temp\ccGWmNRH.s 			page 11


 236:.\Generated_Source\PSoC5/cyfitter_cfg.c **** * Parameters:
 237:.\Generated_Source\PSoC5/cyfitter_cfg.c **** *  void
 238:.\Generated_Source\PSoC5/cyfitter_cfg.c **** *
 239:.\Generated_Source\PSoC5/cyfitter_cfg.c **** * Return:
 240:.\Generated_Source\PSoC5/cyfitter_cfg.c **** *  void
 241:.\Generated_Source\PSoC5/cyfitter_cfg.c **** *
 242:.\Generated_Source\PSoC5/cyfitter_cfg.c **** *******************************************************************************/
 243:.\Generated_Source\PSoC5/cyfitter_cfg.c **** void AnalogSetDefault(void)
 244:.\Generated_Source\PSoC5/cyfitter_cfg.c **** {
 332              		.loc 1 244 0
 333              		.cfi_startproc
 334              		@ args = 0, pretend = 0, frame = 8
 335              		@ frame_needed = 1, uses_anonymous_args = 0
 336              		@ link register save eliminated.
 337 0000 80B4     		push	{r7}
 338              	.LCFI9:
 339              		.cfi_def_cfa_offset 4
 340 0002 83B0     		sub	sp, sp, #12
 341              	.LCFI10:
 342              		.cfi_def_cfa_offset 16
 343 0004 00AF     		add	r7, sp, #0
 344              		.cfi_offset 7, -4
 345              	.LCFI11:
 346              		.cfi_def_cfa_register 7
 245:.\Generated_Source\PSoC5/cyfitter_cfg.c **** 	uint8 bg_xover_inl_trim = CY_GET_XTND_REG8(CYREG_FLSHID_MFG_CFG_BG_XOVER_INL_TRIM + 1u);
 347              		.loc 1 245 0
 348 0006 40F2CF13 		movw	r3, #:lower16:1224737231
 349 000a C4F60013 		movt	r3, #:upper16:1224737231
 350 000e 1B78     		ldrb	r3, [r3, #0]
 351 0010 FB71     		strb	r3, [r7, #7]
 246:.\Generated_Source\PSoC5/cyfitter_cfg.c **** 	CY_SET_XTND_REG8(CYREG_BG_DFT0, bg_xover_inl_trim & 0x07u);
 352              		.loc 1 246 0
 353 0012 45F66E03 		movw	r3, #:lower16:1073764462
 354 0016 C4F20003 		movt	r3, #:upper16:1073764462
 355 001a FA79     		ldrb	r2, [r7, #7]	@ zero_extendqisi2
 356 001c 02F00702 		and	r2, r2, #7
 357 0020 1A70     		strb	r2, [r3, #0]
 247:.\Generated_Source\PSoC5/cyfitter_cfg.c **** 	CY_SET_XTND_REG8(CYREG_BG_DFT1, (bg_xover_inl_trim >> 4) & 0x0Fu);
 358              		.loc 1 247 0
 359 0022 45F66F03 		movw	r3, #:lower16:1073764463
 360 0026 C4F20003 		movt	r3, #:upper16:1073764463
 361 002a FA79     		ldrb	r2, [r7, #7]	@ zero_extendqisi2
 362 002c 4FEA1212 		lsr	r2, r2, #4
 363 0030 D2B2     		uxtb	r2, r2
 364 0032 1A70     		strb	r2, [r3, #0]
 248:.\Generated_Source\PSoC5/cyfitter_cfg.c **** 	CY_SET_XTND_REG8(CYREG_PUMP_CR0, 0x44);
 365              		.loc 1 248 0
 366 0034 45F67603 		movw	r3, #:lower16:1073764470
 367 0038 C4F20003 		movt	r3, #:upper16:1073764470
 368 003c 4FF04402 		mov	r2, #68
 369 0040 1A70     		strb	r2, [r3, #0]
 249:.\Generated_Source\PSoC5/cyfitter_cfg.c **** }
 370              		.loc 1 249 0
 371 0042 07F10C07 		add	r7, r7, #12
 372 0046 BD46     		mov	sp, r7
 373 0048 80BC     		pop	{r7}
 374 004a 7047     		bx	lr
ARM GAS  C:\Users\Kojo\AppData\Local\Temp\ccGWmNRH.s 			page 12


 375              		.cfi_endproc
 376              	.LFE3:
 377              		.size	AnalogSetDefault, .-AnalogSetDefault
 378              		.section	.text.SetAnalogRoutingPumps,"ax",%progbits
 379              		.align	2
 380              		.global	SetAnalogRoutingPumps
 381              		.thumb
 382              		.thumb_func
 383              		.type	SetAnalogRoutingPumps, %function
 384              	SetAnalogRoutingPumps:
 385              	.LFB4:
 250:.\Generated_Source\PSoC5/cyfitter_cfg.c **** 
 251:.\Generated_Source\PSoC5/cyfitter_cfg.c **** 
 252:.\Generated_Source\PSoC5/cyfitter_cfg.c **** /*******************************************************************************
 253:.\Generated_Source\PSoC5/cyfitter_cfg.c **** * Function Name: SetAnalogRoutingPumps
 254:.\Generated_Source\PSoC5/cyfitter_cfg.c **** ********************************************************************************
 255:.\Generated_Source\PSoC5/cyfitter_cfg.c **** *
 256:.\Generated_Source\PSoC5/cyfitter_cfg.c **** * Summary:
 257:.\Generated_Source\PSoC5/cyfitter_cfg.c **** * Enables or disables the analog pumps feeding analog routing switches.
 258:.\Generated_Source\PSoC5/cyfitter_cfg.c **** * Intended to be called at startup, based on the Vdda system configuration;
 259:.\Generated_Source\PSoC5/cyfitter_cfg.c **** * may be called during operation when the user informs us that the Vdda voltage crossed the pump th
 260:.\Generated_Source\PSoC5/cyfitter_cfg.c **** *
 261:.\Generated_Source\PSoC5/cyfitter_cfg.c **** * Parameters:
 262:.\Generated_Source\PSoC5/cyfitter_cfg.c **** *  enabled - 1 to enable the pumps, 0 to disable the pumps
 263:.\Generated_Source\PSoC5/cyfitter_cfg.c **** *
 264:.\Generated_Source\PSoC5/cyfitter_cfg.c **** * Return:
 265:.\Generated_Source\PSoC5/cyfitter_cfg.c **** *  void
 266:.\Generated_Source\PSoC5/cyfitter_cfg.c **** *
 267:.\Generated_Source\PSoC5/cyfitter_cfg.c **** *******************************************************************************/
 268:.\Generated_Source\PSoC5/cyfitter_cfg.c **** void SetAnalogRoutingPumps(uint8 enabled)
 269:.\Generated_Source\PSoC5/cyfitter_cfg.c **** {
 386              		.loc 1 269 0
 387              		.cfi_startproc
 388              		@ args = 0, pretend = 0, frame = 16
 389              		@ frame_needed = 1, uses_anonymous_args = 0
 390              		@ link register save eliminated.
 391 0000 80B4     		push	{r7}
 392              	.LCFI12:
 393              		.cfi_def_cfa_offset 4
 394 0002 85B0     		sub	sp, sp, #20
 395              	.LCFI13:
 396              		.cfi_def_cfa_offset 24
 397 0004 00AF     		add	r7, sp, #0
 398              		.cfi_offset 7, -4
 399              	.LCFI14:
 400              		.cfi_def_cfa_register 7
 401 0006 0346     		mov	r3, r0
 402 0008 FB71     		strb	r3, [r7, #7]
 270:.\Generated_Source\PSoC5/cyfitter_cfg.c **** 	uint8 regValue = CY_GET_XTND_REG8(CYREG_PUMP_CR0);
 403              		.loc 1 270 0
 404 000a 45F67603 		movw	r3, #:lower16:1073764470
 405 000e C4F20003 		movt	r3, #:upper16:1073764470
 406 0012 1B78     		ldrb	r3, [r3, #0]
 407 0014 FB73     		strb	r3, [r7, #15]
 271:.\Generated_Source\PSoC5/cyfitter_cfg.c **** 	if (enabled)
 408              		.loc 1 271 0
 409 0016 FB79     		ldrb	r3, [r7, #7]	@ zero_extendqisi2
ARM GAS  C:\Users\Kojo\AppData\Local\Temp\ccGWmNRH.s 			page 13


 410 0018 002B     		cmp	r3, #0
 272:.\Generated_Source\PSoC5/cyfitter_cfg.c **** 		regValue |= 0x00;
 273:.\Generated_Source\PSoC5/cyfitter_cfg.c **** 	else
 274:.\Generated_Source\PSoC5/cyfitter_cfg.c **** 		regValue &= ~0x00;
 275:.\Generated_Source\PSoC5/cyfitter_cfg.c **** 	CY_SET_XTND_REG8(CYREG_PUMP_CR0, regValue);
 411              		.loc 1 275 0
 412 001a 45F67603 		movw	r3, #:lower16:1073764470
 413 001e C4F20003 		movt	r3, #:upper16:1073764470
 414 0022 FA7B     		ldrb	r2, [r7, #15]
 415 0024 1A70     		strb	r2, [r3, #0]
 276:.\Generated_Source\PSoC5/cyfitter_cfg.c **** }
 416              		.loc 1 276 0
 417 0026 07F11407 		add	r7, r7, #20
 418 002a BD46     		mov	sp, r7
 419 002c 80BC     		pop	{r7}
 420 002e 7047     		bx	lr
 421              		.cfi_endproc
 422              	.LFE4:
 423              		.size	SetAnalogRoutingPumps, .-SetAnalogRoutingPumps
 424              		.section	.text.cyfitter_cfg,"ax",%progbits
 425              		.align	2
 426              		.global	cyfitter_cfg
 427              		.thumb
 428              		.thumb_func
 429              		.type	cyfitter_cfg, %function
 430              	cyfitter_cfg:
 431              	.LFB5:
 277:.\Generated_Source\PSoC5/cyfitter_cfg.c **** 
 278:.\Generated_Source\PSoC5/cyfitter_cfg.c **** #define CY_AMUX_UNUSED CYREG_BOOST_SR
 279:.\Generated_Source\PSoC5/cyfitter_cfg.c **** 
 280:.\Generated_Source\PSoC5/cyfitter_cfg.c **** 
 281:.\Generated_Source\PSoC5/cyfitter_cfg.c **** /*******************************************************************************
 282:.\Generated_Source\PSoC5/cyfitter_cfg.c **** * Function Name: cyfitter_cfg
 283:.\Generated_Source\PSoC5/cyfitter_cfg.c **** ********************************************************************************
 284:.\Generated_Source\PSoC5/cyfitter_cfg.c **** * Summary:
 285:.\Generated_Source\PSoC5/cyfitter_cfg.c **** *  This function is called by the start-up code for the selected device. It
 286:.\Generated_Source\PSoC5/cyfitter_cfg.c **** *  performs all of the necessary device configuration based on the design
 287:.\Generated_Source\PSoC5/cyfitter_cfg.c **** *  settings.  This includes settings from the Design Wide Resources (DWR) such
 288:.\Generated_Source\PSoC5/cyfitter_cfg.c **** *  as Clocks and Pins as well as any component configuration that is necessary.
 289:.\Generated_Source\PSoC5/cyfitter_cfg.c **** *
 290:.\Generated_Source\PSoC5/cyfitter_cfg.c **** * Parameters:  
 291:.\Generated_Source\PSoC5/cyfitter_cfg.c **** *   void
 292:.\Generated_Source\PSoC5/cyfitter_cfg.c **** *
 293:.\Generated_Source\PSoC5/cyfitter_cfg.c **** * Return:
 294:.\Generated_Source\PSoC5/cyfitter_cfg.c **** *   void
 295:.\Generated_Source\PSoC5/cyfitter_cfg.c **** *
 296:.\Generated_Source\PSoC5/cyfitter_cfg.c **** *******************************************************************************/
 297:.\Generated_Source\PSoC5/cyfitter_cfg.c **** void cyfitter_cfg(void)
 298:.\Generated_Source\PSoC5/cyfitter_cfg.c **** {
 432              		.loc 1 298 0
 433              		.cfi_startproc
 434              		@ args = 0, pretend = 0, frame = 8
 435              		@ frame_needed = 1, uses_anonymous_args = 0
 436 0000 80B5     		push	{r7, lr}
 437              	.LCFI15:
 438              		.cfi_def_cfa_offset 8
 439 0002 82B0     		sub	sp, sp, #8
ARM GAS  C:\Users\Kojo\AppData\Local\Temp\ccGWmNRH.s 			page 14


 440              	.LCFI16:
 441              		.cfi_def_cfa_offset 16
 442 0004 00AF     		add	r7, sp, #0
 443              		.cfi_offset 14, -4
 444              		.cfi_offset 7, -8
 445              	.LCFI17:
 446              		.cfi_def_cfa_register 7
 299:.\Generated_Source\PSoC5/cyfitter_cfg.c **** #ifdef CYGlobalIntDisable
 300:.\Generated_Source\PSoC5/cyfitter_cfg.c **** 	/* Disable interrupts by default. Let user enable if/when they want. */
 301:.\Generated_Source\PSoC5/cyfitter_cfg.c **** 	CYGlobalIntDisable;
 447              		.loc 1 301 0
 448              	@ 301 ".\Generated_Source\PSoC5\cyfitter_cfg.c" 1
 449 0006 72B6     		CPSID   i
 450              	@ 0 "" 2
 302:.\Generated_Source\PSoC5/cyfitter_cfg.c **** #endif
 303:.\Generated_Source\PSoC5/cyfitter_cfg.c **** 
 304:.\Generated_Source\PSoC5/cyfitter_cfg.c **** 	/* Enable/Disable Debug functionality based on settings from System DWR */
 305:.\Generated_Source\PSoC5/cyfitter_cfg.c **** 	CY_SET_XTND_REG8(CYREG_MLOGIC_DEBUG, (CY_GET_XTND_REG8(CYREG_MLOGIC_DEBUG) | 0x04));
 451              		.loc 1 305 0
 452              		.thumb
 453 0008 44F2E863 		movw	r3, #:lower16:1073759976
 454 000c C4F20003 		movt	r3, #:upper16:1073759976
 455 0010 44F2E862 		movw	r2, #:lower16:1073759976
 456 0014 C4F20002 		movt	r2, #:upper16:1073759976
 457 0018 1278     		ldrb	r2, [r2, #0]
 458 001a D2B2     		uxtb	r2, r2
 459 001c 42F00402 		orr	r2, r2, #4
 460 0020 D2B2     		uxtb	r2, r2
 461 0022 1A70     		strb	r2, [r3, #0]
 462              	.LBB3:
 306:.\Generated_Source\PSoC5/cyfitter_cfg.c **** 
 307:.\Generated_Source\PSoC5/cyfitter_cfg.c **** 	{
 308:.\Generated_Source\PSoC5/cyfitter_cfg.c **** 		uint8 CYDATA i;
 309:.\Generated_Source\PSoC5/cyfitter_cfg.c **** 
 310:.\Generated_Source\PSoC5/cyfitter_cfg.c **** 		/* Zero out critical memory blocks before beginning configuration */
 311:.\Generated_Source\PSoC5/cyfitter_cfg.c **** 		for (i = 0; i < CFG_MEMSET_COUNT; i++)
 463              		.loc 1 311 0
 464 0024 4FF00003 		mov	r3, #0
 465 0028 FB70     		strb	r3, [r7, #3]
 466 002a 31E0     		b	.L22
 467              	.L23:
 468              	.LBB4:
 312:.\Generated_Source\PSoC5/cyfitter_cfg.c **** 		{
 313:.\Generated_Source\PSoC5/cyfitter_cfg.c **** 			const cfg_memset_t CYCODE * CYDATA ms = &cfg_memset_list[i];
 469              		.loc 1 313 0
 470 002c FA78     		ldrb	r2, [r7, #3]	@ zero_extendqisi2
 471 002e 1346     		mov	r3, r2
 472 0030 4FEA4303 		lsl	r3, r3, #1
 473 0034 1344     		add	r3, r3, r2
 474 0036 4FEA4303 		lsl	r3, r3, #1
 475 003a 1A46     		mov	r2, r3
 476 003c 40F20003 		movw	r3, #:lower16:cfg_memset_list
 477 0040 C0F20003 		movt	r3, #:upper16:cfg_memset_list
 478 0044 1344     		add	r3, r2, r3
 479 0046 7B60     		str	r3, [r7, #4]
 314:.\Generated_Source\PSoC5/cyfitter_cfg.c **** 			CYMEMZERO(ms->address, ms->size);
 480              		.loc 1 314 0
ARM GAS  C:\Users\Kojo\AppData\Local\Temp\ccGWmNRH.s 			page 15


 481 0048 7B68     		ldr	r3, [r7, #4]
 482 004a 1A78     		ldrb	r2, [r3, #0]	@ zero_extendqisi2
 483 004c 5978     		ldrb	r1, [r3, #1]	@ zero_extendqisi2
 484 004e 4FEA0121 		lsl	r1, r1, #8
 485 0052 41EA0202 		orr	r2, r1, r2
 486 0056 9978     		ldrb	r1, [r3, #2]	@ zero_extendqisi2
 487 0058 4FEA0141 		lsl	r1, r1, #16
 488 005c 41EA0202 		orr	r2, r1, r2
 489 0060 DB78     		ldrb	r3, [r3, #3]	@ zero_extendqisi2
 490 0062 4FEA0363 		lsl	r3, r3, #24
 491 0066 43EA0203 		orr	r3, r3, r2
 492 006a 1A46     		mov	r2, r3
 493 006c 7B68     		ldr	r3, [r7, #4]
 494 006e 1979     		ldrb	r1, [r3, #4]	@ zero_extendqisi2
 495 0070 5B79     		ldrb	r3, [r3, #5]	@ zero_extendqisi2
 496 0072 4FEA0323 		lsl	r3, r3, #8
 497 0076 43EA0103 		orr	r3, r3, r1
 498 007a 9BB2     		uxth	r3, r3
 499 007c 1046     		mov	r0, r2
 500 007e 4FF00001 		mov	r1, #0
 501 0082 1A46     		mov	r2, r3
 502 0084 FFF7FEFF 		bl	memset
 503              	.LBE4:
 504              		.loc 1 311 0
 505 0088 FB78     		ldrb	r3, [r7, #3]
 506 008a 03F10103 		add	r3, r3, #1
 507 008e FB70     		strb	r3, [r7, #3]
 508              	.L22:
 509 0090 FB78     		ldrb	r3, [r7, #3]	@ zero_extendqisi2
 510 0092 082B     		cmp	r3, #8
 511 0094 CAD9     		bls	.L23
 315:.\Generated_Source\PSoC5/cyfitter_cfg.c **** 		}
 316:.\Generated_Source\PSoC5/cyfitter_cfg.c **** 
 317:.\Generated_Source\PSoC5/cyfitter_cfg.c **** 		cfg_write_bytes32();
 512              		.loc 1 317 0
 513 0096 FFF7FEFF 		bl	cfg_write_bytes32
 318:.\Generated_Source\PSoC5/cyfitter_cfg.c **** 
 319:.\Generated_Source\PSoC5/cyfitter_cfg.c **** 		/* Enable digital routing */
 320:.\Generated_Source\PSoC5/cyfitter_cfg.c **** 		CY_SET_XTND_REG8(CYREG_BCTL0_BANK_CTL, CY_GET_XTND_REG8(CYREG_BCTL0_BANK_CTL) | 0x02u);
 514              		.loc 1 320 0
 515 009a 45F20303 		movw	r3, #:lower16:1073827843
 516 009e C4F20103 		movt	r3, #:upper16:1073827843
 517 00a2 45F20302 		movw	r2, #:lower16:1073827843
 518 00a6 C4F20102 		movt	r2, #:upper16:1073827843
 519 00aa 1278     		ldrb	r2, [r2, #0]
 520 00ac D2B2     		uxtb	r2, r2
 521 00ae 42F00202 		orr	r2, r2, #2
 522 00b2 D2B2     		uxtb	r2, r2
 523 00b4 1A70     		strb	r2, [r3, #0]
 321:.\Generated_Source\PSoC5/cyfitter_cfg.c **** 		CY_SET_XTND_REG8(CYREG_BCTL1_BANK_CTL, CY_GET_XTND_REG8(CYREG_BCTL1_BANK_CTL) | 0x02u);
 524              		.loc 1 321 0
 525 00b6 45F21303 		movw	r3, #:lower16:1073827859
 526 00ba C4F20103 		movt	r3, #:upper16:1073827859
 527 00be 45F21302 		movw	r2, #:lower16:1073827859
 528 00c2 C4F20102 		movt	r2, #:upper16:1073827859
 529 00c6 1278     		ldrb	r2, [r2, #0]
 530 00c8 D2B2     		uxtb	r2, r2
ARM GAS  C:\Users\Kojo\AppData\Local\Temp\ccGWmNRH.s 			page 16


 531 00ca 42F00202 		orr	r2, r2, #2
 532 00ce D2B2     		uxtb	r2, r2
 533 00d0 1A70     		strb	r2, [r3, #0]
 322:.\Generated_Source\PSoC5/cyfitter_cfg.c **** 
 323:.\Generated_Source\PSoC5/cyfitter_cfg.c **** 		/* Enable UDB array */
 324:.\Generated_Source\PSoC5/cyfitter_cfg.c **** 		CY_SET_XTND_REG8(CYREG_PM_ACT_CFG0, CY_GET_XTND_REG8(CYREG_PM_ACT_CFG0) | 0x40u);
 534              		.loc 1 324 0
 535 00d2 44F2A033 		movw	r3, #:lower16:1073759136
 536 00d6 C4F20003 		movt	r3, #:upper16:1073759136
 537 00da 44F2A032 		movw	r2, #:lower16:1073759136
 538 00de C4F20002 		movt	r2, #:upper16:1073759136
 539 00e2 1278     		ldrb	r2, [r2, #0]
 540 00e4 D2B2     		uxtb	r2, r2
 541 00e6 42F04002 		orr	r2, r2, #64
 542 00ea D2B2     		uxtb	r2, r2
 543 00ec 1A70     		strb	r2, [r3, #0]
 325:.\Generated_Source\PSoC5/cyfitter_cfg.c **** 		CY_SET_XTND_REG8(CYREG_PM_AVAIL_CR2, CY_GET_XTND_REG8(CYREG_PM_AVAIL_CR2) | 0x10u);
 544              		.loc 1 325 0
 545 00ee 44F2C233 		movw	r3, #:lower16:1073759170
 546 00f2 C4F20003 		movt	r3, #:upper16:1073759170
 547 00f6 44F2C232 		movw	r2, #:lower16:1073759170
 548 00fa C4F20002 		movt	r2, #:upper16:1073759170
 549 00fe 1278     		ldrb	r2, [r2, #0]
 550 0100 D2B2     		uxtb	r2, r2
 551 0102 42F01002 		orr	r2, r2, #16
 552 0106 D2B2     		uxtb	r2, r2
 553 0108 1A70     		strb	r2, [r3, #0]
 554              	.LBE3:
 326:.\Generated_Source\PSoC5/cyfitter_cfg.c **** 	}
 327:.\Generated_Source\PSoC5/cyfitter_cfg.c **** 
 328:.\Generated_Source\PSoC5/cyfitter_cfg.c **** 	/* Perform second pass device configuration. These items must be configured in specific order afte
 329:.\Generated_Source\PSoC5/cyfitter_cfg.c **** 	CYCONFIGCPY((void CYFAR *)(CYREG_PRT2_DM0), (void CYFAR *)(BS_IOPINS0_2_VAL), 8);
 555              		.loc 1 329 0
 556 010a 45F22210 		movw	r0, #:lower16:1073762594
 557 010e C4F20000 		movt	r0, #:upper16:1073762594
 558 0112 40F28431 		movw	r1, #:lower16:1207960452
 559 0116 C4F60001 		movt	r1, #:upper16:1207960452
 560 011a 4FF00802 		mov	r2, #8
 561 011e FFF7FEFF 		bl	memcpy
 330:.\Generated_Source\PSoC5/cyfitter_cfg.c **** 	CYCONFIGCPY((void CYFAR *)(CYREG_PRT6_DR), (void CYFAR *)(BS_IOPINS0_6_VAL), 10);
 562              		.loc 1 330 0
 563 0122 45F26010 		movw	r0, #:lower16:1073762656
 564 0126 C4F20000 		movt	r0, #:upper16:1073762656
 565 012a 40F28C31 		movw	r1, #:lower16:1207960460
 566 012e C4F60001 		movt	r1, #:upper16:1207960460
 567 0132 4FF00A02 		mov	r2, #10
 568 0136 FFF7FEFF 		bl	memcpy
 331:.\Generated_Source\PSoC5/cyfitter_cfg.c **** 
 332:.\Generated_Source\PSoC5/cyfitter_cfg.c **** 	/* Switch Boost to the precision bandgap reference from its internal reference */
 333:.\Generated_Source\PSoC5/cyfitter_cfg.c **** 	CY_SET_REG8(CYDEV_BOOST_CR2, (CY_GET_REG8(CYDEV_BOOST_CR2) | 0x08));
 569              		.loc 1 333 0
 570 013a 44F22233 		movw	r3, #:lower16:1073759010
 571 013e C4F20003 		movt	r3, #:upper16:1073759010
 572 0142 44F22232 		movw	r2, #:lower16:1073759010
 573 0146 C4F20002 		movt	r2, #:upper16:1073759010
 574 014a 1278     		ldrb	r2, [r2, #0]
 575 014c D2B2     		uxtb	r2, r2
ARM GAS  C:\Users\Kojo\AppData\Local\Temp\ccGWmNRH.s 			page 17


 576 014e 42F00802 		orr	r2, r2, #8
 577 0152 D2B2     		uxtb	r2, r2
 578 0154 1A70     		strb	r2, [r3, #0]
 334:.\Generated_Source\PSoC5/cyfitter_cfg.c **** 
 335:.\Generated_Source\PSoC5/cyfitter_cfg.c **** 	/* Set Flash Cycles based on max possible frequency in case a glitch occurs during ClockSetup(). *
 336:.\Generated_Source\PSoC5/cyfitter_cfg.c **** 	CY_SET_XTND_REG8((void CYFAR *)(CYREG_CACHE_CC_CTL), ((CYDEV_INSTRUCT_CACHE_ENABLED) ? 0x01 : 0x00
 579              		.loc 1 336 0
 580 0156 44F60003 		movw	r3, #:lower16:1073760256
 581 015a C4F20003 		movt	r3, #:upper16:1073760256
 582 015e 4FF00102 		mov	r2, #1
 583 0162 1A70     		strb	r2, [r3, #0]
 337:.\Generated_Source\PSoC5/cyfitter_cfg.c **** 	/* Setup clocks based on selections from Clock DWR */
 338:.\Generated_Source\PSoC5/cyfitter_cfg.c **** 	ClockSetup();
 584              		.loc 1 338 0
 585 0164 FFF7FEFF 		bl	ClockSetup
 339:.\Generated_Source\PSoC5/cyfitter_cfg.c **** 	/* Set Flash Cycles based on newly configured 24.00MHz Bus Clock. */
 340:.\Generated_Source\PSoC5/cyfitter_cfg.c **** 	CY_SET_XTND_REG8((void CYFAR *)(CYREG_CACHE_CC_CTL), ((CYDEV_INSTRUCT_CACHE_ENABLED) ? 0x81 : 0x80
 586              		.loc 1 340 0
 587 0168 44F60003 		movw	r3, #:lower16:1073760256
 588 016c C4F20003 		movt	r3, #:upper16:1073760256
 589 0170 6FF07E02 		mvn	r2, #126
 590 0174 1A70     		strb	r2, [r3, #0]
 341:.\Generated_Source\PSoC5/cyfitter_cfg.c **** 	CY_SET_XTND_REG8((void CYFAR *)(CYREG_PANTHER_WAITPIPE), 0x01);
 591              		.loc 1 341 0
 592 0176 40F20403 		movw	r3, #:lower16:1074266116
 593 017a C4F20803 		movt	r3, #:upper16:1074266116
 594 017e 4FF00102 		mov	r2, #1
 595 0182 1A70     		strb	r2, [r3, #0]
 342:.\Generated_Source\PSoC5/cyfitter_cfg.c **** 
 343:.\Generated_Source\PSoC5/cyfitter_cfg.c **** 	/* Perform basic analog initialization to defaults */
 344:.\Generated_Source\PSoC5/cyfitter_cfg.c **** 	AnalogSetDefault();
 596              		.loc 1 344 0
 597 0184 FFF7FEFF 		bl	AnalogSetDefault
 345:.\Generated_Source\PSoC5/cyfitter_cfg.c **** 
 346:.\Generated_Source\PSoC5/cyfitter_cfg.c **** 	/* Configure alternate active mode */
 347:.\Generated_Source\PSoC5/cyfitter_cfg.c **** 	CYCONFIGCPY((void CYFAR *)CYDEV_PM_STBY_BASE, (void CYFAR *)CYDEV_PM_ACT_BASE, 14);
 598              		.loc 1 347 0
 599 0188 44F2B030 		movw	r0, #:lower16:1073759152
 600 018c C4F20000 		movt	r0, #:upper16:1073759152
 601 0190 44F2A031 		movw	r1, #:lower16:1073759136
 602 0194 C4F20001 		movt	r1, #:upper16:1073759136
 603 0198 4FF00E02 		mov	r2, #14
 604 019c FFF7FEFF 		bl	memcpy
 348:.\Generated_Source\PSoC5/cyfitter_cfg.c **** }
 605              		.loc 1 348 0
 606 01a0 07F10807 		add	r7, r7, #8
 607 01a4 BD46     		mov	sp, r7
 608 01a6 80BD     		pop	{r7, pc}
 609              		.cfi_endproc
 610              	.LFE5:
 611              		.size	cyfitter_cfg, .-cyfitter_cfg
 612              		.text
 613              	.Letext0:
 614              		.section	.debug_loc,"",%progbits
 615              	.Ldebug_loc0:
 616              	.LLST0:
 617 0000 00000000 		.4byte	.LFB0
ARM GAS  C:\Users\Kojo\AppData\Local\Temp\ccGWmNRH.s 			page 18


 618 0004 02000000 		.4byte	.LCFI0
 619 0008 0100     		.2byte	0x1
 620 000a 5D       		.byte	0x5d
 621 000b 02000000 		.4byte	.LCFI0
 622 000f 04000000 		.4byte	.LCFI1
 623 0013 0200     		.2byte	0x2
 624 0015 7D       		.byte	0x7d
 625 0016 04       		.sleb128 4
 626 0017 04000000 		.4byte	.LCFI1
 627 001b 06000000 		.4byte	.LCFI2
 628 001f 0200     		.2byte	0x2
 629 0021 7D       		.byte	0x7d
 630 0022 10       		.sleb128 16
 631 0023 06000000 		.4byte	.LCFI2
 632 0027 0C000000 		.4byte	.LFE0
 633 002b 0200     		.2byte	0x2
 634 002d 77       		.byte	0x77
 635 002e 10       		.sleb128 16
 636 002f 00000000 		.4byte	0x0
 637 0033 00000000 		.4byte	0x0
 638              	.LLST1:
 639 0037 00000000 		.4byte	.LFB1
 640 003b 02000000 		.4byte	.LCFI3
 641 003f 0100     		.2byte	0x1
 642 0041 5D       		.byte	0x5d
 643 0042 02000000 		.4byte	.LCFI3
 644 0046 04000000 		.4byte	.LCFI4
 645 004a 0200     		.2byte	0x2
 646 004c 7D       		.byte	0x7d
 647 004d 04       		.sleb128 4
 648 004e 04000000 		.4byte	.LCFI4
 649 0052 06000000 		.4byte	.LCFI5
 650 0056 0200     		.2byte	0x2
 651 0058 7D       		.byte	0x7d
 652 0059 18       		.sleb128 24
 653 005a 06000000 		.4byte	.LCFI5
 654 005e 92000000 		.4byte	.LFE1
 655 0062 0200     		.2byte	0x2
 656 0064 77       		.byte	0x77
 657 0065 18       		.sleb128 24
 658 0066 00000000 		.4byte	0x0
 659 006a 00000000 		.4byte	0x0
 660              	.LLST2:
 661 006e 00000000 		.4byte	.LFB2
 662 0072 02000000 		.4byte	.LCFI6
 663 0076 0100     		.2byte	0x1
 664 0078 5D       		.byte	0x5d
 665 0079 02000000 		.4byte	.LCFI6
 666 007d 04000000 		.4byte	.LCFI7
 667 0081 0200     		.2byte	0x2
 668 0083 7D       		.byte	0x7d
 669 0084 08       		.sleb128 8
 670 0085 04000000 		.4byte	.LCFI7
 671 0089 06000000 		.4byte	.LCFI8
 672 008d 0200     		.2byte	0x2
 673 008f 7D       		.byte	0x7d
 674 0090 18       		.sleb128 24
ARM GAS  C:\Users\Kojo\AppData\Local\Temp\ccGWmNRH.s 			page 19


 675 0091 06000000 		.4byte	.LCFI8
 676 0095 48010000 		.4byte	.LFE2
 677 0099 0200     		.2byte	0x2
 678 009b 77       		.byte	0x77
 679 009c 18       		.sleb128 24
 680 009d 00000000 		.4byte	0x0
 681 00a1 00000000 		.4byte	0x0
 682              	.LLST3:
 683 00a5 00000000 		.4byte	.LFB3
 684 00a9 02000000 		.4byte	.LCFI9
 685 00ad 0100     		.2byte	0x1
 686 00af 5D       		.byte	0x5d
 687 00b0 02000000 		.4byte	.LCFI9
 688 00b4 04000000 		.4byte	.LCFI10
 689 00b8 0200     		.2byte	0x2
 690 00ba 7D       		.byte	0x7d
 691 00bb 04       		.sleb128 4
 692 00bc 04000000 		.4byte	.LCFI10
 693 00c0 06000000 		.4byte	.LCFI11
 694 00c4 0200     		.2byte	0x2
 695 00c6 7D       		.byte	0x7d
 696 00c7 10       		.sleb128 16
 697 00c8 06000000 		.4byte	.LCFI11
 698 00cc 4C000000 		.4byte	.LFE3
 699 00d0 0200     		.2byte	0x2
 700 00d2 77       		.byte	0x77
 701 00d3 10       		.sleb128 16
 702 00d4 00000000 		.4byte	0x0
 703 00d8 00000000 		.4byte	0x0
 704              	.LLST4:
 705 00dc 00000000 		.4byte	.LFB4
 706 00e0 02000000 		.4byte	.LCFI12
 707 00e4 0100     		.2byte	0x1
 708 00e6 5D       		.byte	0x5d
 709 00e7 02000000 		.4byte	.LCFI12
 710 00eb 04000000 		.4byte	.LCFI13
 711 00ef 0200     		.2byte	0x2
 712 00f1 7D       		.byte	0x7d
 713 00f2 04       		.sleb128 4
 714 00f3 04000000 		.4byte	.LCFI13
 715 00f7 06000000 		.4byte	.LCFI14
 716 00fb 0200     		.2byte	0x2
 717 00fd 7D       		.byte	0x7d
 718 00fe 18       		.sleb128 24
 719 00ff 06000000 		.4byte	.LCFI14
 720 0103 30000000 		.4byte	.LFE4
 721 0107 0200     		.2byte	0x2
 722 0109 77       		.byte	0x77
 723 010a 18       		.sleb128 24
 724 010b 00000000 		.4byte	0x0
 725 010f 00000000 		.4byte	0x0
 726              	.LLST5:
 727 0113 00000000 		.4byte	.LFB5
 728 0117 02000000 		.4byte	.LCFI15
 729 011b 0100     		.2byte	0x1
 730 011d 5D       		.byte	0x5d
 731 011e 02000000 		.4byte	.LCFI15
ARM GAS  C:\Users\Kojo\AppData\Local\Temp\ccGWmNRH.s 			page 20


 732 0122 04000000 		.4byte	.LCFI16
 733 0126 0200     		.2byte	0x2
 734 0128 7D       		.byte	0x7d
 735 0129 08       		.sleb128 8
 736 012a 04000000 		.4byte	.LCFI16
 737 012e 06000000 		.4byte	.LCFI17
 738 0132 0200     		.2byte	0x2
 739 0134 7D       		.byte	0x7d
 740 0135 10       		.sleb128 16
 741 0136 06000000 		.4byte	.LCFI17
 742 013a A8010000 		.4byte	.LFE5
 743 013e 0200     		.2byte	0x2
 744 0140 77       		.byte	0x77
 745 0141 10       		.sleb128 16
 746 0142 00000000 		.4byte	0x0
 747 0146 00000000 		.4byte	0x0
 748              		.file 2 "./Generated_Source/PSoC5/cytypes.h"
 749              		.section	.debug_info
 750 0000 9B020000 		.4byte	0x29b
 751 0004 0200     		.2byte	0x2
 752 0006 00000000 		.4byte	.Ldebug_abbrev0
 753 000a 04       		.byte	0x4
 754 000b 01       		.uleb128 0x1
 755 000c 66010000 		.4byte	.LASF34
 756 0010 01       		.byte	0x1
 757 0011 93010000 		.4byte	.LASF35
 758 0015 E6000000 		.4byte	.LASF36
 759 0019 00000000 		.4byte	0x0
 760 001d 00000000 		.4byte	0x0
 761 0021 00000000 		.4byte	.Ldebug_ranges0+0x0
 762 0025 00000000 		.4byte	.Ldebug_line0
 763 0029 02       		.uleb128 0x2
 764 002a 01       		.byte	0x1
 765 002b 06       		.byte	0x6
 766 002c DB010000 		.4byte	.LASF0
 767 0030 02       		.uleb128 0x2
 768 0031 01       		.byte	0x1
 769 0032 08       		.byte	0x8
 770 0033 B5000000 		.4byte	.LASF1
 771 0037 02       		.uleb128 0x2
 772 0038 02       		.byte	0x2
 773 0039 05       		.byte	0x5
 774 003a 89010000 		.4byte	.LASF2
 775 003e 02       		.uleb128 0x2
 776 003f 02       		.byte	0x2
 777 0040 07       		.byte	0x7
 778 0041 36000000 		.4byte	.LASF3
 779 0045 03       		.uleb128 0x3
 780 0046 04       		.byte	0x4
 781 0047 05       		.byte	0x5
 782 0048 696E7400 		.ascii	"int\000"
 783 004c 02       		.uleb128 0x2
 784 004d 04       		.byte	0x4
 785 004e 07       		.byte	0x7
 786 004f 24010000 		.4byte	.LASF4
 787 0053 02       		.uleb128 0x2
 788 0054 08       		.byte	0x8
ARM GAS  C:\Users\Kojo\AppData\Local\Temp\ccGWmNRH.s 			page 21


 789 0055 05       		.byte	0x5
 790 0056 00000000 		.4byte	.LASF5
 791 005a 02       		.uleb128 0x2
 792 005b 08       		.byte	0x8
 793 005c 07       		.byte	0x7
 794 005d 39010000 		.4byte	.LASF6
 795 0061 02       		.uleb128 0x2
 796 0062 04       		.byte	0x4
 797 0063 05       		.byte	0x5
 798 0064 BB010000 		.4byte	.LASF7
 799 0068 04       		.uleb128 0x4
 800 0069 04       		.byte	0x4
 801 006a 07       		.byte	0x7
 802 006b 05       		.uleb128 0x5
 803 006c 04       		.byte	0x4
 804 006d 02       		.uleb128 0x2
 805 006e 04       		.byte	0x4
 806 006f 07       		.byte	0x7
 807 0070 7A000000 		.4byte	.LASF8
 808 0074 02       		.uleb128 0x2
 809 0075 01       		.byte	0x1
 810 0076 08       		.byte	0x8
 811 0077 C4010000 		.4byte	.LASF9
 812 007b 06       		.uleb128 0x6
 813 007c 8C000000 		.4byte	.LASF10
 814 0080 02       		.byte	0x2
 815 0081 60       		.byte	0x60
 816 0082 30000000 		.4byte	0x30
 817 0086 06       		.uleb128 0x6
 818 0087 DF000000 		.4byte	.LASF11
 819 008b 02       		.byte	0x2
 820 008c 61       		.byte	0x61
 821 008d 3E000000 		.4byte	0x3e
 822 0091 06       		.uleb128 0x6
 823 0092 1D010000 		.4byte	.LASF12
 824 0096 02       		.byte	0x2
 825 0097 62       		.byte	0x62
 826 0098 6D000000 		.4byte	0x6d
 827 009c 07       		.uleb128 0x7
 828 009d 06       		.byte	0x6
 829 009e 01       		.byte	0x1
 830 009f 5F       		.byte	0x5f
 831 00a0 C1000000 		.4byte	0xc1
 832 00a4 08       		.uleb128 0x8
 833 00a5 31010000 		.4byte	.LASF13
 834 00a9 01       		.byte	0x1
 835 00aa 60       		.byte	0x60
 836 00ab 6B000000 		.4byte	0x6b
 837 00af 02       		.byte	0x2
 838 00b0 23       		.byte	0x23
 839 00b1 00       		.uleb128 0x0
 840 00b2 08       		.uleb128 0x8
 841 00b3 75000000 		.4byte	.LASF14
 842 00b7 01       		.byte	0x1
 843 00b8 61       		.byte	0x61
 844 00b9 86000000 		.4byte	0x86
 845 00bd 02       		.byte	0x2
ARM GAS  C:\Users\Kojo\AppData\Local\Temp\ccGWmNRH.s 			page 22


 846 00be 23       		.byte	0x23
 847 00bf 04       		.uleb128 0x4
 848 00c0 00       		.byte	0x0
 849 00c1 06       		.uleb128 0x6
 850 00c2 50010000 		.4byte	.LASF15
 851 00c6 01       		.byte	0x1
 852 00c7 62       		.byte	0x62
 853 00c8 9C000000 		.4byte	0x9c
 854 00cc 07       		.uleb128 0x7
 855 00cd 02       		.byte	0x2
 856 00ce 01       		.byte	0x1
 857 00cf 7C       		.byte	0x7c
 858 00d0 F1000000 		.4byte	0xf1
 859 00d4 08       		.uleb128 0x8
 860 00d5 7A010000 		.4byte	.LASF16
 861 00d9 01       		.byte	0x1
 862 00da 7D       		.byte	0x7d
 863 00db 7B000000 		.4byte	0x7b
 864 00df 02       		.byte	0x2
 865 00e0 23       		.byte	0x23
 866 00e1 00       		.uleb128 0x0
 867 00e2 08       		.uleb128 0x8
 868 00e3 1F000000 		.4byte	.LASF17
 869 00e7 01       		.byte	0x1
 870 00e8 7E       		.byte	0x7e
 871 00e9 7B000000 		.4byte	0x7b
 872 00ed 02       		.byte	0x2
 873 00ee 23       		.byte	0x23
 874 00ef 01       		.uleb128 0x1
 875 00f0 00       		.byte	0x0
 876 00f1 09       		.uleb128 0x9
 877 00f2 51000000 		.4byte	.LASF18
 878 00f6 01       		.byte	0x1
 879 00f7 30       		.byte	0x30
 880 00f8 01       		.byte	0x1
 881 00f9 00000000 		.4byte	.LFB0
 882 00fd 0C000000 		.4byte	.LFE0
 883 0101 00000000 		.4byte	.LLST0
 884 0105 18010000 		.4byte	0x118
 885 0109 0A       		.uleb128 0xa
 886 010a 13010000 		.4byte	.LASF29
 887 010e 01       		.byte	0x1
 888 010f 30       		.byte	0x30
 889 0110 7B000000 		.4byte	0x7b
 890 0114 02       		.byte	0x2
 891 0115 91       		.byte	0x91
 892 0116 77       		.sleb128 -9
 893 0117 00       		.byte	0x0
 894 0118 09       		.uleb128 0x9
 895 0119 CD000000 		.4byte	.LASF19
 896 011d 01       		.byte	0x1
 897 011e 9A       		.byte	0x9a
 898 011f 01       		.byte	0x1
 899 0120 00000000 		.4byte	.LFB1
 900 0124 92000000 		.4byte	.LFE1
 901 0128 37000000 		.4byte	.LLST1
 902 012c 6F010000 		.4byte	0x16f
ARM GAS  C:\Users\Kojo\AppData\Local\Temp\ccGWmNRH.s 			page 23


 903 0130 0B       		.uleb128 0xb
 904 0131 6900     		.ascii	"i\000"
 905 0133 01       		.byte	0x1
 906 0134 9C       		.byte	0x9c
 907 0135 4C000000 		.4byte	0x4c
 908 0139 02       		.byte	0x2
 909 013a 91       		.byte	0x91
 910 013b 68       		.sleb128 -24
 911 013c 0B       		.uleb128 0xb
 912 013d 6A00     		.ascii	"j\000"
 913 013f 01       		.byte	0x1
 914 0140 9C       		.byte	0x9c
 915 0141 4C000000 		.4byte	0x4c
 916 0145 02       		.byte	0x2
 917 0146 91       		.byte	0x91
 918 0147 6C       		.sleb128 -20
 919 0148 0C       		.uleb128 0xc
 920 0149 14000000 		.4byte	.LBB2
 921 014d 7A000000 		.4byte	.LBE2
 922 0151 0D       		.uleb128 0xd
 923 0152 5D010000 		.4byte	.LASF20
 924 0156 01       		.byte	0x1
 925 0157 9F       		.byte	0x9f
 926 0158 91000000 		.4byte	0x91
 927 015c 02       		.byte	0x2
 928 015d 91       		.byte	0x91
 929 015e 70       		.sleb128 -16
 930 015f 0D       		.uleb128 0xd
 931 0160 25000000 		.4byte	.LASF21
 932 0164 01       		.byte	0x1
 933 0165 A0       		.byte	0xa0
 934 0166 7B000000 		.4byte	0x7b
 935 016a 02       		.byte	0x2
 936 016b 91       		.byte	0x91
 937 016c 77       		.sleb128 -9
 938 016d 00       		.byte	0x0
 939 016e 00       		.byte	0x0
 940 016f 09       		.uleb128 0x9
 941 0170 2B000000 		.4byte	.LASF22
 942 0174 01       		.byte	0x1
 943 0175 BA       		.byte	0xba
 944 0176 01       		.byte	0x1
 945 0177 00000000 		.4byte	.LFB2
 946 017b 48010000 		.4byte	.LFE2
 947 017f 6E000000 		.4byte	.LLST2
 948 0183 B2010000 		.4byte	0x1b2
 949 0187 0D       		.uleb128 0xd
 950 0188 72010000 		.4byte	.LASF23
 951 018c 01       		.byte	0x1
 952 018d BC       		.byte	0xbc
 953 018e B2010000 		.4byte	0x1b2
 954 0192 02       		.byte	0x2
 955 0193 91       		.byte	0x91
 956 0194 70       		.sleb128 -16
 957 0195 0D       		.uleb128 0xd
 958 0196 C3000000 		.4byte	.LASF24
 959 019a 01       		.byte	0x1
ARM GAS  C:\Users\Kojo\AppData\Local\Temp\ccGWmNRH.s 			page 24


 960 019b BD       		.byte	0xbd
 961 019c B7010000 		.4byte	0x1b7
 962 01a0 02       		.byte	0x2
 963 01a1 91       		.byte	0x91
 964 01a2 74       		.sleb128 -12
 965 01a3 0D       		.uleb128 0xd
 966 01a4 49000000 		.4byte	.LASF25
 967 01a8 01       		.byte	0x1
 968 01a9 BE       		.byte	0xbe
 969 01aa BD010000 		.4byte	0x1bd
 970 01ae 02       		.byte	0x2
 971 01af 91       		.byte	0x91
 972 01b0 6F       		.sleb128 -17
 973 01b1 00       		.byte	0x0
 974 01b2 0E       		.uleb128 0xe
 975 01b3 6D000000 		.4byte	0x6d
 976 01b7 0F       		.uleb128 0xf
 977 01b8 04       		.byte	0x4
 978 01b9 B2010000 		.4byte	0x1b2
 979 01bd 0E       		.uleb128 0xe
 980 01be 30000000 		.4byte	0x30
 981 01c2 10       		.uleb128 0x10
 982 01c3 01       		.byte	0x1
 983 01c4 0E000000 		.4byte	.LASF27
 984 01c8 01       		.byte	0x1
 985 01c9 F3       		.byte	0xf3
 986 01ca 01       		.byte	0x1
 987 01cb 00000000 		.4byte	.LFB3
 988 01cf 4C000000 		.4byte	.LFE3
 989 01d3 A5000000 		.4byte	.LLST3
 990 01d7 EA010000 		.4byte	0x1ea
 991 01db 0D       		.uleb128 0xd
 992 01dc C9010000 		.4byte	.LASF26
 993 01e0 01       		.byte	0x1
 994 01e1 F5       		.byte	0xf5
 995 01e2 7B000000 		.4byte	0x7b
 996 01e6 02       		.byte	0x2
 997 01e7 91       		.byte	0x91
 998 01e8 77       		.sleb128 -9
 999 01e9 00       		.byte	0x0
 1000 01ea 11       		.uleb128 0x11
 1001 01eb 01       		.byte	0x1
 1002 01ec 9F000000 		.4byte	.LASF28
 1003 01f0 01       		.byte	0x1
 1004 01f1 0C01     		.2byte	0x10c
 1005 01f3 01       		.byte	0x1
 1006 01f4 00000000 		.4byte	.LFB4
 1007 01f8 30000000 		.4byte	.LFE4
 1008 01fc DC000000 		.4byte	.LLST4
 1009 0200 23020000 		.4byte	0x223
 1010 0204 12       		.uleb128 0x12
 1011 0205 81010000 		.4byte	.LASF30
 1012 0209 01       		.byte	0x1
 1013 020a 0C01     		.2byte	0x10c
 1014 020c 7B000000 		.4byte	0x7b
 1015 0210 02       		.byte	0x2
 1016 0211 91       		.byte	0x91
ARM GAS  C:\Users\Kojo\AppData\Local\Temp\ccGWmNRH.s 			page 25


 1017 0212 6F       		.sleb128 -17
 1018 0213 13       		.uleb128 0x13
 1019 0214 E7010000 		.4byte	.LASF31
 1020 0218 01       		.byte	0x1
 1021 0219 0E01     		.2byte	0x10e
 1022 021b 7B000000 		.4byte	0x7b
 1023 021f 02       		.byte	0x2
 1024 0220 91       		.byte	0x91
 1025 0221 77       		.sleb128 -9
 1026 0222 00       		.byte	0x0
 1027 0223 11       		.uleb128 0x11
 1028 0224 01       		.byte	0x1
 1029 0225 92000000 		.4byte	.LASF32
 1030 0229 01       		.byte	0x1
 1031 022a 2901     		.2byte	0x129
 1032 022c 01       		.byte	0x1
 1033 022d 00000000 		.4byte	.LFB5
 1034 0231 A8010000 		.4byte	.LFE5
 1035 0235 13010000 		.4byte	.LLST5
 1036 0239 6D020000 		.4byte	0x26d
 1037 023d 0C       		.uleb128 0xc
 1038 023e 24000000 		.4byte	.LBB3
 1039 0242 0A010000 		.4byte	.LBE3
 1040 0246 14       		.uleb128 0x14
 1041 0247 6900     		.ascii	"i\000"
 1042 0249 01       		.byte	0x1
 1043 024a 3401     		.2byte	0x134
 1044 024c 7B000000 		.4byte	0x7b
 1045 0250 02       		.byte	0x2
 1046 0251 91       		.byte	0x91
 1047 0252 73       		.sleb128 -13
 1048 0253 0C       		.uleb128 0xc
 1049 0254 2C000000 		.4byte	.LBB4
 1050 0258 88000000 		.4byte	.LBE4
 1051 025c 14       		.uleb128 0x14
 1052 025d 6D7300   		.ascii	"ms\000"
 1053 0260 01       		.byte	0x1
 1054 0261 3901     		.2byte	0x139
 1055 0263 6D020000 		.4byte	0x26d
 1056 0267 02       		.byte	0x2
 1057 0268 91       		.byte	0x91
 1058 0269 74       		.sleb128 -12
 1059 026a 00       		.byte	0x0
 1060 026b 00       		.byte	0x0
 1061 026c 00       		.byte	0x0
 1062 026d 0F       		.uleb128 0xf
 1063 026e 04       		.byte	0x4
 1064 026f 73020000 		.4byte	0x273
 1065 0273 15       		.uleb128 0x15
 1066 0274 C1000000 		.4byte	0xc1
 1067 0278 16       		.uleb128 0x16
 1068 0279 C1000000 		.4byte	0xc1
 1069 027d 88020000 		.4byte	0x288
 1070 0281 17       		.uleb128 0x17
 1071 0282 68000000 		.4byte	0x68
 1072 0286 08       		.byte	0x8
 1073 0287 00       		.byte	0x0
ARM GAS  C:\Users\Kojo\AppData\Local\Temp\ccGWmNRH.s 			page 26


 1074 0288 0D       		.uleb128 0xd
 1075 0289 65000000 		.4byte	.LASF33
 1076 028d 01       		.byte	0x1
 1077 028e 6D       		.byte	0x6d
 1078 028f 99020000 		.4byte	0x299
 1079 0293 05       		.byte	0x5
 1080 0294 03       		.byte	0x3
 1081 0295 00000000 		.4byte	cfg_memset_list
 1082 0299 15       		.uleb128 0x15
 1083 029a 78020000 		.4byte	0x278
 1084 029e 00       		.byte	0x0
 1085              		.section	.debug_abbrev
 1086 0000 01       		.uleb128 0x1
 1087 0001 11       		.uleb128 0x11
 1088 0002 01       		.byte	0x1
 1089 0003 25       		.uleb128 0x25
 1090 0004 0E       		.uleb128 0xe
 1091 0005 13       		.uleb128 0x13
 1092 0006 0B       		.uleb128 0xb
 1093 0007 03       		.uleb128 0x3
 1094 0008 0E       		.uleb128 0xe
 1095 0009 1B       		.uleb128 0x1b
 1096 000a 0E       		.uleb128 0xe
 1097 000b 11       		.uleb128 0x11
 1098 000c 01       		.uleb128 0x1
 1099 000d 52       		.uleb128 0x52
 1100 000e 01       		.uleb128 0x1
 1101 000f 55       		.uleb128 0x55
 1102 0010 06       		.uleb128 0x6
 1103 0011 10       		.uleb128 0x10
 1104 0012 06       		.uleb128 0x6
 1105 0013 00       		.byte	0x0
 1106 0014 00       		.byte	0x0
 1107 0015 02       		.uleb128 0x2
 1108 0016 24       		.uleb128 0x24
 1109 0017 00       		.byte	0x0
 1110 0018 0B       		.uleb128 0xb
 1111 0019 0B       		.uleb128 0xb
 1112 001a 3E       		.uleb128 0x3e
 1113 001b 0B       		.uleb128 0xb
 1114 001c 03       		.uleb128 0x3
 1115 001d 0E       		.uleb128 0xe
 1116 001e 00       		.byte	0x0
 1117 001f 00       		.byte	0x0
 1118 0020 03       		.uleb128 0x3
 1119 0021 24       		.uleb128 0x24
 1120 0022 00       		.byte	0x0
 1121 0023 0B       		.uleb128 0xb
 1122 0024 0B       		.uleb128 0xb
 1123 0025 3E       		.uleb128 0x3e
 1124 0026 0B       		.uleb128 0xb
 1125 0027 03       		.uleb128 0x3
 1126 0028 08       		.uleb128 0x8
 1127 0029 00       		.byte	0x0
 1128 002a 00       		.byte	0x0
 1129 002b 04       		.uleb128 0x4
 1130 002c 24       		.uleb128 0x24
ARM GAS  C:\Users\Kojo\AppData\Local\Temp\ccGWmNRH.s 			page 27


 1131 002d 00       		.byte	0x0
 1132 002e 0B       		.uleb128 0xb
 1133 002f 0B       		.uleb128 0xb
 1134 0030 3E       		.uleb128 0x3e
 1135 0031 0B       		.uleb128 0xb
 1136 0032 00       		.byte	0x0
 1137 0033 00       		.byte	0x0
 1138 0034 05       		.uleb128 0x5
 1139 0035 0F       		.uleb128 0xf
 1140 0036 00       		.byte	0x0
 1141 0037 0B       		.uleb128 0xb
 1142 0038 0B       		.uleb128 0xb
 1143 0039 00       		.byte	0x0
 1144 003a 00       		.byte	0x0
 1145 003b 06       		.uleb128 0x6
 1146 003c 16       		.uleb128 0x16
 1147 003d 00       		.byte	0x0
 1148 003e 03       		.uleb128 0x3
 1149 003f 0E       		.uleb128 0xe
 1150 0040 3A       		.uleb128 0x3a
 1151 0041 0B       		.uleb128 0xb
 1152 0042 3B       		.uleb128 0x3b
 1153 0043 0B       		.uleb128 0xb
 1154 0044 49       		.uleb128 0x49
 1155 0045 13       		.uleb128 0x13
 1156 0046 00       		.byte	0x0
 1157 0047 00       		.byte	0x0
 1158 0048 07       		.uleb128 0x7
 1159 0049 13       		.uleb128 0x13
 1160 004a 01       		.byte	0x1
 1161 004b 0B       		.uleb128 0xb
 1162 004c 0B       		.uleb128 0xb
 1163 004d 3A       		.uleb128 0x3a
 1164 004e 0B       		.uleb128 0xb
 1165 004f 3B       		.uleb128 0x3b
 1166 0050 0B       		.uleb128 0xb
 1167 0051 01       		.uleb128 0x1
 1168 0052 13       		.uleb128 0x13
 1169 0053 00       		.byte	0x0
 1170 0054 00       		.byte	0x0
 1171 0055 08       		.uleb128 0x8
 1172 0056 0D       		.uleb128 0xd
 1173 0057 00       		.byte	0x0
 1174 0058 03       		.uleb128 0x3
 1175 0059 0E       		.uleb128 0xe
 1176 005a 3A       		.uleb128 0x3a
 1177 005b 0B       		.uleb128 0xb
 1178 005c 3B       		.uleb128 0x3b
 1179 005d 0B       		.uleb128 0xb
 1180 005e 49       		.uleb128 0x49
 1181 005f 13       		.uleb128 0x13
 1182 0060 38       		.uleb128 0x38
 1183 0061 0A       		.uleb128 0xa
 1184 0062 00       		.byte	0x0
 1185 0063 00       		.byte	0x0
 1186 0064 09       		.uleb128 0x9
 1187 0065 2E       		.uleb128 0x2e
ARM GAS  C:\Users\Kojo\AppData\Local\Temp\ccGWmNRH.s 			page 28


 1188 0066 01       		.byte	0x1
 1189 0067 03       		.uleb128 0x3
 1190 0068 0E       		.uleb128 0xe
 1191 0069 3A       		.uleb128 0x3a
 1192 006a 0B       		.uleb128 0xb
 1193 006b 3B       		.uleb128 0x3b
 1194 006c 0B       		.uleb128 0xb
 1195 006d 27       		.uleb128 0x27
 1196 006e 0C       		.uleb128 0xc
 1197 006f 11       		.uleb128 0x11
 1198 0070 01       		.uleb128 0x1
 1199 0071 12       		.uleb128 0x12
 1200 0072 01       		.uleb128 0x1
 1201 0073 40       		.uleb128 0x40
 1202 0074 06       		.uleb128 0x6
 1203 0075 01       		.uleb128 0x1
 1204 0076 13       		.uleb128 0x13
 1205 0077 00       		.byte	0x0
 1206 0078 00       		.byte	0x0
 1207 0079 0A       		.uleb128 0xa
 1208 007a 05       		.uleb128 0x5
 1209 007b 00       		.byte	0x0
 1210 007c 03       		.uleb128 0x3
 1211 007d 0E       		.uleb128 0xe
 1212 007e 3A       		.uleb128 0x3a
 1213 007f 0B       		.uleb128 0xb
 1214 0080 3B       		.uleb128 0x3b
 1215 0081 0B       		.uleb128 0xb
 1216 0082 49       		.uleb128 0x49
 1217 0083 13       		.uleb128 0x13
 1218 0084 02       		.uleb128 0x2
 1219 0085 0A       		.uleb128 0xa
 1220 0086 00       		.byte	0x0
 1221 0087 00       		.byte	0x0
 1222 0088 0B       		.uleb128 0xb
 1223 0089 34       		.uleb128 0x34
 1224 008a 00       		.byte	0x0
 1225 008b 03       		.uleb128 0x3
 1226 008c 08       		.uleb128 0x8
 1227 008d 3A       		.uleb128 0x3a
 1228 008e 0B       		.uleb128 0xb
 1229 008f 3B       		.uleb128 0x3b
 1230 0090 0B       		.uleb128 0xb
 1231 0091 49       		.uleb128 0x49
 1232 0092 13       		.uleb128 0x13
 1233 0093 02       		.uleb128 0x2
 1234 0094 0A       		.uleb128 0xa
 1235 0095 00       		.byte	0x0
 1236 0096 00       		.byte	0x0
 1237 0097 0C       		.uleb128 0xc
 1238 0098 0B       		.uleb128 0xb
 1239 0099 01       		.byte	0x1
 1240 009a 11       		.uleb128 0x11
 1241 009b 01       		.uleb128 0x1
 1242 009c 12       		.uleb128 0x12
 1243 009d 01       		.uleb128 0x1
 1244 009e 00       		.byte	0x0
ARM GAS  C:\Users\Kojo\AppData\Local\Temp\ccGWmNRH.s 			page 29


 1245 009f 00       		.byte	0x0
 1246 00a0 0D       		.uleb128 0xd
 1247 00a1 34       		.uleb128 0x34
 1248 00a2 00       		.byte	0x0
 1249 00a3 03       		.uleb128 0x3
 1250 00a4 0E       		.uleb128 0xe
 1251 00a5 3A       		.uleb128 0x3a
 1252 00a6 0B       		.uleb128 0xb
 1253 00a7 3B       		.uleb128 0x3b
 1254 00a8 0B       		.uleb128 0xb
 1255 00a9 49       		.uleb128 0x49
 1256 00aa 13       		.uleb128 0x13
 1257 00ab 02       		.uleb128 0x2
 1258 00ac 0A       		.uleb128 0xa
 1259 00ad 00       		.byte	0x0
 1260 00ae 00       		.byte	0x0
 1261 00af 0E       		.uleb128 0xe
 1262 00b0 35       		.uleb128 0x35
 1263 00b1 00       		.byte	0x0
 1264 00b2 49       		.uleb128 0x49
 1265 00b3 13       		.uleb128 0x13
 1266 00b4 00       		.byte	0x0
 1267 00b5 00       		.byte	0x0
 1268 00b6 0F       		.uleb128 0xf
 1269 00b7 0F       		.uleb128 0xf
 1270 00b8 00       		.byte	0x0
 1271 00b9 0B       		.uleb128 0xb
 1272 00ba 0B       		.uleb128 0xb
 1273 00bb 49       		.uleb128 0x49
 1274 00bc 13       		.uleb128 0x13
 1275 00bd 00       		.byte	0x0
 1276 00be 00       		.byte	0x0
 1277 00bf 10       		.uleb128 0x10
 1278 00c0 2E       		.uleb128 0x2e
 1279 00c1 01       		.byte	0x1
 1280 00c2 3F       		.uleb128 0x3f
 1281 00c3 0C       		.uleb128 0xc
 1282 00c4 03       		.uleb128 0x3
 1283 00c5 0E       		.uleb128 0xe
 1284 00c6 3A       		.uleb128 0x3a
 1285 00c7 0B       		.uleb128 0xb
 1286 00c8 3B       		.uleb128 0x3b
 1287 00c9 0B       		.uleb128 0xb
 1288 00ca 27       		.uleb128 0x27
 1289 00cb 0C       		.uleb128 0xc
 1290 00cc 11       		.uleb128 0x11
 1291 00cd 01       		.uleb128 0x1
 1292 00ce 12       		.uleb128 0x12
 1293 00cf 01       		.uleb128 0x1
 1294 00d0 40       		.uleb128 0x40
 1295 00d1 06       		.uleb128 0x6
 1296 00d2 01       		.uleb128 0x1
 1297 00d3 13       		.uleb128 0x13
 1298 00d4 00       		.byte	0x0
 1299 00d5 00       		.byte	0x0
 1300 00d6 11       		.uleb128 0x11
 1301 00d7 2E       		.uleb128 0x2e
ARM GAS  C:\Users\Kojo\AppData\Local\Temp\ccGWmNRH.s 			page 30


 1302 00d8 01       		.byte	0x1
 1303 00d9 3F       		.uleb128 0x3f
 1304 00da 0C       		.uleb128 0xc
 1305 00db 03       		.uleb128 0x3
 1306 00dc 0E       		.uleb128 0xe
 1307 00dd 3A       		.uleb128 0x3a
 1308 00de 0B       		.uleb128 0xb
 1309 00df 3B       		.uleb128 0x3b
 1310 00e0 05       		.uleb128 0x5
 1311 00e1 27       		.uleb128 0x27
 1312 00e2 0C       		.uleb128 0xc
 1313 00e3 11       		.uleb128 0x11
 1314 00e4 01       		.uleb128 0x1
 1315 00e5 12       		.uleb128 0x12
 1316 00e6 01       		.uleb128 0x1
 1317 00e7 40       		.uleb128 0x40
 1318 00e8 06       		.uleb128 0x6
 1319 00e9 01       		.uleb128 0x1
 1320 00ea 13       		.uleb128 0x13
 1321 00eb 00       		.byte	0x0
 1322 00ec 00       		.byte	0x0
 1323 00ed 12       		.uleb128 0x12
 1324 00ee 05       		.uleb128 0x5
 1325 00ef 00       		.byte	0x0
 1326 00f0 03       		.uleb128 0x3
 1327 00f1 0E       		.uleb128 0xe
 1328 00f2 3A       		.uleb128 0x3a
 1329 00f3 0B       		.uleb128 0xb
 1330 00f4 3B       		.uleb128 0x3b
 1331 00f5 05       		.uleb128 0x5
 1332 00f6 49       		.uleb128 0x49
 1333 00f7 13       		.uleb128 0x13
 1334 00f8 02       		.uleb128 0x2
 1335 00f9 0A       		.uleb128 0xa
 1336 00fa 00       		.byte	0x0
 1337 00fb 00       		.byte	0x0
 1338 00fc 13       		.uleb128 0x13
 1339 00fd 34       		.uleb128 0x34
 1340 00fe 00       		.byte	0x0
 1341 00ff 03       		.uleb128 0x3
 1342 0100 0E       		.uleb128 0xe
 1343 0101 3A       		.uleb128 0x3a
 1344 0102 0B       		.uleb128 0xb
 1345 0103 3B       		.uleb128 0x3b
 1346 0104 05       		.uleb128 0x5
 1347 0105 49       		.uleb128 0x49
 1348 0106 13       		.uleb128 0x13
 1349 0107 02       		.uleb128 0x2
 1350 0108 0A       		.uleb128 0xa
 1351 0109 00       		.byte	0x0
 1352 010a 00       		.byte	0x0
 1353 010b 14       		.uleb128 0x14
 1354 010c 34       		.uleb128 0x34
 1355 010d 00       		.byte	0x0
 1356 010e 03       		.uleb128 0x3
 1357 010f 08       		.uleb128 0x8
 1358 0110 3A       		.uleb128 0x3a
ARM GAS  C:\Users\Kojo\AppData\Local\Temp\ccGWmNRH.s 			page 31


 1359 0111 0B       		.uleb128 0xb
 1360 0112 3B       		.uleb128 0x3b
 1361 0113 05       		.uleb128 0x5
 1362 0114 49       		.uleb128 0x49
 1363 0115 13       		.uleb128 0x13
 1364 0116 02       		.uleb128 0x2
 1365 0117 0A       		.uleb128 0xa
 1366 0118 00       		.byte	0x0
 1367 0119 00       		.byte	0x0
 1368 011a 15       		.uleb128 0x15
 1369 011b 26       		.uleb128 0x26
 1370 011c 00       		.byte	0x0
 1371 011d 49       		.uleb128 0x49
 1372 011e 13       		.uleb128 0x13
 1373 011f 00       		.byte	0x0
 1374 0120 00       		.byte	0x0
 1375 0121 16       		.uleb128 0x16
 1376 0122 01       		.uleb128 0x1
 1377 0123 01       		.byte	0x1
 1378 0124 49       		.uleb128 0x49
 1379 0125 13       		.uleb128 0x13
 1380 0126 01       		.uleb128 0x1
 1381 0127 13       		.uleb128 0x13
 1382 0128 00       		.byte	0x0
 1383 0129 00       		.byte	0x0
 1384 012a 17       		.uleb128 0x17
 1385 012b 21       		.uleb128 0x21
 1386 012c 00       		.byte	0x0
 1387 012d 49       		.uleb128 0x49
 1388 012e 13       		.uleb128 0x13
 1389 012f 2F       		.uleb128 0x2f
 1390 0130 0B       		.uleb128 0xb
 1391 0131 00       		.byte	0x0
 1392 0132 00       		.byte	0x0
 1393 0133 00       		.byte	0x0
 1394              		.section	.debug_pubnames,"",%progbits
 1395 0000 4E000000 		.4byte	0x4e
 1396 0004 0200     		.2byte	0x2
 1397 0006 00000000 		.4byte	.Ldebug_info0
 1398 000a 9F020000 		.4byte	0x29f
 1399 000e C2010000 		.4byte	0x1c2
 1400 0012 416E616C 		.ascii	"AnalogSetDefault\000"
 1400      6F675365 
 1400      74446566 
 1400      61756C74 
 1400      00
 1401 0023 EA010000 		.4byte	0x1ea
 1402 0027 53657441 		.ascii	"SetAnalogRoutingPumps\000"
 1402      6E616C6F 
 1402      67526F75 
 1402      74696E67 
 1402      50756D70 
 1403 003d 23020000 		.4byte	0x223
 1404 0041 63796669 		.ascii	"cyfitter_cfg\000"
 1404      74746572 
 1404      5F636667 
 1404      00
ARM GAS  C:\Users\Kojo\AppData\Local\Temp\ccGWmNRH.s 			page 32


 1405 004e 00000000 		.4byte	0x0
 1406              		.section	.debug_aranges,"",%progbits
 1407 0000 44000000 		.4byte	0x44
 1408 0004 0200     		.2byte	0x2
 1409 0006 00000000 		.4byte	.Ldebug_info0
 1410 000a 04       		.byte	0x4
 1411 000b 00       		.byte	0x0
 1412 000c 0000     		.2byte	0x0
 1413 000e 0000     		.2byte	0x0
 1414 0010 00000000 		.4byte	.LFB0
 1415 0014 0C000000 		.4byte	.LFE0-.LFB0
 1416 0018 00000000 		.4byte	.LFB1
 1417 001c 92000000 		.4byte	.LFE1-.LFB1
 1418 0020 00000000 		.4byte	.LFB2
 1419 0024 48010000 		.4byte	.LFE2-.LFB2
 1420 0028 00000000 		.4byte	.LFB3
 1421 002c 4C000000 		.4byte	.LFE3-.LFB3
 1422 0030 00000000 		.4byte	.LFB4
 1423 0034 30000000 		.4byte	.LFE4-.LFB4
 1424 0038 00000000 		.4byte	.LFB5
 1425 003c A8010000 		.4byte	.LFE5-.LFB5
 1426 0040 00000000 		.4byte	0x0
 1427 0044 00000000 		.4byte	0x0
 1428              		.section	.debug_ranges,"",%progbits
 1429              	.Ldebug_ranges0:
 1430 0000 00000000 		.4byte	.Ltext0
 1431 0004 00000000 		.4byte	.Letext0
 1432 0008 00000000 		.4byte	.LFB0
 1433 000c 0C000000 		.4byte	.LFE0
 1434 0010 00000000 		.4byte	.LFB1
 1435 0014 92000000 		.4byte	.LFE1
 1436 0018 00000000 		.4byte	.LFB2
 1437 001c 48010000 		.4byte	.LFE2
 1438 0020 00000000 		.4byte	.LFB3
 1439 0024 4C000000 		.4byte	.LFE3
 1440 0028 00000000 		.4byte	.LFB4
 1441 002c 30000000 		.4byte	.LFE4
 1442 0030 00000000 		.4byte	.LFB5
 1443 0034 A8010000 		.4byte	.LFE5
 1444 0038 00000000 		.4byte	0x0
 1445 003c 00000000 		.4byte	0x0
 1446              		.section	.debug_str,"MS",%progbits,1
 1447              	.LASF5:
 1448 0000 6C6F6E67 		.ascii	"long long int\000"
 1448      206C6F6E 
 1448      6720696E 
 1448      7400
 1449              	.LASF27:
 1450 000e 416E616C 		.ascii	"AnalogSetDefault\000"
 1450      6F675365 
 1450      74446566 
 1450      61756C74 
 1450      00
 1451              	.LASF17:
 1452 001f 76616C75 		.ascii	"value\000"
 1452      6500
 1453              	.LASF21:
ARM GAS  C:\Users\Kojo\AppData\Local\Temp\ccGWmNRH.s 			page 33


 1454 0025 636F756E 		.ascii	"count\000"
 1454      7400
 1455              	.LASF22:
 1456 002b 436C6F63 		.ascii	"ClockSetup\000"
 1456      6B536574 
 1456      757000
 1457              	.LASF3:
 1458 0036 73686F72 		.ascii	"short unsigned int\000"
 1458      7420756E 
 1458      7369676E 
 1458      65642069 
 1458      6E7400
 1459              	.LASF25:
 1460 0049 706C6C4C 		.ascii	"pllLock\000"
 1460      6F636B00 
 1461              	.LASF18:
 1462 0051 4379436C 		.ascii	"CyClockStartupError\000"
 1462      6F636B53 
 1462      74617274 
 1462      75704572 
 1462      726F7200 
 1463              	.LASF33:
 1464 0065 6366675F 		.ascii	"cfg_memset_list\000"
 1464      6D656D73 
 1464      65745F6C 
 1464      69737400 
 1465              	.LASF14:
 1466 0075 73697A65 		.ascii	"size\000"
 1466      00
 1467              	.LASF8:
 1468 007a 6C6F6E67 		.ascii	"long unsigned int\000"
 1468      20756E73 
 1468      69676E65 
 1468      6420696E 
 1468      7400
 1469              	.LASF10:
 1470 008c 75696E74 		.ascii	"uint8\000"
 1470      3800
 1471              	.LASF32:
 1472 0092 63796669 		.ascii	"cyfitter_cfg\000"
 1472      74746572 
 1472      5F636667 
 1472      00
 1473              	.LASF28:
 1474 009f 53657441 		.ascii	"SetAnalogRoutingPumps\000"
 1474      6E616C6F 
 1474      67526F75 
 1474      74696E67 
 1474      50756D70 
 1475              	.LASF1:
 1476 00b5 756E7369 		.ascii	"unsigned char\000"
 1476      676E6564 
 1476      20636861 
 1476      7200
 1477              	.LASF24:
 1478 00c3 74696D65 		.ascii	"timeout_p\000"
 1478      6F75745F 
ARM GAS  C:\Users\Kojo\AppData\Local\Temp\ccGWmNRH.s 			page 34


 1478      7000
 1479              	.LASF19:
 1480 00cd 6366675F 		.ascii	"cfg_write_bytes32\000"
 1480      77726974 
 1480      655F6279 
 1480      74657333 
 1480      3200
 1481              	.LASF11:
 1482 00df 75696E74 		.ascii	"uint16\000"
 1482      313600
 1483              	.LASF36:
 1484 00e6 433A5C55 		.ascii	"C:\\Users\\Kojo\\Code\\GlowProcessing\\Glow.cydsn\000"
 1484      73657273 
 1484      5C4B6F6A 
 1484      6F5C436F 
 1484      64655C47 
 1485              	.LASF29:
 1486 0113 6572726F 		.ascii	"errorCode\000"
 1486      72436F64 
 1486      6500
 1487              	.LASF12:
 1488 011d 75696E74 		.ascii	"uint32\000"
 1488      333200
 1489              	.LASF4:
 1490 0124 756E7369 		.ascii	"unsigned int\000"
 1490      676E6564 
 1490      20696E74 
 1490      00
 1491              	.LASF13:
 1492 0131 61646472 		.ascii	"address\000"
 1492      65737300 
 1493              	.LASF6:
 1494 0139 6C6F6E67 		.ascii	"long long unsigned int\000"
 1494      206C6F6E 
 1494      6720756E 
 1494      7369676E 
 1494      65642069 
 1495              	.LASF15:
 1496 0150 6366675F 		.ascii	"cfg_memset_t\000"
 1496      6D656D73 
 1496      65745F74 
 1496      00
 1497              	.LASF20:
 1498 015d 62617365 		.ascii	"baseAddr\000"
 1498      41646472 
 1498      00
 1499              	.LASF34:
 1500 0166 474E5520 		.ascii	"GNU C 4.4.1\000"
 1500      4320342E 
 1500      342E3100 
 1501              	.LASF23:
 1502 0172 74696D65 		.ascii	"timeout\000"
 1502      6F757400 
 1503              	.LASF16:
 1504 017a 6F666673 		.ascii	"offset\000"
 1504      657400
 1505              	.LASF30:
ARM GAS  C:\Users\Kojo\AppData\Local\Temp\ccGWmNRH.s 			page 35


 1506 0181 656E6162 		.ascii	"enabled\000"
 1506      6C656400 
 1507              	.LASF2:
 1508 0189 73686F72 		.ascii	"short int\000"
 1508      7420696E 
 1508      7400
 1509              	.LASF35:
 1510 0193 2E5C4765 		.ascii	".\\Generated_Source\\PSoC5\\cyfitter_cfg.c\000"
 1510      6E657261 
 1510      7465645F 
 1510      536F7572 
 1510      63655C50 
 1511              	.LASF7:
 1512 01bb 6C6F6E67 		.ascii	"long int\000"
 1512      20696E74 
 1512      00
 1513              	.LASF9:
 1514 01c4 63686172 		.ascii	"char\000"
 1514      00
 1515              	.LASF26:
 1516 01c9 62675F78 		.ascii	"bg_xover_inl_trim\000"
 1516      6F766572 
 1516      5F696E6C 
 1516      5F747269 
 1516      6D00
 1517              	.LASF0:
 1518 01db 7369676E 		.ascii	"signed char\000"
 1518      65642063 
 1518      68617200 
 1519              	.LASF31:
 1520 01e7 72656756 		.ascii	"regValue\000"
 1520      616C7565 
 1520      00
 1521              		.ident	"GCC: (Sourcery G++ Lite 2010q1-188) 4.4.1"
