ARM GAS  C:\Users\Kojo\AppData\Local\Temp\cc3HqBJ7.s 			page 1


   1              		.syntax unified
   2              		.cpu cortex-m3
   3              		.fpu softvfp
   4              		.eabi_attribute 20, 1
   5              		.eabi_attribute 21, 1
   6              		.eabi_attribute 23, 3
   7              		.eabi_attribute 24, 1
   8              		.eabi_attribute 25, 1
   9              		.eabi_attribute 26, 1
  10              		.eabi_attribute 30, 6
  11              		.eabi_attribute 18, 4
  12              		.thumb
  13              		.file	"cyfitter_cfg.c"
  14              		.section	.debug_abbrev,"",%progbits
  15              	.Ldebug_abbrev0:
  16              		.section	.debug_info,"",%progbits
  17              	.Ldebug_info0:
  18              		.section	.debug_line,"",%progbits
  19              	.Ldebug_line0:
  20 0000 10010000 		.text
  20      02006400 
  20      00000201 
  20      FB0E0D00 
  20      01010101 
  21              	.Ltext0:
  22              		.cfi_sections	.debug_frame
  23              		.section	.text.CyClockStartupError,"ax",%progbits
  24              		.align	2
  25              		.thumb
  26              		.thumb_func
  27              		.type	CyClockStartupError, %function
  28              	CyClockStartupError:
  29              	.LFB0:
  30              		.file 1 ".\\Generated_Source\\PSoC5\\cyfitter_cfg.c"
   1:.\Generated_Source\PSoC5/cyfitter_cfg.c **** /*******************************************************************************
   2:.\Generated_Source\PSoC5/cyfitter_cfg.c **** * FILENAME: cyfitter_cfg.c
   3:.\Generated_Source\PSoC5/cyfitter_cfg.c **** * PSoC Creator 2.1 SP1
   4:.\Generated_Source\PSoC5/cyfitter_cfg.c **** *
   5:.\Generated_Source\PSoC5/cyfitter_cfg.c **** * Description:
   6:.\Generated_Source\PSoC5/cyfitter_cfg.c **** * This file is automatically generated by PSoC Creator with device 
   7:.\Generated_Source\PSoC5/cyfitter_cfg.c **** * initialization code.  Except for the user defined sections in
   8:.\Generated_Source\PSoC5/cyfitter_cfg.c **** * CyClockStartupError(), this file should not be modified.
   9:.\Generated_Source\PSoC5/cyfitter_cfg.c **** *
  10:.\Generated_Source\PSoC5/cyfitter_cfg.c **** ********************************************************************************
  11:.\Generated_Source\PSoC5/cyfitter_cfg.c **** * Copyright 2012, Cypress Semiconductor Corporation.  All rights reserved.
  12:.\Generated_Source\PSoC5/cyfitter_cfg.c **** * You may use this file only in accordance with the license, terms, conditions, 
  13:.\Generated_Source\PSoC5/cyfitter_cfg.c **** * disclaimers, and limitations in the end user license agreement accompanying 
  14:.\Generated_Source\PSoC5/cyfitter_cfg.c **** * the software package with which this file was provided.
  15:.\Generated_Source\PSoC5/cyfitter_cfg.c **** ********************************************************************************/
  16:.\Generated_Source\PSoC5/cyfitter_cfg.c **** 
  17:.\Generated_Source\PSoC5/cyfitter_cfg.c **** #include <string.h>
  18:.\Generated_Source\PSoC5/cyfitter_cfg.c **** #include <cytypes.h>
  19:.\Generated_Source\PSoC5/cyfitter_cfg.c **** #include <cydevice_trm.h>
  20:.\Generated_Source\PSoC5/cyfitter_cfg.c **** #include <cyfitter.h>
  21:.\Generated_Source\PSoC5/cyfitter_cfg.c **** #include <CyLib.h>
  22:.\Generated_Source\PSoC5/cyfitter_cfg.c **** #include <cyfitter_cfg.h>
  23:.\Generated_Source\PSoC5/cyfitter_cfg.c **** 
ARM GAS  C:\Users\Kojo\AppData\Local\Temp\cc3HqBJ7.s 			page 2


  24:.\Generated_Source\PSoC5/cyfitter_cfg.c **** /* Clock startup error codes                                                   */
  25:.\Generated_Source\PSoC5/cyfitter_cfg.c **** #define CYCLOCKSTART_NO_ERROR    0
  26:.\Generated_Source\PSoC5/cyfitter_cfg.c **** #define CYCLOCKSTART_XTAL_ERROR  1
  27:.\Generated_Source\PSoC5/cyfitter_cfg.c **** #define CYCLOCKSTART_32KHZ_ERROR 2
  28:.\Generated_Source\PSoC5/cyfitter_cfg.c **** #define CYCLOCKSTART_PLL_ERROR   3
  29:.\Generated_Source\PSoC5/cyfitter_cfg.c **** 
  30:.\Generated_Source\PSoC5/cyfitter_cfg.c **** /*******************************************************************************
  31:.\Generated_Source\PSoC5/cyfitter_cfg.c **** * Function Name: CyClockStartupError
  32:.\Generated_Source\PSoC5/cyfitter_cfg.c **** ********************************************************************************
  33:.\Generated_Source\PSoC5/cyfitter_cfg.c **** * Summary:
  34:.\Generated_Source\PSoC5/cyfitter_cfg.c **** *  If an error is encountered during clock configuration (crystal startup error,
  35:.\Generated_Source\PSoC5/cyfitter_cfg.c **** *  PLL lock error, etc) the system will end up here.  Unless reimplemented by 
  36:.\Generated_Source\PSoC5/cyfitter_cfg.c **** *  the customer, an infinite loop will be encountered.
  37:.\Generated_Source\PSoC5/cyfitter_cfg.c **** *
  38:.\Generated_Source\PSoC5/cyfitter_cfg.c **** * Parameters:  
  39:.\Generated_Source\PSoC5/cyfitter_cfg.c **** *   void
  40:.\Generated_Source\PSoC5/cyfitter_cfg.c **** *
  41:.\Generated_Source\PSoC5/cyfitter_cfg.c **** * Return:
  42:.\Generated_Source\PSoC5/cyfitter_cfg.c **** *   void
  43:.\Generated_Source\PSoC5/cyfitter_cfg.c **** *
  44:.\Generated_Source\PSoC5/cyfitter_cfg.c **** *******************************************************************************/
  45:.\Generated_Source\PSoC5/cyfitter_cfg.c **** #if defined(__GNUC__) || defined(__ARMCC_VERSION)
  46:.\Generated_Source\PSoC5/cyfitter_cfg.c **** __attribute__ ((unused))
  47:.\Generated_Source\PSoC5/cyfitter_cfg.c **** #endif
  48:.\Generated_Source\PSoC5/cyfitter_cfg.c **** static void CyClockStartupError(uint8 errorCode)
  49:.\Generated_Source\PSoC5/cyfitter_cfg.c **** {
  31              		.loc 1 49 0
  32              		.cfi_startproc
  33              		@ args = 0, pretend = 0, frame = 8
  34              		@ frame_needed = 1, uses_anonymous_args = 0
  35              		@ link register save eliminated.
  36 0000 80B4     		push	{r7}
  37              	.LCFI0:
  38              		.cfi_def_cfa_offset 4
  39 0002 83B0     		sub	sp, sp, #12
  40              	.LCFI1:
  41              		.cfi_def_cfa_offset 16
  42 0004 00AF     		add	r7, sp, #0
  43              		.cfi_offset 7, -4
  44              	.LCFI2:
  45              		.cfi_def_cfa_register 7
  46 0006 0346     		mov	r3, r0
  47 0008 FB71     		strb	r3, [r7, #7]
  48              	.L2:
  50:.\Generated_Source\PSoC5/cyfitter_cfg.c ****     /* To remove the compiler warning if errorCode not used.                */
  51:.\Generated_Source\PSoC5/cyfitter_cfg.c ****     errorCode = errorCode;
  52:.\Generated_Source\PSoC5/cyfitter_cfg.c **** 
  53:.\Generated_Source\PSoC5/cyfitter_cfg.c ****     /* `#START CyClockStartupError` */
  54:.\Generated_Source\PSoC5/cyfitter_cfg.c **** 
  55:.\Generated_Source\PSoC5/cyfitter_cfg.c ****     /* If we have a clock startup error (bad MHz crystal, PLL lock, etc)    */
  56:.\Generated_Source\PSoC5/cyfitter_cfg.c ****     /* we will end up here to allow the customer to implement something to  */
  57:.\Generated_Source\PSoC5/cyfitter_cfg.c ****     /* deal with the clock condition.                                       */
  58:.\Generated_Source\PSoC5/cyfitter_cfg.c **** 
  59:.\Generated_Source\PSoC5/cyfitter_cfg.c ****     /* `#END` */
  60:.\Generated_Source\PSoC5/cyfitter_cfg.c **** 
  61:.\Generated_Source\PSoC5/cyfitter_cfg.c ****     /* If nothing else, stop here since the clocks have not started         */
  62:.\Generated_Source\PSoC5/cyfitter_cfg.c ****     /* correctly.                                                           */
ARM GAS  C:\Users\Kojo\AppData\Local\Temp\cc3HqBJ7.s 			page 3


  63:.\Generated_Source\PSoC5/cyfitter_cfg.c ****     while(1) {}
  49              		.loc 1 63 0
  50 000a FEE7     		b	.L2
  51              		.cfi_endproc
  52              	.LFE0:
  53              		.size	CyClockStartupError, .-CyClockStartupError
  54              		.section	.rodata
  55              		.align	2
  56              		.type	cfg_memset_list, %object
  57              		.size	cfg_memset_list, 48
  58              	cfg_memset_list:
  59 0000 00510040 		.word	1073762560
  60 0004 2000     		.short	32
  61 0006 30510040 		.4byte	1073762608
  62 000a 3000     		.short	48
  63 000c F0510040 		.word	1073762800
  64 0010 1000     		.short	16
  65 0012 00000140 		.4byte	1073807360
  66 0016 0010     		.short	4096
  67 0018 00140140 		.word	1073812480
  68 001c 0008     		.short	2048
  69 001e 00400140 		.4byte	1073823744
  70 0022 000A     		.short	2560
  71 0024 004C0140 		.word	1073826816
  72 0028 0002     		.short	512
  73 002a 00500140 		.4byte	1073827840
  74 002e 2000     		.short	32
  75              		.section	.text.cfg_write_bytes32,"ax",%progbits
  76              		.align	2
  77              		.thumb
  78              		.thumb_func
  79              		.type	cfg_write_bytes32, %function
  80              	cfg_write_bytes32:
  81              	.LFB1:
  64:.\Generated_Source\PSoC5/cyfitter_cfg.c **** }
  65:.\Generated_Source\PSoC5/cyfitter_cfg.c **** 
  66:.\Generated_Source\PSoC5/cyfitter_cfg.c **** 
  67:.\Generated_Source\PSoC5/cyfitter_cfg.c **** #undef CYCODE
  68:.\Generated_Source\PSoC5/cyfitter_cfg.c **** #undef CYDATA
  69:.\Generated_Source\PSoC5/cyfitter_cfg.c **** #undef CYXDATA
  70:.\Generated_Source\PSoC5/cyfitter_cfg.c **** #undef CYFAR
  71:.\Generated_Source\PSoC5/cyfitter_cfg.c **** #if defined(__GNUC__) || defined(__ARMCC_VERSION)
  72:.\Generated_Source\PSoC5/cyfitter_cfg.c **** 	#define CYCODE
  73:.\Generated_Source\PSoC5/cyfitter_cfg.c **** 	#define CYDATA
  74:.\Generated_Source\PSoC5/cyfitter_cfg.c **** 	#define CYXDATA
  75:.\Generated_Source\PSoC5/cyfitter_cfg.c **** 	#define CYFAR
  76:.\Generated_Source\PSoC5/cyfitter_cfg.c **** 
  77:.\Generated_Source\PSoC5/cyfitter_cfg.c **** 	#define CYPACKED __attribute__ ((packed))
  78:.\Generated_Source\PSoC5/cyfitter_cfg.c **** 	#define CYALIGNED __attribute__ ((aligned))
  79:.\Generated_Source\PSoC5/cyfitter_cfg.c **** 	
  80:.\Generated_Source\PSoC5/cyfitter_cfg.c **** 	#if defined(__ARMCC_VERSION)
  81:.\Generated_Source\PSoC5/cyfitter_cfg.c **** 		#define CY_CFG_MEMORY_BARRIER() __memory_changed()
  82:.\Generated_Source\PSoC5/cyfitter_cfg.c **** 	#else
  83:.\Generated_Source\PSoC5/cyfitter_cfg.c **** 		#define CY_CFG_MEMORY_BARRIER() __sync_synchronize()
  84:.\Generated_Source\PSoC5/cyfitter_cfg.c **** 	#endif
  85:.\Generated_Source\PSoC5/cyfitter_cfg.c **** 	
  86:.\Generated_Source\PSoC5/cyfitter_cfg.c **** 	
ARM GAS  C:\Users\Kojo\AppData\Local\Temp\cc3HqBJ7.s 			page 4


  87:.\Generated_Source\PSoC5/cyfitter_cfg.c **** 	#define CYMEMZERO(a,c) memset((a),0,(c))
  88:.\Generated_Source\PSoC5/cyfitter_cfg.c **** 	#define CYCONFIGCPY(d,s,c) memcpy((d),(s),(c))
  89:.\Generated_Source\PSoC5/cyfitter_cfg.c **** 	#define CYCONFIGCPYCODE(d,s,c) memcpy((d),(s),(c))
  90:.\Generated_Source\PSoC5/cyfitter_cfg.c **** #else
  91:.\Generated_Source\PSoC5/cyfitter_cfg.c **** 	#error Unsupported toolchain
  92:.\Generated_Source\PSoC5/cyfitter_cfg.c **** #endif
  93:.\Generated_Source\PSoC5/cyfitter_cfg.c **** 
  94:.\Generated_Source\PSoC5/cyfitter_cfg.c **** /* Defines the layout and meaning of each entry in the cfg_memset_list used for clearing registers 
  95:.\Generated_Source\PSoC5/cyfitter_cfg.c **** typedef struct {
  96:.\Generated_Source\PSoC5/cyfitter_cfg.c **** 	void CYFAR *address;
  97:.\Generated_Source\PSoC5/cyfitter_cfg.c **** 	uint16 size;
  98:.\Generated_Source\PSoC5/cyfitter_cfg.c **** } CYPACKED cfg_memset_t;
  99:.\Generated_Source\PSoC5/cyfitter_cfg.c **** 
 100:.\Generated_Source\PSoC5/cyfitter_cfg.c **** /* Defines the layout and meaning of each entry in the cfg_memcpy_list used for initializing regist
 101:.\Generated_Source\PSoC5/cyfitter_cfg.c **** typedef struct {
 102:.\Generated_Source\PSoC5/cyfitter_cfg.c **** 	void CYFAR *dest;
 103:.\Generated_Source\PSoC5/cyfitter_cfg.c **** 	const void CYFAR *src;
 104:.\Generated_Source\PSoC5/cyfitter_cfg.c **** 	uint16 size;
 105:.\Generated_Source\PSoC5/cyfitter_cfg.c **** } CYPACKED cfg_memcpy_t;
 106:.\Generated_Source\PSoC5/cyfitter_cfg.c **** 
 107:.\Generated_Source\PSoC5/cyfitter_cfg.c **** /* Contains the regions of memory that must be set to 0 during configuration */
 108:.\Generated_Source\PSoC5/cyfitter_cfg.c **** #define CFG_MEMSET_COUNT (sizeof(cfg_memset_list)/sizeof(*cfg_memset_list))
 109:.\Generated_Source\PSoC5/cyfitter_cfg.c **** static const cfg_memset_t CYCODE cfg_memset_list [] = {
 110:.\Generated_Source\PSoC5/cyfitter_cfg.c **** 	/* address, size */
 111:.\Generated_Source\PSoC5/cyfitter_cfg.c **** 	{(void CYFAR *)(CYREG_PRT0_DR), 32},
 112:.\Generated_Source\PSoC5/cyfitter_cfg.c **** 	{(void CYFAR *)(CYREG_PRT3_DR), 48},
 113:.\Generated_Source\PSoC5/cyfitter_cfg.c **** 	{(void CYFAR *)(CYREG_PRT15_DR), 16},
 114:.\Generated_Source\PSoC5/cyfitter_cfg.c **** 	{(void CYFAR *)(CYDEV_UCFG_B0_P0_U0_BASE), 4096},
 115:.\Generated_Source\PSoC5/cyfitter_cfg.c **** 	{(void CYFAR *)(CYDEV_UCFG_B1_P2_U0_BASE), 2048},
 116:.\Generated_Source\PSoC5/cyfitter_cfg.c **** 	{(void CYFAR *)(CYDEV_UCFG_DSI0_BASE), 2560},
 117:.\Generated_Source\PSoC5/cyfitter_cfg.c **** 	{(void CYFAR *)(CYDEV_UCFG_DSI12_BASE), 512},
 118:.\Generated_Source\PSoC5/cyfitter_cfg.c **** 	{(void CYFAR *)(CYREG_BCTL0_MDCLK_EN), 32},
 119:.\Generated_Source\PSoC5/cyfitter_cfg.c **** };
 120:.\Generated_Source\PSoC5/cyfitter_cfg.c **** 
 121:.\Generated_Source\PSoC5/cyfitter_cfg.c **** #define CY_CFG_BASE_ADDR_COUNT 22
 122:.\Generated_Source\PSoC5/cyfitter_cfg.c **** typedef struct
 123:.\Generated_Source\PSoC5/cyfitter_cfg.c **** {
 124:.\Generated_Source\PSoC5/cyfitter_cfg.c **** 	uint8 offset;
 125:.\Generated_Source\PSoC5/cyfitter_cfg.c **** 	uint8 value;
 126:.\Generated_Source\PSoC5/cyfitter_cfg.c **** } CYPACKED cy_cfg_addrvalue_t;
 127:.\Generated_Source\PSoC5/cyfitter_cfg.c **** 
 128:.\Generated_Source\PSoC5/cyfitter_cfg.c **** #define cy_cfg_addr_table ((const uint32 CYFAR *)0x48000000)
 129:.\Generated_Source\PSoC5/cyfitter_cfg.c **** #define cy_cfg_data_table ((const cy_cfg_addrvalue_t CYFAR *)0x48000058)
 130:.\Generated_Source\PSoC5/cyfitter_cfg.c **** 
 131:.\Generated_Source\PSoC5/cyfitter_cfg.c **** /* IOPINS0_7 Address: CYREG_PRT12_DM0 Size (bytes): 8 */
 132:.\Generated_Source\PSoC5/cyfitter_cfg.c **** #define BS_IOPINS0_7_VAL ((const uint8 CYFAR *)0x48000408)
 133:.\Generated_Source\PSoC5/cyfitter_cfg.c **** 
 134:.\Generated_Source\PSoC5/cyfitter_cfg.c **** /* IOPINS0_2 Address: CYREG_PRT2_DM0 Size (bytes): 8 */
 135:.\Generated_Source\PSoC5/cyfitter_cfg.c **** #define BS_IOPINS0_2_VAL ((const uint8 CYFAR *)0x48000410)
 136:.\Generated_Source\PSoC5/cyfitter_cfg.c **** 
 137:.\Generated_Source\PSoC5/cyfitter_cfg.c **** /* IOPINS0_6 Address: CYREG_PRT6_DR Size (bytes): 10 */
 138:.\Generated_Source\PSoC5/cyfitter_cfg.c **** #define BS_IOPINS0_6_VAL ((const uint8 CYFAR *)0x48000418)
 139:.\Generated_Source\PSoC5/cyfitter_cfg.c **** 
 140:.\Generated_Source\PSoC5/cyfitter_cfg.c **** 
 141:.\Generated_Source\PSoC5/cyfitter_cfg.c **** /*******************************************************************************
 142:.\Generated_Source\PSoC5/cyfitter_cfg.c **** * Function Name: cfg_write_bytes32
 143:.\Generated_Source\PSoC5/cyfitter_cfg.c **** ********************************************************************************
ARM GAS  C:\Users\Kojo\AppData\Local\Temp\cc3HqBJ7.s 			page 5


 144:.\Generated_Source\PSoC5/cyfitter_cfg.c **** * Summary:
 145:.\Generated_Source\PSoC5/cyfitter_cfg.c **** *  This function is used for setting up the chip configuration areas that 
 146:.\Generated_Source\PSoC5/cyfitter_cfg.c **** *  contain relativly sparse data.
 147:.\Generated_Source\PSoC5/cyfitter_cfg.c **** *
 148:.\Generated_Source\PSoC5/cyfitter_cfg.c **** * Parameters:  
 149:.\Generated_Source\PSoC5/cyfitter_cfg.c **** *   void
 150:.\Generated_Source\PSoC5/cyfitter_cfg.c **** *
 151:.\Generated_Source\PSoC5/cyfitter_cfg.c **** * Return:
 152:.\Generated_Source\PSoC5/cyfitter_cfg.c **** *   void
 153:.\Generated_Source\PSoC5/cyfitter_cfg.c **** *
 154:.\Generated_Source\PSoC5/cyfitter_cfg.c **** *******************************************************************************/
 155:.\Generated_Source\PSoC5/cyfitter_cfg.c **** /* For 32-bit little-endian architectures */
 156:.\Generated_Source\PSoC5/cyfitter_cfg.c **** static void cfg_write_bytes32(void)
 157:.\Generated_Source\PSoC5/cyfitter_cfg.c **** {
  82              		.loc 1 157 0
  83              		.cfi_startproc
  84              		@ args = 0, pretend = 0, frame = 16
  85              		@ frame_needed = 1, uses_anonymous_args = 0
  86              		@ link register save eliminated.
  87 0000 80B4     		push	{r7}
  88              	.LCFI3:
  89              		.cfi_def_cfa_offset 4
  90 0002 85B0     		sub	sp, sp, #20
  91              	.LCFI4:
  92              		.cfi_def_cfa_offset 24
  93 0004 00AF     		add	r7, sp, #0
  94              		.cfi_offset 7, -4
  95              	.LCFI5:
  96              		.cfi_def_cfa_register 7
 158:.\Generated_Source\PSoC5/cyfitter_cfg.c **** 	unsigned int i, j = 0;
  97              		.loc 1 158 0
  98 0006 4FF00003 		mov	r3, #0
  99 000a 7B60     		str	r3, [r7, #4]
 159:.\Generated_Source\PSoC5/cyfitter_cfg.c **** 	for (i = 0; i < CY_CFG_BASE_ADDR_COUNT; i++)
 100              		.loc 1 159 0
 101 000c 4FF00003 		mov	r3, #0
 102 0010 3B60     		str	r3, [r7, #0]
 103 0012 36E0     		b	.L5
 104              	.L8:
 105              	.LBB2:
 160:.\Generated_Source\PSoC5/cyfitter_cfg.c **** 	{
 161:.\Generated_Source\PSoC5/cyfitter_cfg.c **** 		uint32 baseAddr = cy_cfg_addr_table[i];
 106              		.loc 1 161 0
 107 0014 3B68     		ldr	r3, [r7, #0]
 108 0016 4FEA8303 		lsl	r3, r3, #2
 109 001a 03F19043 		add	r3, r3, #1207959552
 110 001e 1B68     		ldr	r3, [r3, #0]
 111 0020 BB60     		str	r3, [r7, #8]
 162:.\Generated_Source\PSoC5/cyfitter_cfg.c **** 		uint8 count = baseAddr & 0xFFu;
 112              		.loc 1 162 0
 113 0022 BB68     		ldr	r3, [r7, #8]
 114 0024 FB73     		strb	r3, [r7, #15]
 163:.\Generated_Source\PSoC5/cyfitter_cfg.c **** 		baseAddr &= 0xFFFFFF00u;
 115              		.loc 1 163 0
 116 0026 BB68     		ldr	r3, [r7, #8]
 117 0028 23F0FF03 		bic	r3, r3, #255
 118 002c BB60     		str	r3, [r7, #8]
ARM GAS  C:\Users\Kojo\AppData\Local\Temp\cc3HqBJ7.s 			page 6


 164:.\Generated_Source\PSoC5/cyfitter_cfg.c **** 		while (count--)
 119              		.loc 1 164 0
 120 002e 18E0     		b	.L6
 121              	.L7:
 165:.\Generated_Source\PSoC5/cyfitter_cfg.c **** 		{
 166:.\Generated_Source\PSoC5/cyfitter_cfg.c **** 			CY_SET_XTND_REG8((void CYFAR *)(baseAddr + cy_cfg_data_table[j].offset), cy_cfg_data_table[j].va
 122              		.loc 1 166 0
 123 0030 7B68     		ldr	r3, [r7, #4]
 124 0032 4FEA4303 		lsl	r3, r3, #1
 125 0036 03F19043 		add	r3, r3, #1207959552
 126 003a 03F15803 		add	r3, r3, #88
 127 003e 1B78     		ldrb	r3, [r3, #0]	@ zero_extendqisi2
 128 0040 1A46     		mov	r2, r3
 129 0042 BB68     		ldr	r3, [r7, #8]
 130 0044 1344     		add	r3, r2, r3
 131 0046 1A46     		mov	r2, r3
 132 0048 7B68     		ldr	r3, [r7, #4]
 133 004a 4FEA4303 		lsl	r3, r3, #1
 134 004e 03F19043 		add	r3, r3, #1207959552
 135 0052 03F15803 		add	r3, r3, #88
 136 0056 5B78     		ldrb	r3, [r3, #1]	@ zero_extendqisi2
 137 0058 1370     		strb	r3, [r2, #0]
 167:.\Generated_Source\PSoC5/cyfitter_cfg.c **** 			j++;
 138              		.loc 1 167 0
 139 005a 7B68     		ldr	r3, [r7, #4]
 140 005c 03F10103 		add	r3, r3, #1
 141 0060 7B60     		str	r3, [r7, #4]
 142              	.L6:
 143              		.loc 1 164 0
 144 0062 FB7B     		ldrb	r3, [r7, #15]	@ zero_extendqisi2
 145 0064 002B     		cmp	r3, #0
 146 0066 0CBF     		ite	eq
 147 0068 0023     		moveq	r3, #0
 148 006a 0123     		movne	r3, #1
 149 006c DBB2     		uxtb	r3, r3
 150 006e FA7B     		ldrb	r2, [r7, #15]
 151 0070 02F1FF32 		add	r2, r2, #-1
 152 0074 FA73     		strb	r2, [r7, #15]
 153 0076 002B     		cmp	r3, #0
 154 0078 DAD1     		bne	.L7
 155              	.LBE2:
 156              		.loc 1 159 0
 157 007a 3B68     		ldr	r3, [r7, #0]
 158 007c 03F10103 		add	r3, r3, #1
 159 0080 3B60     		str	r3, [r7, #0]
 160              	.L5:
 161 0082 3B68     		ldr	r3, [r7, #0]
 162 0084 152B     		cmp	r3, #21
 163 0086 C5D9     		bls	.L8
 168:.\Generated_Source\PSoC5/cyfitter_cfg.c **** 		}
 169:.\Generated_Source\PSoC5/cyfitter_cfg.c **** 	}
 170:.\Generated_Source\PSoC5/cyfitter_cfg.c **** }
 164              		.loc 1 170 0
 165 0088 07F11407 		add	r7, r7, #20
 166 008c BD46     		mov	sp, r7
 167 008e 80BC     		pop	{r7}
 168 0090 7047     		bx	lr
ARM GAS  C:\Users\Kojo\AppData\Local\Temp\cc3HqBJ7.s 			page 7


 169              		.cfi_endproc
 170              	.LFE1:
 171              		.size	cfg_write_bytes32, .-cfg_write_bytes32
 172 0092 00BF     		.section	.text.ClockSetup,"ax",%progbits
 173              		.align	2
 174              		.thumb
 175              		.thumb_func
 176              		.type	ClockSetup, %function
 177              	ClockSetup:
 178              	.LFB2:
 171:.\Generated_Source\PSoC5/cyfitter_cfg.c **** 
 172:.\Generated_Source\PSoC5/cyfitter_cfg.c **** /*******************************************************************************
 173:.\Generated_Source\PSoC5/cyfitter_cfg.c **** * Function Name: ClockSetup
 174:.\Generated_Source\PSoC5/cyfitter_cfg.c **** ********************************************************************************
 175:.\Generated_Source\PSoC5/cyfitter_cfg.c **** *
 176:.\Generated_Source\PSoC5/cyfitter_cfg.c **** * Summary:
 177:.\Generated_Source\PSoC5/cyfitter_cfg.c **** *  Performs the initialization of all of the clocks in the device based on the
 178:.\Generated_Source\PSoC5/cyfitter_cfg.c **** *  settings in the Clock tab of the DWR.  This includes enabling the requested
 179:.\Generated_Source\PSoC5/cyfitter_cfg.c **** *  clocks and setting the necessary dividers to produce the desired frequency. 
 180:.\Generated_Source\PSoC5/cyfitter_cfg.c **** *
 181:.\Generated_Source\PSoC5/cyfitter_cfg.c **** * Parameters:
 182:.\Generated_Source\PSoC5/cyfitter_cfg.c **** *  void
 183:.\Generated_Source\PSoC5/cyfitter_cfg.c **** *
 184:.\Generated_Source\PSoC5/cyfitter_cfg.c **** * Return:
 185:.\Generated_Source\PSoC5/cyfitter_cfg.c **** *  void
 186:.\Generated_Source\PSoC5/cyfitter_cfg.c **** *
 187:.\Generated_Source\PSoC5/cyfitter_cfg.c **** *******************************************************************************/
 188:.\Generated_Source\PSoC5/cyfitter_cfg.c **** static void ClockSetup(void)
 189:.\Generated_Source\PSoC5/cyfitter_cfg.c **** {
 179              		.loc 1 189 0
 180              		.cfi_startproc
 181              		@ args = 0, pretend = 0, frame = 16
 182              		@ frame_needed = 1, uses_anonymous_args = 0
 183 0000 80B5     		push	{r7, lr}
 184              	.LCFI6:
 185              		.cfi_def_cfa_offset 8
 186 0002 84B0     		sub	sp, sp, #16
 187              	.LCFI7:
 188              		.cfi_def_cfa_offset 24
 189 0004 00AF     		add	r7, sp, #0
 190              		.cfi_offset 14, -4
 191              		.cfi_offset 7, -8
 192              	.LCFI8:
 193              		.cfi_def_cfa_register 7
 190:.\Generated_Source\PSoC5/cyfitter_cfg.c **** 	reg32  timeout;
 191:.\Generated_Source\PSoC5/cyfitter_cfg.c **** 	reg32* timeout_p = &timeout;
 194              		.loc 1 191 0
 195 0006 07F10803 		add	r3, r7, #8
 196 000a FB60     		str	r3, [r7, #12]
 192:.\Generated_Source\PSoC5/cyfitter_cfg.c **** 	reg8   pllLock;
 193:.\Generated_Source\PSoC5/cyfitter_cfg.c **** 
 194:.\Generated_Source\PSoC5/cyfitter_cfg.c **** 
 195:.\Generated_Source\PSoC5/cyfitter_cfg.c **** 	/* Configure Digital Clocks based on settings from Clock DWR */
 196:.\Generated_Source\PSoC5/cyfitter_cfg.c **** 	CY_SET_XTND_REG24((void CYFAR *)(CYREG_CLKDIST_DCFG0_CFG0), 0x180138);
 197              		.loc 1 196 0
 198 000c 44F28000 		movw	r0, #:lower16:1073758336
 199 0010 C4F20000 		movt	r0, #:upper16:1073758336
ARM GAS  C:\Users\Kojo\AppData\Local\Temp\cc3HqBJ7.s 			page 8


 200 0014 40F23811 		movw	r1, #:lower16:1573176
 201 0018 C0F21801 		movt	r1, #:upper16:1573176
 202 001c FFF7FEFF 		bl	CySetReg24
 197:.\Generated_Source\PSoC5/cyfitter_cfg.c **** 
 198:.\Generated_Source\PSoC5/cyfitter_cfg.c **** 	/* Configure ILO based on settings from Clock DWR */
 199:.\Generated_Source\PSoC5/cyfitter_cfg.c **** 	CY_SET_XTND_REG8((void CYFAR *)(CYREG_SLOWCLK_ILO_CR0), 0x02);
 203              		.loc 1 199 0
 204 0020 44F20033 		movw	r3, #:lower16:1073758976
 205 0024 C4F20003 		movt	r3, #:upper16:1073758976
 206 0028 4FF00202 		mov	r2, #2
 207 002c 1A70     		strb	r2, [r3, #0]
 200:.\Generated_Source\PSoC5/cyfitter_cfg.c **** 	CY_SET_XTND_REG8((void CYFAR *)(CYREG_CLKDIST_CR), 0x08);
 208              		.loc 1 200 0
 209 002e 44F20003 		movw	r3, #:lower16:1073758208
 210 0032 C4F20003 		movt	r3, #:upper16:1073758208
 211 0036 4FF00802 		mov	r2, #8
 212 003a 1A70     		strb	r2, [r3, #0]
 201:.\Generated_Source\PSoC5/cyfitter_cfg.c **** 
 202:.\Generated_Source\PSoC5/cyfitter_cfg.c **** 	/* Configure IMO based on settings from Clock DWR */
 203:.\Generated_Source\PSoC5/cyfitter_cfg.c **** 	CY_SET_XTND_REG8((void CYFAR *)(CYREG_FASTCLK_IMO_CR), 0x03);
 213              		.loc 1 203 0
 214 003c 44F20023 		movw	r3, #:lower16:1073758720
 215 0040 C4F20003 		movt	r3, #:upper16:1073758720
 216 0044 4FF00302 		mov	r2, #3
 217 0048 1A70     		strb	r2, [r3, #0]
 204:.\Generated_Source\PSoC5/cyfitter_cfg.c **** 	CY_SET_XTND_REG8((void CYFAR *)(CYREG_IMO_TR1), (CY_GET_XTND_REG8(CYREG_FLSHID_CUST_TABLES_IMO_3MH
 218              		.loc 1 204 0
 219 004a 44F2A163 		movw	r3, #:lower16:1073759905
 220 004e C4F20003 		movt	r3, #:upper16:1073759905
 221 0052 40F20812 		movw	r2, #:lower16:1224737032
 222 0056 C4F60012 		movt	r2, #:upper16:1224737032
 223 005a 1278     		ldrb	r2, [r2, #0]
 224 005c D2B2     		uxtb	r2, r2
 225 005e 1A70     		strb	r2, [r3, #0]
 205:.\Generated_Source\PSoC5/cyfitter_cfg.c **** 
 206:.\Generated_Source\PSoC5/cyfitter_cfg.c **** 	/* Configure PLL based on settings from Clock DWR */
 207:.\Generated_Source\PSoC5/cyfitter_cfg.c **** 	CY_SET_XTND_REG16((void CYFAR *)(CYREG_FASTCLK_PLL_P), 0x0008);
 226              		.loc 1 207 0
 227 0060 44F22223 		movw	r3, #:lower16:1073758754
 228 0064 C4F20003 		movt	r3, #:upper16:1073758754
 229 0068 4FF00802 		mov	r2, #8
 230 006c 1A80     		strh	r2, [r3, #0]	@ movhi
 208:.\Generated_Source\PSoC5/cyfitter_cfg.c **** 	CY_SET_XTND_REG16((void CYFAR *)(CYREG_FASTCLK_PLL_CFG0), 0x1051);
 231              		.loc 1 208 0
 232 006e 44F22023 		movw	r3, #:lower16:1073758752
 233 0072 C4F20003 		movt	r3, #:upper16:1073758752
 234 0076 41F25102 		movw	r2, #4177
 235 007a 1A80     		strh	r2, [r3, #0]	@ movhi
 209:.\Generated_Source\PSoC5/cyfitter_cfg.c **** 	/* Wait up to 250us for the PLL to lock */
 210:.\Generated_Source\PSoC5/cyfitter_cfg.c **** 	pllLock = 0;
 236              		.loc 1 210 0
 237 007c 4FF00003 		mov	r3, #0
 238 0080 FB71     		strb	r3, [r7, #7]
 211:.\Generated_Source\PSoC5/cyfitter_cfg.c **** 	for (timeout = 250 / 10; *timeout_p && (pllLock != 0x03u); timeout--) { 
 239              		.loc 1 211 0
 240 0082 4FF01903 		mov	r3, #25
 241 0086 BB60     		str	r3, [r7, #8]
ARM GAS  C:\Users\Kojo\AppData\Local\Temp\cc3HqBJ7.s 			page 9


 242 0088 1AE0     		b	.L11
 243              	.L13:
 212:.\Generated_Source\PSoC5/cyfitter_cfg.c **** 		pllLock = 0x03u & ((pllLock << 1) | ((CY_GET_XTND_REG8(CYREG_FASTCLK_PLL_SR) & 0x01u) >> 0));
 244              		.loc 1 212 0
 245 008a FB79     		ldrb	r3, [r7, #7]
 246 008c DBB2     		uxtb	r3, r3
 247 008e 4FEA4303 		lsl	r3, r3, #1
 248 0092 DAB2     		uxtb	r2, r3
 249 0094 44F22523 		movw	r3, #:lower16:1073758757
 250 0098 C4F20003 		movt	r3, #:upper16:1073758757
 251 009c 1B78     		ldrb	r3, [r3, #0]
 252 009e DBB2     		uxtb	r3, r3
 253 00a0 03F00103 		and	r3, r3, #1
 254 00a4 42EA0303 		orr	r3, r2, r3
 255 00a8 DBB2     		uxtb	r3, r3
 256 00aa 03F00303 		and	r3, r3, #3
 257 00ae FB71     		strb	r3, [r7, #7]
 213:.\Generated_Source\PSoC5/cyfitter_cfg.c **** 		CyDelayCycles(10 * 48); /* Delay 10us based on 48MHz clock */
 258              		.loc 1 213 0
 259 00b0 4FF4F070 		mov	r0, #480
 260 00b4 FFF7FEFF 		bl	CyDelayCycles
 261              		.loc 1 211 0
 262 00b8 BB68     		ldr	r3, [r7, #8]
 263 00ba 03F1FF33 		add	r3, r3, #-1
 264 00be BB60     		str	r3, [r7, #8]
 265              	.L11:
 266 00c0 FB68     		ldr	r3, [r7, #12]
 267 00c2 1B68     		ldr	r3, [r3, #0]
 268 00c4 002B     		cmp	r3, #0
 269 00c6 03D0     		beq	.L12
 270 00c8 FB79     		ldrb	r3, [r7, #7]
 271 00ca DBB2     		uxtb	r3, r3
 272 00cc 032B     		cmp	r3, #3
 273 00ce DCD1     		bne	.L13
 274              	.L12:
 214:.\Generated_Source\PSoC5/cyfitter_cfg.c **** 	}
 215:.\Generated_Source\PSoC5/cyfitter_cfg.c **** 
 216:.\Generated_Source\PSoC5/cyfitter_cfg.c **** 	/* Configure Bus/Master Clock based on settings from Clock DWR */
 217:.\Generated_Source\PSoC5/cyfitter_cfg.c **** 	CY_SET_XTND_REG16((void CYFAR *)(CYREG_CLKDIST_MSTR0), 0x0100);
 275              		.loc 1 217 0
 276 00d0 44F20403 		movw	r3, #:lower16:1073758212
 277 00d4 C4F20003 		movt	r3, #:upper16:1073758212
 278 00d8 4FF48072 		mov	r2, #256
 279 00dc 1A80     		strh	r2, [r3, #0]	@ movhi
 218:.\Generated_Source\PSoC5/cyfitter_cfg.c **** 	CY_SET_XTND_REG8((void CYFAR *)(CYREG_CLKDIST_MSTR0), 0x07);
 280              		.loc 1 218 0
 281 00de 44F20403 		movw	r3, #:lower16:1073758212
 282 00e2 C4F20003 		movt	r3, #:upper16:1073758212
 283 00e6 4FF00702 		mov	r2, #7
 284 00ea 1A70     		strb	r2, [r3, #0]
 219:.\Generated_Source\PSoC5/cyfitter_cfg.c **** 	CY_SET_XTND_REG8((void CYFAR *)(CYREG_CLKDIST_BCFG0), 0x00);
 285              		.loc 1 219 0
 286 00ec 44F20603 		movw	r3, #:lower16:1073758214
 287 00f0 C4F20003 		movt	r3, #:upper16:1073758214
 288 00f4 4FF00002 		mov	r2, #0
 289 00f8 1A70     		strb	r2, [r3, #0]
 220:.\Generated_Source\PSoC5/cyfitter_cfg.c **** 	CY_SET_XTND_REG8((void CYFAR *)(CYREG_CLKDIST_BCFG2), 0x48);
ARM GAS  C:\Users\Kojo\AppData\Local\Temp\cc3HqBJ7.s 			page 10


 290              		.loc 1 220 0
 291 00fa 44F20803 		movw	r3, #:lower16:1073758216
 292 00fe C4F20003 		movt	r3, #:upper16:1073758216
 293 0102 4FF04802 		mov	r2, #72
 294 0106 1A70     		strb	r2, [r3, #0]
 221:.\Generated_Source\PSoC5/cyfitter_cfg.c **** 	CY_SET_XTND_REG8((void CYFAR *)(CYREG_CLKDIST_MSTR0), 0x00);
 295              		.loc 1 221 0
 296 0108 44F20403 		movw	r3, #:lower16:1073758212
 297 010c C4F20003 		movt	r3, #:upper16:1073758212
 298 0110 4FF00002 		mov	r2, #0
 299 0114 1A70     		strb	r2, [r3, #0]
 222:.\Generated_Source\PSoC5/cyfitter_cfg.c **** 	CY_SET_XTND_REG8((void CYFAR *)(CYREG_CLKDIST_LD), 0x02);
 300              		.loc 1 222 0
 301 0116 44F20103 		movw	r3, #:lower16:1073758209
 302 011a C4F20003 		movt	r3, #:upper16:1073758209
 303 011e 4FF00202 		mov	r2, #2
 304 0122 1A70     		strb	r2, [r3, #0]
 223:.\Generated_Source\PSoC5/cyfitter_cfg.c **** 
 224:.\Generated_Source\PSoC5/cyfitter_cfg.c **** 	CY_SET_XTND_REG8((void CYFAR *)(CYREG_PM_ACT_CFG2), ((CY_GET_XTND_REG8(CYREG_PM_ACT_CFG2) | 0x01))
 305              		.loc 1 224 0
 306 0124 44F2A233 		movw	r3, #:lower16:1073759138
 307 0128 C4F20003 		movt	r3, #:upper16:1073759138
 308 012c 44F2A232 		movw	r2, #:lower16:1073759138
 309 0130 C4F20002 		movt	r2, #:upper16:1073759138
 310 0134 1278     		ldrb	r2, [r2, #0]
 311 0136 D2B2     		uxtb	r2, r2
 312 0138 42F00102 		orr	r2, r2, #1
 313 013c D2B2     		uxtb	r2, r2
 314 013e 1A70     		strb	r2, [r3, #0]
 225:.\Generated_Source\PSoC5/cyfitter_cfg.c **** }
 315              		.loc 1 225 0
 316 0140 07F11007 		add	r7, r7, #16
 317 0144 BD46     		mov	sp, r7
 318 0146 80BD     		pop	{r7, pc}
 319              		.cfi_endproc
 320              	.LFE2:
 321              		.size	ClockSetup, .-ClockSetup
 322              		.section	.text.AnalogSetDefault,"ax",%progbits
 323              		.align	2
 324              		.global	AnalogSetDefault
 325              		.thumb
 326              		.thumb_func
 327              		.type	AnalogSetDefault, %function
 328              	AnalogSetDefault:
 329              	.LFB3:
 226:.\Generated_Source\PSoC5/cyfitter_cfg.c **** 
 227:.\Generated_Source\PSoC5/cyfitter_cfg.c **** 
 228:.\Generated_Source\PSoC5/cyfitter_cfg.c **** /* Analog API Functions */
 229:.\Generated_Source\PSoC5/cyfitter_cfg.c **** 
 230:.\Generated_Source\PSoC5/cyfitter_cfg.c **** /*******************************************************************************
 231:.\Generated_Source\PSoC5/cyfitter_cfg.c **** * Function Name: AnalogSetDefault
 232:.\Generated_Source\PSoC5/cyfitter_cfg.c **** ********************************************************************************
 233:.\Generated_Source\PSoC5/cyfitter_cfg.c **** *
 234:.\Generated_Source\PSoC5/cyfitter_cfg.c **** * Summary:
 235:.\Generated_Source\PSoC5/cyfitter_cfg.c **** *  Sets up the analog portions of the chip to default values based on chip
 236:.\Generated_Source\PSoC5/cyfitter_cfg.c **** *  configuration options from the project.
 237:.\Generated_Source\PSoC5/cyfitter_cfg.c **** *
ARM GAS  C:\Users\Kojo\AppData\Local\Temp\cc3HqBJ7.s 			page 11


 238:.\Generated_Source\PSoC5/cyfitter_cfg.c **** * Parameters:
 239:.\Generated_Source\PSoC5/cyfitter_cfg.c **** *  void
 240:.\Generated_Source\PSoC5/cyfitter_cfg.c **** *
 241:.\Generated_Source\PSoC5/cyfitter_cfg.c **** * Return:
 242:.\Generated_Source\PSoC5/cyfitter_cfg.c **** *  void
 243:.\Generated_Source\PSoC5/cyfitter_cfg.c **** *
 244:.\Generated_Source\PSoC5/cyfitter_cfg.c **** *******************************************************************************/
 245:.\Generated_Source\PSoC5/cyfitter_cfg.c **** void AnalogSetDefault(void)
 246:.\Generated_Source\PSoC5/cyfitter_cfg.c **** {
 330              		.loc 1 246 0
 331              		.cfi_startproc
 332              		@ args = 0, pretend = 0, frame = 8
 333              		@ frame_needed = 1, uses_anonymous_args = 0
 334              		@ link register save eliminated.
 335 0000 80B4     		push	{r7}
 336              	.LCFI9:
 337              		.cfi_def_cfa_offset 4
 338 0002 83B0     		sub	sp, sp, #12
 339              	.LCFI10:
 340              		.cfi_def_cfa_offset 16
 341 0004 00AF     		add	r7, sp, #0
 342              		.cfi_offset 7, -4
 343              	.LCFI11:
 344              		.cfi_def_cfa_register 7
 247:.\Generated_Source\PSoC5/cyfitter_cfg.c **** 	uint8 bg_xover_inl_trim = CY_GET_XTND_REG8(CYREG_FLSHID_MFG_CFG_BG_XOVER_INL_TRIM + 1u);
 345              		.loc 1 247 0
 346 0006 40F2CF13 		movw	r3, #:lower16:1224737231
 347 000a C4F60013 		movt	r3, #:upper16:1224737231
 348 000e 1B78     		ldrb	r3, [r3, #0]
 349 0010 FB71     		strb	r3, [r7, #7]
 248:.\Generated_Source\PSoC5/cyfitter_cfg.c **** 	CY_SET_XTND_REG8(CYREG_BG_DFT0, bg_xover_inl_trim & 0x07u);
 350              		.loc 1 248 0
 351 0012 45F66E03 		movw	r3, #:lower16:1073764462
 352 0016 C4F20003 		movt	r3, #:upper16:1073764462
 353 001a FA79     		ldrb	r2, [r7, #7]	@ zero_extendqisi2
 354 001c 02F00702 		and	r2, r2, #7
 355 0020 1A70     		strb	r2, [r3, #0]
 249:.\Generated_Source\PSoC5/cyfitter_cfg.c **** 	CY_SET_XTND_REG8(CYREG_BG_DFT1, (bg_xover_inl_trim >> 4) & 0x0Fu);
 356              		.loc 1 249 0
 357 0022 45F66F03 		movw	r3, #:lower16:1073764463
 358 0026 C4F20003 		movt	r3, #:upper16:1073764463
 359 002a FA79     		ldrb	r2, [r7, #7]	@ zero_extendqisi2
 360 002c 4FEA1212 		lsr	r2, r2, #4
 361 0030 D2B2     		uxtb	r2, r2
 362 0032 1A70     		strb	r2, [r3, #0]
 250:.\Generated_Source\PSoC5/cyfitter_cfg.c **** 	CY_SET_XTND_REG8(CYREG_PUMP_CR0, 0x44);
 363              		.loc 1 250 0
 364 0034 45F67603 		movw	r3, #:lower16:1073764470
 365 0038 C4F20003 		movt	r3, #:upper16:1073764470
 366 003c 4FF04402 		mov	r2, #68
 367 0040 1A70     		strb	r2, [r3, #0]
 251:.\Generated_Source\PSoC5/cyfitter_cfg.c **** }
 368              		.loc 1 251 0
 369 0042 07F10C07 		add	r7, r7, #12
 370 0046 BD46     		mov	sp, r7
 371 0048 80BC     		pop	{r7}
 372 004a 7047     		bx	lr
ARM GAS  C:\Users\Kojo\AppData\Local\Temp\cc3HqBJ7.s 			page 12


 373              		.cfi_endproc
 374              	.LFE3:
 375              		.size	AnalogSetDefault, .-AnalogSetDefault
 376              		.section	.text.SetAnalogRoutingPumps,"ax",%progbits
 377              		.align	2
 378              		.global	SetAnalogRoutingPumps
 379              		.thumb
 380              		.thumb_func
 381              		.type	SetAnalogRoutingPumps, %function
 382              	SetAnalogRoutingPumps:
 383              	.LFB4:
 252:.\Generated_Source\PSoC5/cyfitter_cfg.c **** 
 253:.\Generated_Source\PSoC5/cyfitter_cfg.c **** 
 254:.\Generated_Source\PSoC5/cyfitter_cfg.c **** /*******************************************************************************
 255:.\Generated_Source\PSoC5/cyfitter_cfg.c **** * Function Name: SetAnalogRoutingPumps
 256:.\Generated_Source\PSoC5/cyfitter_cfg.c **** ********************************************************************************
 257:.\Generated_Source\PSoC5/cyfitter_cfg.c **** *
 258:.\Generated_Source\PSoC5/cyfitter_cfg.c **** * Summary:
 259:.\Generated_Source\PSoC5/cyfitter_cfg.c **** * Enables or disables the analog pumps feeding analog routing switches.
 260:.\Generated_Source\PSoC5/cyfitter_cfg.c **** * Intended to be called at startup, based on the Vdda system configuration;
 261:.\Generated_Source\PSoC5/cyfitter_cfg.c **** * may be called during operation when the user informs us that the Vdda voltage crossed the pump th
 262:.\Generated_Source\PSoC5/cyfitter_cfg.c **** *
 263:.\Generated_Source\PSoC5/cyfitter_cfg.c **** * Parameters:
 264:.\Generated_Source\PSoC5/cyfitter_cfg.c **** *  enabled - 1 to enable the pumps, 0 to disable the pumps
 265:.\Generated_Source\PSoC5/cyfitter_cfg.c **** *
 266:.\Generated_Source\PSoC5/cyfitter_cfg.c **** * Return:
 267:.\Generated_Source\PSoC5/cyfitter_cfg.c **** *  void
 268:.\Generated_Source\PSoC5/cyfitter_cfg.c **** *
 269:.\Generated_Source\PSoC5/cyfitter_cfg.c **** *******************************************************************************/
 270:.\Generated_Source\PSoC5/cyfitter_cfg.c **** void SetAnalogRoutingPumps(uint8 enabled)
 271:.\Generated_Source\PSoC5/cyfitter_cfg.c **** {
 384              		.loc 1 271 0
 385              		.cfi_startproc
 386              		@ args = 0, pretend = 0, frame = 16
 387              		@ frame_needed = 1, uses_anonymous_args = 0
 388              		@ link register save eliminated.
 389 0000 80B4     		push	{r7}
 390              	.LCFI12:
 391              		.cfi_def_cfa_offset 4
 392 0002 85B0     		sub	sp, sp, #20
 393              	.LCFI13:
 394              		.cfi_def_cfa_offset 24
 395 0004 00AF     		add	r7, sp, #0
 396              		.cfi_offset 7, -4
 397              	.LCFI14:
 398              		.cfi_def_cfa_register 7
 399 0006 0346     		mov	r3, r0
 400 0008 FB71     		strb	r3, [r7, #7]
 272:.\Generated_Source\PSoC5/cyfitter_cfg.c **** 	uint8 regValue = CY_GET_XTND_REG8(CYREG_PUMP_CR0);
 401              		.loc 1 272 0
 402 000a 45F67603 		movw	r3, #:lower16:1073764470
 403 000e C4F20003 		movt	r3, #:upper16:1073764470
 404 0012 1B78     		ldrb	r3, [r3, #0]
 405 0014 FB73     		strb	r3, [r7, #15]
 273:.\Generated_Source\PSoC5/cyfitter_cfg.c **** 	if (enabled)
 406              		.loc 1 273 0
 407 0016 FB79     		ldrb	r3, [r7, #7]	@ zero_extendqisi2
ARM GAS  C:\Users\Kojo\AppData\Local\Temp\cc3HqBJ7.s 			page 13


 408 0018 002B     		cmp	r3, #0
 274:.\Generated_Source\PSoC5/cyfitter_cfg.c **** 		regValue |= 0x00;
 275:.\Generated_Source\PSoC5/cyfitter_cfg.c **** 	else
 276:.\Generated_Source\PSoC5/cyfitter_cfg.c **** 		regValue &= ~0x00;
 277:.\Generated_Source\PSoC5/cyfitter_cfg.c **** 	CY_SET_XTND_REG8(CYREG_PUMP_CR0, regValue);
 409              		.loc 1 277 0
 410 001a 45F67603 		movw	r3, #:lower16:1073764470
 411 001e C4F20003 		movt	r3, #:upper16:1073764470
 412 0022 FA7B     		ldrb	r2, [r7, #15]
 413 0024 1A70     		strb	r2, [r3, #0]
 278:.\Generated_Source\PSoC5/cyfitter_cfg.c **** }
 414              		.loc 1 278 0
 415 0026 07F11407 		add	r7, r7, #20
 416 002a BD46     		mov	sp, r7
 417 002c 80BC     		pop	{r7}
 418 002e 7047     		bx	lr
 419              		.cfi_endproc
 420              	.LFE4:
 421              		.size	SetAnalogRoutingPumps, .-SetAnalogRoutingPumps
 422              		.section	.text.cyfitter_cfg,"ax",%progbits
 423              		.align	2
 424              		.global	cyfitter_cfg
 425              		.thumb
 426              		.thumb_func
 427              		.type	cyfitter_cfg, %function
 428              	cyfitter_cfg:
 429              	.LFB5:
 279:.\Generated_Source\PSoC5/cyfitter_cfg.c **** 
 280:.\Generated_Source\PSoC5/cyfitter_cfg.c **** #define CY_AMUX_UNUSED CYREG_BOOST_SR
 281:.\Generated_Source\PSoC5/cyfitter_cfg.c **** 
 282:.\Generated_Source\PSoC5/cyfitter_cfg.c **** 
 283:.\Generated_Source\PSoC5/cyfitter_cfg.c **** /*******************************************************************************
 284:.\Generated_Source\PSoC5/cyfitter_cfg.c **** * Function Name: cyfitter_cfg
 285:.\Generated_Source\PSoC5/cyfitter_cfg.c **** ********************************************************************************
 286:.\Generated_Source\PSoC5/cyfitter_cfg.c **** * Summary:
 287:.\Generated_Source\PSoC5/cyfitter_cfg.c **** *  This function is called by the start-up code for the selected device. It
 288:.\Generated_Source\PSoC5/cyfitter_cfg.c **** *  performs all of the necessary device configuration based on the design
 289:.\Generated_Source\PSoC5/cyfitter_cfg.c **** *  settings.  This includes settings from the Design Wide Resources (DWR) such
 290:.\Generated_Source\PSoC5/cyfitter_cfg.c **** *  as Clocks and Pins as well as any component configuration that is necessary.
 291:.\Generated_Source\PSoC5/cyfitter_cfg.c **** *
 292:.\Generated_Source\PSoC5/cyfitter_cfg.c **** * Parameters:  
 293:.\Generated_Source\PSoC5/cyfitter_cfg.c **** *   void
 294:.\Generated_Source\PSoC5/cyfitter_cfg.c **** *
 295:.\Generated_Source\PSoC5/cyfitter_cfg.c **** * Return:
 296:.\Generated_Source\PSoC5/cyfitter_cfg.c **** *   void
 297:.\Generated_Source\PSoC5/cyfitter_cfg.c **** *
 298:.\Generated_Source\PSoC5/cyfitter_cfg.c **** *******************************************************************************/
 299:.\Generated_Source\PSoC5/cyfitter_cfg.c **** void cyfitter_cfg(void)
 300:.\Generated_Source\PSoC5/cyfitter_cfg.c **** {
 430              		.loc 1 300 0
 431              		.cfi_startproc
 432              		@ args = 0, pretend = 0, frame = 8
 433              		@ frame_needed = 1, uses_anonymous_args = 0
 434 0000 80B5     		push	{r7, lr}
 435              	.LCFI15:
 436              		.cfi_def_cfa_offset 8
 437 0002 82B0     		sub	sp, sp, #8
ARM GAS  C:\Users\Kojo\AppData\Local\Temp\cc3HqBJ7.s 			page 14


 438              	.LCFI16:
 439              		.cfi_def_cfa_offset 16
 440 0004 00AF     		add	r7, sp, #0
 441              		.cfi_offset 14, -4
 442              		.cfi_offset 7, -8
 443              	.LCFI17:
 444              		.cfi_def_cfa_register 7
 301:.\Generated_Source\PSoC5/cyfitter_cfg.c **** #ifdef CYGlobalIntDisable
 302:.\Generated_Source\PSoC5/cyfitter_cfg.c **** 	/* Disable interrupts by default. Let user enable if/when they want. */
 303:.\Generated_Source\PSoC5/cyfitter_cfg.c **** 	CYGlobalIntDisable;
 445              		.loc 1 303 0
 446              	@ 303 ".\Generated_Source\PSoC5\cyfitter_cfg.c" 1
 447 0006 72B6     		CPSID   i
 448              	@ 0 "" 2
 304:.\Generated_Source\PSoC5/cyfitter_cfg.c **** #endif
 305:.\Generated_Source\PSoC5/cyfitter_cfg.c **** 
 306:.\Generated_Source\PSoC5/cyfitter_cfg.c **** 	/* Enable/Disable Debug functionality based on settings from System DWR */
 307:.\Generated_Source\PSoC5/cyfitter_cfg.c **** 	CY_SET_XTND_REG8(CYREG_MLOGIC_DEBUG, (CY_GET_XTND_REG8(CYREG_MLOGIC_DEBUG) | 0x04));
 449              		.loc 1 307 0
 450              		.thumb
 451 0008 44F2E863 		movw	r3, #:lower16:1073759976
 452 000c C4F20003 		movt	r3, #:upper16:1073759976
 453 0010 44F2E862 		movw	r2, #:lower16:1073759976
 454 0014 C4F20002 		movt	r2, #:upper16:1073759976
 455 0018 1278     		ldrb	r2, [r2, #0]
 456 001a D2B2     		uxtb	r2, r2
 457 001c 42F00402 		orr	r2, r2, #4
 458 0020 D2B2     		uxtb	r2, r2
 459 0022 1A70     		strb	r2, [r3, #0]
 460              	.LBB3:
 308:.\Generated_Source\PSoC5/cyfitter_cfg.c **** 
 309:.\Generated_Source\PSoC5/cyfitter_cfg.c **** 	{
 310:.\Generated_Source\PSoC5/cyfitter_cfg.c **** 		uint8 CYDATA i;
 311:.\Generated_Source\PSoC5/cyfitter_cfg.c **** 
 312:.\Generated_Source\PSoC5/cyfitter_cfg.c **** 		/* Zero out critical memory blocks before beginning configuration */
 313:.\Generated_Source\PSoC5/cyfitter_cfg.c **** 		for (i = 0; i < CFG_MEMSET_COUNT; i++)
 461              		.loc 1 313 0
 462 0024 4FF00003 		mov	r3, #0
 463 0028 FB70     		strb	r3, [r7, #3]
 464 002a 31E0     		b	.L22
 465              	.L23:
 466              	.LBB4:
 314:.\Generated_Source\PSoC5/cyfitter_cfg.c **** 		{
 315:.\Generated_Source\PSoC5/cyfitter_cfg.c **** 			const cfg_memset_t CYCODE * CYDATA ms = &cfg_memset_list[i];
 467              		.loc 1 315 0
 468 002c FA78     		ldrb	r2, [r7, #3]	@ zero_extendqisi2
 469 002e 1346     		mov	r3, r2
 470 0030 4FEA4303 		lsl	r3, r3, #1
 471 0034 1344     		add	r3, r3, r2
 472 0036 4FEA4303 		lsl	r3, r3, #1
 473 003a 1A46     		mov	r2, r3
 474 003c 40F20003 		movw	r3, #:lower16:cfg_memset_list
 475 0040 C0F20003 		movt	r3, #:upper16:cfg_memset_list
 476 0044 1344     		add	r3, r2, r3
 477 0046 7B60     		str	r3, [r7, #4]
 316:.\Generated_Source\PSoC5/cyfitter_cfg.c **** 			CYMEMZERO(ms->address, ms->size);
 478              		.loc 1 316 0
ARM GAS  C:\Users\Kojo\AppData\Local\Temp\cc3HqBJ7.s 			page 15


 479 0048 7B68     		ldr	r3, [r7, #4]
 480 004a 1A78     		ldrb	r2, [r3, #0]	@ zero_extendqisi2
 481 004c 5978     		ldrb	r1, [r3, #1]	@ zero_extendqisi2
 482 004e 4FEA0121 		lsl	r1, r1, #8
 483 0052 41EA0202 		orr	r2, r1, r2
 484 0056 9978     		ldrb	r1, [r3, #2]	@ zero_extendqisi2
 485 0058 4FEA0141 		lsl	r1, r1, #16
 486 005c 41EA0202 		orr	r2, r1, r2
 487 0060 DB78     		ldrb	r3, [r3, #3]	@ zero_extendqisi2
 488 0062 4FEA0363 		lsl	r3, r3, #24
 489 0066 43EA0203 		orr	r3, r3, r2
 490 006a 1A46     		mov	r2, r3
 491 006c 7B68     		ldr	r3, [r7, #4]
 492 006e 1979     		ldrb	r1, [r3, #4]	@ zero_extendqisi2
 493 0070 5B79     		ldrb	r3, [r3, #5]	@ zero_extendqisi2
 494 0072 4FEA0323 		lsl	r3, r3, #8
 495 0076 43EA0103 		orr	r3, r3, r1
 496 007a 9BB2     		uxth	r3, r3
 497 007c 1046     		mov	r0, r2
 498 007e 4FF00001 		mov	r1, #0
 499 0082 1A46     		mov	r2, r3
 500 0084 FFF7FEFF 		bl	memset
 501              	.LBE4:
 502              		.loc 1 313 0
 503 0088 FB78     		ldrb	r3, [r7, #3]
 504 008a 03F10103 		add	r3, r3, #1
 505 008e FB70     		strb	r3, [r7, #3]
 506              	.L22:
 507 0090 FB78     		ldrb	r3, [r7, #3]	@ zero_extendqisi2
 508 0092 072B     		cmp	r3, #7
 509 0094 CAD9     		bls	.L23
 317:.\Generated_Source\PSoC5/cyfitter_cfg.c **** 		}
 318:.\Generated_Source\PSoC5/cyfitter_cfg.c **** 
 319:.\Generated_Source\PSoC5/cyfitter_cfg.c **** 		cfg_write_bytes32();
 510              		.loc 1 319 0
 511 0096 FFF7FEFF 		bl	cfg_write_bytes32
 320:.\Generated_Source\PSoC5/cyfitter_cfg.c **** 
 321:.\Generated_Source\PSoC5/cyfitter_cfg.c **** 		/* Enable digital routing */
 322:.\Generated_Source\PSoC5/cyfitter_cfg.c **** 		CY_SET_XTND_REG8(CYREG_BCTL0_BANK_CTL, CY_GET_XTND_REG8(CYREG_BCTL0_BANK_CTL) | 0x02u);
 512              		.loc 1 322 0
 513 009a 45F20303 		movw	r3, #:lower16:1073827843
 514 009e C4F20103 		movt	r3, #:upper16:1073827843
 515 00a2 45F20302 		movw	r2, #:lower16:1073827843
 516 00a6 C4F20102 		movt	r2, #:upper16:1073827843
 517 00aa 1278     		ldrb	r2, [r2, #0]
 518 00ac D2B2     		uxtb	r2, r2
 519 00ae 42F00202 		orr	r2, r2, #2
 520 00b2 D2B2     		uxtb	r2, r2
 521 00b4 1A70     		strb	r2, [r3, #0]
 323:.\Generated_Source\PSoC5/cyfitter_cfg.c **** 		CY_SET_XTND_REG8(CYREG_BCTL1_BANK_CTL, CY_GET_XTND_REG8(CYREG_BCTL1_BANK_CTL) | 0x02u);
 522              		.loc 1 323 0
 523 00b6 45F21303 		movw	r3, #:lower16:1073827859
 524 00ba C4F20103 		movt	r3, #:upper16:1073827859
 525 00be 45F21302 		movw	r2, #:lower16:1073827859
 526 00c2 C4F20102 		movt	r2, #:upper16:1073827859
 527 00c6 1278     		ldrb	r2, [r2, #0]
 528 00c8 D2B2     		uxtb	r2, r2
ARM GAS  C:\Users\Kojo\AppData\Local\Temp\cc3HqBJ7.s 			page 16


 529 00ca 42F00202 		orr	r2, r2, #2
 530 00ce D2B2     		uxtb	r2, r2
 531 00d0 1A70     		strb	r2, [r3, #0]
 324:.\Generated_Source\PSoC5/cyfitter_cfg.c **** 
 325:.\Generated_Source\PSoC5/cyfitter_cfg.c **** 		/* Enable UDB array */
 326:.\Generated_Source\PSoC5/cyfitter_cfg.c **** 		CY_SET_XTND_REG8(CYREG_PM_ACT_CFG0, CY_GET_XTND_REG8(CYREG_PM_ACT_CFG0) | 0x40u);
 532              		.loc 1 326 0
 533 00d2 44F2A033 		movw	r3, #:lower16:1073759136
 534 00d6 C4F20003 		movt	r3, #:upper16:1073759136
 535 00da 44F2A032 		movw	r2, #:lower16:1073759136
 536 00de C4F20002 		movt	r2, #:upper16:1073759136
 537 00e2 1278     		ldrb	r2, [r2, #0]
 538 00e4 D2B2     		uxtb	r2, r2
 539 00e6 42F04002 		orr	r2, r2, #64
 540 00ea D2B2     		uxtb	r2, r2
 541 00ec 1A70     		strb	r2, [r3, #0]
 327:.\Generated_Source\PSoC5/cyfitter_cfg.c **** 		CY_SET_XTND_REG8(CYREG_PM_AVAIL_CR2, CY_GET_XTND_REG8(CYREG_PM_AVAIL_CR2) | 0x10u);
 542              		.loc 1 327 0
 543 00ee 44F2C233 		movw	r3, #:lower16:1073759170
 544 00f2 C4F20003 		movt	r3, #:upper16:1073759170
 545 00f6 44F2C232 		movw	r2, #:lower16:1073759170
 546 00fa C4F20002 		movt	r2, #:upper16:1073759170
 547 00fe 1278     		ldrb	r2, [r2, #0]
 548 0100 D2B2     		uxtb	r2, r2
 549 0102 42F01002 		orr	r2, r2, #16
 550 0106 D2B2     		uxtb	r2, r2
 551 0108 1A70     		strb	r2, [r3, #0]
 552              	.LBE3:
 328:.\Generated_Source\PSoC5/cyfitter_cfg.c **** 	}
 329:.\Generated_Source\PSoC5/cyfitter_cfg.c **** 
 330:.\Generated_Source\PSoC5/cyfitter_cfg.c **** 	/* Perform second pass device configuration. These items must be configured in specific order afte
 331:.\Generated_Source\PSoC5/cyfitter_cfg.c **** 	CYCONFIGCPY((void CYFAR *)(CYREG_PRT12_DM0), (void CYFAR *)(BS_IOPINS0_7_VAL), 8);
 553              		.loc 1 331 0
 554 010a 45F2C210 		movw	r0, #:lower16:1073762754
 555 010e C4F20000 		movt	r0, #:upper16:1073762754
 556 0112 40F20841 		movw	r1, #:lower16:1207960584
 557 0116 C4F60001 		movt	r1, #:upper16:1207960584
 558 011a 4FF00802 		mov	r2, #8
 559 011e FFF7FEFF 		bl	memcpy
 332:.\Generated_Source\PSoC5/cyfitter_cfg.c **** 	CYCONFIGCPY((void CYFAR *)(CYREG_PRT2_DM0), (void CYFAR *)(BS_IOPINS0_2_VAL), 8);
 560              		.loc 1 332 0
 561 0122 45F22210 		movw	r0, #:lower16:1073762594
 562 0126 C4F20000 		movt	r0, #:upper16:1073762594
 563 012a 40F21041 		movw	r1, #:lower16:1207960592
 564 012e C4F60001 		movt	r1, #:upper16:1207960592
 565 0132 4FF00802 		mov	r2, #8
 566 0136 FFF7FEFF 		bl	memcpy
 333:.\Generated_Source\PSoC5/cyfitter_cfg.c **** 	CYCONFIGCPY((void CYFAR *)(CYREG_PRT6_DR), (void CYFAR *)(BS_IOPINS0_6_VAL), 10);
 567              		.loc 1 333 0
 568 013a 45F26010 		movw	r0, #:lower16:1073762656
 569 013e C4F20000 		movt	r0, #:upper16:1073762656
 570 0142 40F21841 		movw	r1, #:lower16:1207960600
 571 0146 C4F60001 		movt	r1, #:upper16:1207960600
 572 014a 4FF00A02 		mov	r2, #10
 573 014e FFF7FEFF 		bl	memcpy
 334:.\Generated_Source\PSoC5/cyfitter_cfg.c **** 
 335:.\Generated_Source\PSoC5/cyfitter_cfg.c **** 	/* Switch Boost to the precision bandgap reference from its internal reference */
ARM GAS  C:\Users\Kojo\AppData\Local\Temp\cc3HqBJ7.s 			page 17


 336:.\Generated_Source\PSoC5/cyfitter_cfg.c **** 	CY_SET_REG8(CYDEV_BOOST_CR2, (CY_GET_REG8(CYDEV_BOOST_CR2) | 0x08));
 574              		.loc 1 336 0
 575 0152 44F22233 		movw	r3, #:lower16:1073759010
 576 0156 C4F20003 		movt	r3, #:upper16:1073759010
 577 015a 44F22232 		movw	r2, #:lower16:1073759010
 578 015e C4F20002 		movt	r2, #:upper16:1073759010
 579 0162 1278     		ldrb	r2, [r2, #0]
 580 0164 D2B2     		uxtb	r2, r2
 581 0166 42F00802 		orr	r2, r2, #8
 582 016a D2B2     		uxtb	r2, r2
 583 016c 1A70     		strb	r2, [r3, #0]
 337:.\Generated_Source\PSoC5/cyfitter_cfg.c **** 
 338:.\Generated_Source\PSoC5/cyfitter_cfg.c **** 	/* Set Flash Cycles based on max possible frequency in case a glitch occurs during ClockSetup(). *
 339:.\Generated_Source\PSoC5/cyfitter_cfg.c **** 	CY_SET_XTND_REG8((void CYFAR *)(CYREG_CACHE_CC_CTL), ((CYDEV_INSTRUCT_CACHE_ENABLED) ? 0x01 : 0x00
 584              		.loc 1 339 0
 585 016e 44F60003 		movw	r3, #:lower16:1073760256
 586 0172 C4F20003 		movt	r3, #:upper16:1073760256
 587 0176 4FF00102 		mov	r2, #1
 588 017a 1A70     		strb	r2, [r3, #0]
 340:.\Generated_Source\PSoC5/cyfitter_cfg.c **** 	/* Setup clocks based on selections from Clock DWR */
 341:.\Generated_Source\PSoC5/cyfitter_cfg.c **** 	ClockSetup();
 589              		.loc 1 341 0
 590 017c FFF7FEFF 		bl	ClockSetup
 342:.\Generated_Source\PSoC5/cyfitter_cfg.c **** 	/* Set Flash Cycles based on newly configured 24.00MHz Bus Clock. */
 343:.\Generated_Source\PSoC5/cyfitter_cfg.c **** 	CY_SET_XTND_REG8((void CYFAR *)(CYREG_CACHE_CC_CTL), ((CYDEV_INSTRUCT_CACHE_ENABLED) ? 0x81 : 0x80
 591              		.loc 1 343 0
 592 0180 44F60003 		movw	r3, #:lower16:1073760256
 593 0184 C4F20003 		movt	r3, #:upper16:1073760256
 594 0188 6FF07E02 		mvn	r2, #126
 595 018c 1A70     		strb	r2, [r3, #0]
 344:.\Generated_Source\PSoC5/cyfitter_cfg.c **** 	CY_SET_XTND_REG8((void CYFAR *)(CYREG_PANTHER_WAITPIPE), 0x01);
 596              		.loc 1 344 0
 597 018e 40F20403 		movw	r3, #:lower16:1074266116
 598 0192 C4F20803 		movt	r3, #:upper16:1074266116
 599 0196 4FF00102 		mov	r2, #1
 600 019a 1A70     		strb	r2, [r3, #0]
 345:.\Generated_Source\PSoC5/cyfitter_cfg.c **** 
 346:.\Generated_Source\PSoC5/cyfitter_cfg.c **** 	/* Perform basic analog initialization to defaults */
 347:.\Generated_Source\PSoC5/cyfitter_cfg.c **** 	AnalogSetDefault();
 601              		.loc 1 347 0
 602 019c FFF7FEFF 		bl	AnalogSetDefault
 348:.\Generated_Source\PSoC5/cyfitter_cfg.c **** 
 349:.\Generated_Source\PSoC5/cyfitter_cfg.c **** 	/* Configure alternate active mode */
 350:.\Generated_Source\PSoC5/cyfitter_cfg.c **** 	CYCONFIGCPY((void CYFAR *)CYDEV_PM_STBY_BASE, (void CYFAR *)CYDEV_PM_ACT_BASE, 14);
 603              		.loc 1 350 0
 604 01a0 44F2B030 		movw	r0, #:lower16:1073759152
 605 01a4 C4F20000 		movt	r0, #:upper16:1073759152
 606 01a8 44F2A031 		movw	r1, #:lower16:1073759136
 607 01ac C4F20001 		movt	r1, #:upper16:1073759136
 608 01b0 4FF00E02 		mov	r2, #14
 609 01b4 FFF7FEFF 		bl	memcpy
 351:.\Generated_Source\PSoC5/cyfitter_cfg.c **** }
 610              		.loc 1 351 0
 611 01b8 07F10807 		add	r7, r7, #8
 612 01bc BD46     		mov	sp, r7
 613 01be 80BD     		pop	{r7, pc}
 614              		.cfi_endproc
ARM GAS  C:\Users\Kojo\AppData\Local\Temp\cc3HqBJ7.s 			page 18


 615              	.LFE5:
 616              		.size	cyfitter_cfg, .-cyfitter_cfg
 617              		.text
 618              	.Letext0:
 619              		.section	.debug_loc,"",%progbits
 620              	.Ldebug_loc0:
 621              	.LLST0:
 622 0000 00000000 		.4byte	.LFB0
 623 0004 02000000 		.4byte	.LCFI0
 624 0008 0100     		.2byte	0x1
 625 000a 5D       		.byte	0x5d
 626 000b 02000000 		.4byte	.LCFI0
 627 000f 04000000 		.4byte	.LCFI1
 628 0013 0200     		.2byte	0x2
 629 0015 7D       		.byte	0x7d
 630 0016 04       		.sleb128 4
 631 0017 04000000 		.4byte	.LCFI1
 632 001b 06000000 		.4byte	.LCFI2
 633 001f 0200     		.2byte	0x2
 634 0021 7D       		.byte	0x7d
 635 0022 10       		.sleb128 16
 636 0023 06000000 		.4byte	.LCFI2
 637 0027 0C000000 		.4byte	.LFE0
 638 002b 0200     		.2byte	0x2
 639 002d 77       		.byte	0x77
 640 002e 10       		.sleb128 16
 641 002f 00000000 		.4byte	0x0
 642 0033 00000000 		.4byte	0x0
 643              	.LLST1:
 644 0037 00000000 		.4byte	.LFB1
 645 003b 02000000 		.4byte	.LCFI3
 646 003f 0100     		.2byte	0x1
 647 0041 5D       		.byte	0x5d
 648 0042 02000000 		.4byte	.LCFI3
 649 0046 04000000 		.4byte	.LCFI4
 650 004a 0200     		.2byte	0x2
 651 004c 7D       		.byte	0x7d
 652 004d 04       		.sleb128 4
 653 004e 04000000 		.4byte	.LCFI4
 654 0052 06000000 		.4byte	.LCFI5
 655 0056 0200     		.2byte	0x2
 656 0058 7D       		.byte	0x7d
 657 0059 18       		.sleb128 24
 658 005a 06000000 		.4byte	.LCFI5
 659 005e 92000000 		.4byte	.LFE1
 660 0062 0200     		.2byte	0x2
 661 0064 77       		.byte	0x77
 662 0065 18       		.sleb128 24
 663 0066 00000000 		.4byte	0x0
 664 006a 00000000 		.4byte	0x0
 665              	.LLST2:
 666 006e 00000000 		.4byte	.LFB2
 667 0072 02000000 		.4byte	.LCFI6
 668 0076 0100     		.2byte	0x1
 669 0078 5D       		.byte	0x5d
 670 0079 02000000 		.4byte	.LCFI6
 671 007d 04000000 		.4byte	.LCFI7
ARM GAS  C:\Users\Kojo\AppData\Local\Temp\cc3HqBJ7.s 			page 19


 672 0081 0200     		.2byte	0x2
 673 0083 7D       		.byte	0x7d
 674 0084 08       		.sleb128 8
 675 0085 04000000 		.4byte	.LCFI7
 676 0089 06000000 		.4byte	.LCFI8
 677 008d 0200     		.2byte	0x2
 678 008f 7D       		.byte	0x7d
 679 0090 18       		.sleb128 24
 680 0091 06000000 		.4byte	.LCFI8
 681 0095 48010000 		.4byte	.LFE2
 682 0099 0200     		.2byte	0x2
 683 009b 77       		.byte	0x77
 684 009c 18       		.sleb128 24
 685 009d 00000000 		.4byte	0x0
 686 00a1 00000000 		.4byte	0x0
 687              	.LLST3:
 688 00a5 00000000 		.4byte	.LFB3
 689 00a9 02000000 		.4byte	.LCFI9
 690 00ad 0100     		.2byte	0x1
 691 00af 5D       		.byte	0x5d
 692 00b0 02000000 		.4byte	.LCFI9
 693 00b4 04000000 		.4byte	.LCFI10
 694 00b8 0200     		.2byte	0x2
 695 00ba 7D       		.byte	0x7d
 696 00bb 04       		.sleb128 4
 697 00bc 04000000 		.4byte	.LCFI10
 698 00c0 06000000 		.4byte	.LCFI11
 699 00c4 0200     		.2byte	0x2
 700 00c6 7D       		.byte	0x7d
 701 00c7 10       		.sleb128 16
 702 00c8 06000000 		.4byte	.LCFI11
 703 00cc 4C000000 		.4byte	.LFE3
 704 00d0 0200     		.2byte	0x2
 705 00d2 77       		.byte	0x77
 706 00d3 10       		.sleb128 16
 707 00d4 00000000 		.4byte	0x0
 708 00d8 00000000 		.4byte	0x0
 709              	.LLST4:
 710 00dc 00000000 		.4byte	.LFB4
 711 00e0 02000000 		.4byte	.LCFI12
 712 00e4 0100     		.2byte	0x1
 713 00e6 5D       		.byte	0x5d
 714 00e7 02000000 		.4byte	.LCFI12
 715 00eb 04000000 		.4byte	.LCFI13
 716 00ef 0200     		.2byte	0x2
 717 00f1 7D       		.byte	0x7d
 718 00f2 04       		.sleb128 4
 719 00f3 04000000 		.4byte	.LCFI13
 720 00f7 06000000 		.4byte	.LCFI14
 721 00fb 0200     		.2byte	0x2
 722 00fd 7D       		.byte	0x7d
 723 00fe 18       		.sleb128 24
 724 00ff 06000000 		.4byte	.LCFI14
 725 0103 30000000 		.4byte	.LFE4
 726 0107 0200     		.2byte	0x2
 727 0109 77       		.byte	0x77
 728 010a 18       		.sleb128 24
ARM GAS  C:\Users\Kojo\AppData\Local\Temp\cc3HqBJ7.s 			page 20


 729 010b 00000000 		.4byte	0x0
 730 010f 00000000 		.4byte	0x0
 731              	.LLST5:
 732 0113 00000000 		.4byte	.LFB5
 733 0117 02000000 		.4byte	.LCFI15
 734 011b 0100     		.2byte	0x1
 735 011d 5D       		.byte	0x5d
 736 011e 02000000 		.4byte	.LCFI15
 737 0122 04000000 		.4byte	.LCFI16
 738 0126 0200     		.2byte	0x2
 739 0128 7D       		.byte	0x7d
 740 0129 08       		.sleb128 8
 741 012a 04000000 		.4byte	.LCFI16
 742 012e 06000000 		.4byte	.LCFI17
 743 0132 0200     		.2byte	0x2
 744 0134 7D       		.byte	0x7d
 745 0135 10       		.sleb128 16
 746 0136 06000000 		.4byte	.LCFI17
 747 013a C0010000 		.4byte	.LFE5
 748 013e 0200     		.2byte	0x2
 749 0140 77       		.byte	0x77
 750 0141 10       		.sleb128 16
 751 0142 00000000 		.4byte	0x0
 752 0146 00000000 		.4byte	0x0
 753              		.file 2 "./Generated_Source/PSoC5/cytypes.h"
 754              		.section	.debug_info
 755 0000 9B020000 		.4byte	0x29b
 756 0004 0200     		.2byte	0x2
 757 0006 00000000 		.4byte	.Ldebug_abbrev0
 758 000a 04       		.byte	0x4
 759 000b 01       		.uleb128 0x1
 760 000c 66010000 		.4byte	.LASF34
 761 0010 01       		.byte	0x1
 762 0011 93010000 		.4byte	.LASF35
 763 0015 E6000000 		.4byte	.LASF36
 764 0019 00000000 		.4byte	0x0
 765 001d 00000000 		.4byte	0x0
 766 0021 00000000 		.4byte	.Ldebug_ranges0+0x0
 767 0025 00000000 		.4byte	.Ldebug_line0
 768 0029 02       		.uleb128 0x2
 769 002a 01       		.byte	0x1
 770 002b 06       		.byte	0x6
 771 002c DB010000 		.4byte	.LASF0
 772 0030 02       		.uleb128 0x2
 773 0031 01       		.byte	0x1
 774 0032 08       		.byte	0x8
 775 0033 B5000000 		.4byte	.LASF1
 776 0037 02       		.uleb128 0x2
 777 0038 02       		.byte	0x2
 778 0039 05       		.byte	0x5
 779 003a 89010000 		.4byte	.LASF2
 780 003e 02       		.uleb128 0x2
 781 003f 02       		.byte	0x2
 782 0040 07       		.byte	0x7
 783 0041 36000000 		.4byte	.LASF3
 784 0045 03       		.uleb128 0x3
 785 0046 04       		.byte	0x4
ARM GAS  C:\Users\Kojo\AppData\Local\Temp\cc3HqBJ7.s 			page 21


 786 0047 05       		.byte	0x5
 787 0048 696E7400 		.ascii	"int\000"
 788 004c 02       		.uleb128 0x2
 789 004d 04       		.byte	0x4
 790 004e 07       		.byte	0x7
 791 004f 24010000 		.4byte	.LASF4
 792 0053 02       		.uleb128 0x2
 793 0054 08       		.byte	0x8
 794 0055 05       		.byte	0x5
 795 0056 00000000 		.4byte	.LASF5
 796 005a 02       		.uleb128 0x2
 797 005b 08       		.byte	0x8
 798 005c 07       		.byte	0x7
 799 005d 39010000 		.4byte	.LASF6
 800 0061 02       		.uleb128 0x2
 801 0062 04       		.byte	0x4
 802 0063 05       		.byte	0x5
 803 0064 BB010000 		.4byte	.LASF7
 804 0068 04       		.uleb128 0x4
 805 0069 04       		.byte	0x4
 806 006a 07       		.byte	0x7
 807 006b 05       		.uleb128 0x5
 808 006c 04       		.byte	0x4
 809 006d 02       		.uleb128 0x2
 810 006e 04       		.byte	0x4
 811 006f 07       		.byte	0x7
 812 0070 7A000000 		.4byte	.LASF8
 813 0074 02       		.uleb128 0x2
 814 0075 01       		.byte	0x1
 815 0076 08       		.byte	0x8
 816 0077 C4010000 		.4byte	.LASF9
 817 007b 06       		.uleb128 0x6
 818 007c 8C000000 		.4byte	.LASF10
 819 0080 02       		.byte	0x2
 820 0081 60       		.byte	0x60
 821 0082 30000000 		.4byte	0x30
 822 0086 06       		.uleb128 0x6
 823 0087 DF000000 		.4byte	.LASF11
 824 008b 02       		.byte	0x2
 825 008c 61       		.byte	0x61
 826 008d 3E000000 		.4byte	0x3e
 827 0091 06       		.uleb128 0x6
 828 0092 1D010000 		.4byte	.LASF12
 829 0096 02       		.byte	0x2
 830 0097 62       		.byte	0x62
 831 0098 6D000000 		.4byte	0x6d
 832 009c 07       		.uleb128 0x7
 833 009d 06       		.byte	0x6
 834 009e 01       		.byte	0x1
 835 009f 5F       		.byte	0x5f
 836 00a0 C1000000 		.4byte	0xc1
 837 00a4 08       		.uleb128 0x8
 838 00a5 31010000 		.4byte	.LASF13
 839 00a9 01       		.byte	0x1
 840 00aa 60       		.byte	0x60
 841 00ab 6B000000 		.4byte	0x6b
 842 00af 02       		.byte	0x2
ARM GAS  C:\Users\Kojo\AppData\Local\Temp\cc3HqBJ7.s 			page 22


 843 00b0 23       		.byte	0x23
 844 00b1 00       		.uleb128 0x0
 845 00b2 08       		.uleb128 0x8
 846 00b3 75000000 		.4byte	.LASF14
 847 00b7 01       		.byte	0x1
 848 00b8 61       		.byte	0x61
 849 00b9 86000000 		.4byte	0x86
 850 00bd 02       		.byte	0x2
 851 00be 23       		.byte	0x23
 852 00bf 04       		.uleb128 0x4
 853 00c0 00       		.byte	0x0
 854 00c1 06       		.uleb128 0x6
 855 00c2 50010000 		.4byte	.LASF15
 856 00c6 01       		.byte	0x1
 857 00c7 62       		.byte	0x62
 858 00c8 9C000000 		.4byte	0x9c
 859 00cc 07       		.uleb128 0x7
 860 00cd 02       		.byte	0x2
 861 00ce 01       		.byte	0x1
 862 00cf 7B       		.byte	0x7b
 863 00d0 F1000000 		.4byte	0xf1
 864 00d4 08       		.uleb128 0x8
 865 00d5 7A010000 		.4byte	.LASF16
 866 00d9 01       		.byte	0x1
 867 00da 7C       		.byte	0x7c
 868 00db 7B000000 		.4byte	0x7b
 869 00df 02       		.byte	0x2
 870 00e0 23       		.byte	0x23
 871 00e1 00       		.uleb128 0x0
 872 00e2 08       		.uleb128 0x8
 873 00e3 1F000000 		.4byte	.LASF17
 874 00e7 01       		.byte	0x1
 875 00e8 7D       		.byte	0x7d
 876 00e9 7B000000 		.4byte	0x7b
 877 00ed 02       		.byte	0x2
 878 00ee 23       		.byte	0x23
 879 00ef 01       		.uleb128 0x1
 880 00f0 00       		.byte	0x0
 881 00f1 09       		.uleb128 0x9
 882 00f2 51000000 		.4byte	.LASF18
 883 00f6 01       		.byte	0x1
 884 00f7 30       		.byte	0x30
 885 00f8 01       		.byte	0x1
 886 00f9 00000000 		.4byte	.LFB0
 887 00fd 0C000000 		.4byte	.LFE0
 888 0101 00000000 		.4byte	.LLST0
 889 0105 18010000 		.4byte	0x118
 890 0109 0A       		.uleb128 0xa
 891 010a 13010000 		.4byte	.LASF29
 892 010e 01       		.byte	0x1
 893 010f 30       		.byte	0x30
 894 0110 7B000000 		.4byte	0x7b
 895 0114 02       		.byte	0x2
 896 0115 91       		.byte	0x91
 897 0116 77       		.sleb128 -9
 898 0117 00       		.byte	0x0
 899 0118 09       		.uleb128 0x9
ARM GAS  C:\Users\Kojo\AppData\Local\Temp\cc3HqBJ7.s 			page 23


 900 0119 CD000000 		.4byte	.LASF19
 901 011d 01       		.byte	0x1
 902 011e 9C       		.byte	0x9c
 903 011f 01       		.byte	0x1
 904 0120 00000000 		.4byte	.LFB1
 905 0124 92000000 		.4byte	.LFE1
 906 0128 37000000 		.4byte	.LLST1
 907 012c 6F010000 		.4byte	0x16f
 908 0130 0B       		.uleb128 0xb
 909 0131 6900     		.ascii	"i\000"
 910 0133 01       		.byte	0x1
 911 0134 9E       		.byte	0x9e
 912 0135 4C000000 		.4byte	0x4c
 913 0139 02       		.byte	0x2
 914 013a 91       		.byte	0x91
 915 013b 68       		.sleb128 -24
 916 013c 0B       		.uleb128 0xb
 917 013d 6A00     		.ascii	"j\000"
 918 013f 01       		.byte	0x1
 919 0140 9E       		.byte	0x9e
 920 0141 4C000000 		.4byte	0x4c
 921 0145 02       		.byte	0x2
 922 0146 91       		.byte	0x91
 923 0147 6C       		.sleb128 -20
 924 0148 0C       		.uleb128 0xc
 925 0149 14000000 		.4byte	.LBB2
 926 014d 7A000000 		.4byte	.LBE2
 927 0151 0D       		.uleb128 0xd
 928 0152 5D010000 		.4byte	.LASF20
 929 0156 01       		.byte	0x1
 930 0157 A1       		.byte	0xa1
 931 0158 91000000 		.4byte	0x91
 932 015c 02       		.byte	0x2
 933 015d 91       		.byte	0x91
 934 015e 70       		.sleb128 -16
 935 015f 0D       		.uleb128 0xd
 936 0160 25000000 		.4byte	.LASF21
 937 0164 01       		.byte	0x1
 938 0165 A2       		.byte	0xa2
 939 0166 7B000000 		.4byte	0x7b
 940 016a 02       		.byte	0x2
 941 016b 91       		.byte	0x91
 942 016c 77       		.sleb128 -9
 943 016d 00       		.byte	0x0
 944 016e 00       		.byte	0x0
 945 016f 09       		.uleb128 0x9
 946 0170 2B000000 		.4byte	.LASF22
 947 0174 01       		.byte	0x1
 948 0175 BC       		.byte	0xbc
 949 0176 01       		.byte	0x1
 950 0177 00000000 		.4byte	.LFB2
 951 017b 48010000 		.4byte	.LFE2
 952 017f 6E000000 		.4byte	.LLST2
 953 0183 B2010000 		.4byte	0x1b2
 954 0187 0D       		.uleb128 0xd
 955 0188 72010000 		.4byte	.LASF23
 956 018c 01       		.byte	0x1
ARM GAS  C:\Users\Kojo\AppData\Local\Temp\cc3HqBJ7.s 			page 24


 957 018d BE       		.byte	0xbe
 958 018e B2010000 		.4byte	0x1b2
 959 0192 02       		.byte	0x2
 960 0193 91       		.byte	0x91
 961 0194 70       		.sleb128 -16
 962 0195 0D       		.uleb128 0xd
 963 0196 C3000000 		.4byte	.LASF24
 964 019a 01       		.byte	0x1
 965 019b BF       		.byte	0xbf
 966 019c B7010000 		.4byte	0x1b7
 967 01a0 02       		.byte	0x2
 968 01a1 91       		.byte	0x91
 969 01a2 74       		.sleb128 -12
 970 01a3 0D       		.uleb128 0xd
 971 01a4 49000000 		.4byte	.LASF25
 972 01a8 01       		.byte	0x1
 973 01a9 C0       		.byte	0xc0
 974 01aa BD010000 		.4byte	0x1bd
 975 01ae 02       		.byte	0x2
 976 01af 91       		.byte	0x91
 977 01b0 6F       		.sleb128 -17
 978 01b1 00       		.byte	0x0
 979 01b2 0E       		.uleb128 0xe
 980 01b3 6D000000 		.4byte	0x6d
 981 01b7 0F       		.uleb128 0xf
 982 01b8 04       		.byte	0x4
 983 01b9 B2010000 		.4byte	0x1b2
 984 01bd 0E       		.uleb128 0xe
 985 01be 30000000 		.4byte	0x30
 986 01c2 10       		.uleb128 0x10
 987 01c3 01       		.byte	0x1
 988 01c4 0E000000 		.4byte	.LASF27
 989 01c8 01       		.byte	0x1
 990 01c9 F5       		.byte	0xf5
 991 01ca 01       		.byte	0x1
 992 01cb 00000000 		.4byte	.LFB3
 993 01cf 4C000000 		.4byte	.LFE3
 994 01d3 A5000000 		.4byte	.LLST3
 995 01d7 EA010000 		.4byte	0x1ea
 996 01db 0D       		.uleb128 0xd
 997 01dc C9010000 		.4byte	.LASF26
 998 01e0 01       		.byte	0x1
 999 01e1 F7       		.byte	0xf7
 1000 01e2 7B000000 		.4byte	0x7b
 1001 01e6 02       		.byte	0x2
 1002 01e7 91       		.byte	0x91
 1003 01e8 77       		.sleb128 -9
 1004 01e9 00       		.byte	0x0
 1005 01ea 11       		.uleb128 0x11
 1006 01eb 01       		.byte	0x1
 1007 01ec 9F000000 		.4byte	.LASF28
 1008 01f0 01       		.byte	0x1
 1009 01f1 0E01     		.2byte	0x10e
 1010 01f3 01       		.byte	0x1
 1011 01f4 00000000 		.4byte	.LFB4
 1012 01f8 30000000 		.4byte	.LFE4
 1013 01fc DC000000 		.4byte	.LLST4
ARM GAS  C:\Users\Kojo\AppData\Local\Temp\cc3HqBJ7.s 			page 25


 1014 0200 23020000 		.4byte	0x223
 1015 0204 12       		.uleb128 0x12
 1016 0205 81010000 		.4byte	.LASF30
 1017 0209 01       		.byte	0x1
 1018 020a 0E01     		.2byte	0x10e
 1019 020c 7B000000 		.4byte	0x7b
 1020 0210 02       		.byte	0x2
 1021 0211 91       		.byte	0x91
 1022 0212 6F       		.sleb128 -17
 1023 0213 13       		.uleb128 0x13
 1024 0214 E7010000 		.4byte	.LASF31
 1025 0218 01       		.byte	0x1
 1026 0219 1001     		.2byte	0x110
 1027 021b 7B000000 		.4byte	0x7b
 1028 021f 02       		.byte	0x2
 1029 0220 91       		.byte	0x91
 1030 0221 77       		.sleb128 -9
 1031 0222 00       		.byte	0x0
 1032 0223 11       		.uleb128 0x11
 1033 0224 01       		.byte	0x1
 1034 0225 92000000 		.4byte	.LASF32
 1035 0229 01       		.byte	0x1
 1036 022a 2B01     		.2byte	0x12b
 1037 022c 01       		.byte	0x1
 1038 022d 00000000 		.4byte	.LFB5
 1039 0231 C0010000 		.4byte	.LFE5
 1040 0235 13010000 		.4byte	.LLST5
 1041 0239 6D020000 		.4byte	0x26d
 1042 023d 0C       		.uleb128 0xc
 1043 023e 24000000 		.4byte	.LBB3
 1044 0242 0A010000 		.4byte	.LBE3
 1045 0246 14       		.uleb128 0x14
 1046 0247 6900     		.ascii	"i\000"
 1047 0249 01       		.byte	0x1
 1048 024a 3601     		.2byte	0x136
 1049 024c 7B000000 		.4byte	0x7b
 1050 0250 02       		.byte	0x2
 1051 0251 91       		.byte	0x91
 1052 0252 73       		.sleb128 -13
 1053 0253 0C       		.uleb128 0xc
 1054 0254 2C000000 		.4byte	.LBB4
 1055 0258 88000000 		.4byte	.LBE4
 1056 025c 14       		.uleb128 0x14
 1057 025d 6D7300   		.ascii	"ms\000"
 1058 0260 01       		.byte	0x1
 1059 0261 3B01     		.2byte	0x13b
 1060 0263 6D020000 		.4byte	0x26d
 1061 0267 02       		.byte	0x2
 1062 0268 91       		.byte	0x91
 1063 0269 74       		.sleb128 -12
 1064 026a 00       		.byte	0x0
 1065 026b 00       		.byte	0x0
 1066 026c 00       		.byte	0x0
 1067 026d 0F       		.uleb128 0xf
 1068 026e 04       		.byte	0x4
 1069 026f 73020000 		.4byte	0x273
 1070 0273 15       		.uleb128 0x15
ARM GAS  C:\Users\Kojo\AppData\Local\Temp\cc3HqBJ7.s 			page 26


 1071 0274 C1000000 		.4byte	0xc1
 1072 0278 16       		.uleb128 0x16
 1073 0279 C1000000 		.4byte	0xc1
 1074 027d 88020000 		.4byte	0x288
 1075 0281 17       		.uleb128 0x17
 1076 0282 68000000 		.4byte	0x68
 1077 0286 07       		.byte	0x7
 1078 0287 00       		.byte	0x0
 1079 0288 0D       		.uleb128 0xd
 1080 0289 65000000 		.4byte	.LASF33
 1081 028d 01       		.byte	0x1
 1082 028e 6D       		.byte	0x6d
 1083 028f 99020000 		.4byte	0x299
 1084 0293 05       		.byte	0x5
 1085 0294 03       		.byte	0x3
 1086 0295 00000000 		.4byte	cfg_memset_list
 1087 0299 15       		.uleb128 0x15
 1088 029a 78020000 		.4byte	0x278
 1089 029e 00       		.byte	0x0
 1090              		.section	.debug_abbrev
 1091 0000 01       		.uleb128 0x1
 1092 0001 11       		.uleb128 0x11
 1093 0002 01       		.byte	0x1
 1094 0003 25       		.uleb128 0x25
 1095 0004 0E       		.uleb128 0xe
 1096 0005 13       		.uleb128 0x13
 1097 0006 0B       		.uleb128 0xb
 1098 0007 03       		.uleb128 0x3
 1099 0008 0E       		.uleb128 0xe
 1100 0009 1B       		.uleb128 0x1b
 1101 000a 0E       		.uleb128 0xe
 1102 000b 11       		.uleb128 0x11
 1103 000c 01       		.uleb128 0x1
 1104 000d 52       		.uleb128 0x52
 1105 000e 01       		.uleb128 0x1
 1106 000f 55       		.uleb128 0x55
 1107 0010 06       		.uleb128 0x6
 1108 0011 10       		.uleb128 0x10
 1109 0012 06       		.uleb128 0x6
 1110 0013 00       		.byte	0x0
 1111 0014 00       		.byte	0x0
 1112 0015 02       		.uleb128 0x2
 1113 0016 24       		.uleb128 0x24
 1114 0017 00       		.byte	0x0
 1115 0018 0B       		.uleb128 0xb
 1116 0019 0B       		.uleb128 0xb
 1117 001a 3E       		.uleb128 0x3e
 1118 001b 0B       		.uleb128 0xb
 1119 001c 03       		.uleb128 0x3
 1120 001d 0E       		.uleb128 0xe
 1121 001e 00       		.byte	0x0
 1122 001f 00       		.byte	0x0
 1123 0020 03       		.uleb128 0x3
 1124 0021 24       		.uleb128 0x24
 1125 0022 00       		.byte	0x0
 1126 0023 0B       		.uleb128 0xb
 1127 0024 0B       		.uleb128 0xb
ARM GAS  C:\Users\Kojo\AppData\Local\Temp\cc3HqBJ7.s 			page 27


 1128 0025 3E       		.uleb128 0x3e
 1129 0026 0B       		.uleb128 0xb
 1130 0027 03       		.uleb128 0x3
 1131 0028 08       		.uleb128 0x8
 1132 0029 00       		.byte	0x0
 1133 002a 00       		.byte	0x0
 1134 002b 04       		.uleb128 0x4
 1135 002c 24       		.uleb128 0x24
 1136 002d 00       		.byte	0x0
 1137 002e 0B       		.uleb128 0xb
 1138 002f 0B       		.uleb128 0xb
 1139 0030 3E       		.uleb128 0x3e
 1140 0031 0B       		.uleb128 0xb
 1141 0032 00       		.byte	0x0
 1142 0033 00       		.byte	0x0
 1143 0034 05       		.uleb128 0x5
 1144 0035 0F       		.uleb128 0xf
 1145 0036 00       		.byte	0x0
 1146 0037 0B       		.uleb128 0xb
 1147 0038 0B       		.uleb128 0xb
 1148 0039 00       		.byte	0x0
 1149 003a 00       		.byte	0x0
 1150 003b 06       		.uleb128 0x6
 1151 003c 16       		.uleb128 0x16
 1152 003d 00       		.byte	0x0
 1153 003e 03       		.uleb128 0x3
 1154 003f 0E       		.uleb128 0xe
 1155 0040 3A       		.uleb128 0x3a
 1156 0041 0B       		.uleb128 0xb
 1157 0042 3B       		.uleb128 0x3b
 1158 0043 0B       		.uleb128 0xb
 1159 0044 49       		.uleb128 0x49
 1160 0045 13       		.uleb128 0x13
 1161 0046 00       		.byte	0x0
 1162 0047 00       		.byte	0x0
 1163 0048 07       		.uleb128 0x7
 1164 0049 13       		.uleb128 0x13
 1165 004a 01       		.byte	0x1
 1166 004b 0B       		.uleb128 0xb
 1167 004c 0B       		.uleb128 0xb
 1168 004d 3A       		.uleb128 0x3a
 1169 004e 0B       		.uleb128 0xb
 1170 004f 3B       		.uleb128 0x3b
 1171 0050 0B       		.uleb128 0xb
 1172 0051 01       		.uleb128 0x1
 1173 0052 13       		.uleb128 0x13
 1174 0053 00       		.byte	0x0
 1175 0054 00       		.byte	0x0
 1176 0055 08       		.uleb128 0x8
 1177 0056 0D       		.uleb128 0xd
 1178 0057 00       		.byte	0x0
 1179 0058 03       		.uleb128 0x3
 1180 0059 0E       		.uleb128 0xe
 1181 005a 3A       		.uleb128 0x3a
 1182 005b 0B       		.uleb128 0xb
 1183 005c 3B       		.uleb128 0x3b
 1184 005d 0B       		.uleb128 0xb
ARM GAS  C:\Users\Kojo\AppData\Local\Temp\cc3HqBJ7.s 			page 28


 1185 005e 49       		.uleb128 0x49
 1186 005f 13       		.uleb128 0x13
 1187 0060 38       		.uleb128 0x38
 1188 0061 0A       		.uleb128 0xa
 1189 0062 00       		.byte	0x0
 1190 0063 00       		.byte	0x0
 1191 0064 09       		.uleb128 0x9
 1192 0065 2E       		.uleb128 0x2e
 1193 0066 01       		.byte	0x1
 1194 0067 03       		.uleb128 0x3
 1195 0068 0E       		.uleb128 0xe
 1196 0069 3A       		.uleb128 0x3a
 1197 006a 0B       		.uleb128 0xb
 1198 006b 3B       		.uleb128 0x3b
 1199 006c 0B       		.uleb128 0xb
 1200 006d 27       		.uleb128 0x27
 1201 006e 0C       		.uleb128 0xc
 1202 006f 11       		.uleb128 0x11
 1203 0070 01       		.uleb128 0x1
 1204 0071 12       		.uleb128 0x12
 1205 0072 01       		.uleb128 0x1
 1206 0073 40       		.uleb128 0x40
 1207 0074 06       		.uleb128 0x6
 1208 0075 01       		.uleb128 0x1
 1209 0076 13       		.uleb128 0x13
 1210 0077 00       		.byte	0x0
 1211 0078 00       		.byte	0x0
 1212 0079 0A       		.uleb128 0xa
 1213 007a 05       		.uleb128 0x5
 1214 007b 00       		.byte	0x0
 1215 007c 03       		.uleb128 0x3
 1216 007d 0E       		.uleb128 0xe
 1217 007e 3A       		.uleb128 0x3a
 1218 007f 0B       		.uleb128 0xb
 1219 0080 3B       		.uleb128 0x3b
 1220 0081 0B       		.uleb128 0xb
 1221 0082 49       		.uleb128 0x49
 1222 0083 13       		.uleb128 0x13
 1223 0084 02       		.uleb128 0x2
 1224 0085 0A       		.uleb128 0xa
 1225 0086 00       		.byte	0x0
 1226 0087 00       		.byte	0x0
 1227 0088 0B       		.uleb128 0xb
 1228 0089 34       		.uleb128 0x34
 1229 008a 00       		.byte	0x0
 1230 008b 03       		.uleb128 0x3
 1231 008c 08       		.uleb128 0x8
 1232 008d 3A       		.uleb128 0x3a
 1233 008e 0B       		.uleb128 0xb
 1234 008f 3B       		.uleb128 0x3b
 1235 0090 0B       		.uleb128 0xb
 1236 0091 49       		.uleb128 0x49
 1237 0092 13       		.uleb128 0x13
 1238 0093 02       		.uleb128 0x2
 1239 0094 0A       		.uleb128 0xa
 1240 0095 00       		.byte	0x0
 1241 0096 00       		.byte	0x0
ARM GAS  C:\Users\Kojo\AppData\Local\Temp\cc3HqBJ7.s 			page 29


 1242 0097 0C       		.uleb128 0xc
 1243 0098 0B       		.uleb128 0xb
 1244 0099 01       		.byte	0x1
 1245 009a 11       		.uleb128 0x11
 1246 009b 01       		.uleb128 0x1
 1247 009c 12       		.uleb128 0x12
 1248 009d 01       		.uleb128 0x1
 1249 009e 00       		.byte	0x0
 1250 009f 00       		.byte	0x0
 1251 00a0 0D       		.uleb128 0xd
 1252 00a1 34       		.uleb128 0x34
 1253 00a2 00       		.byte	0x0
 1254 00a3 03       		.uleb128 0x3
 1255 00a4 0E       		.uleb128 0xe
 1256 00a5 3A       		.uleb128 0x3a
 1257 00a6 0B       		.uleb128 0xb
 1258 00a7 3B       		.uleb128 0x3b
 1259 00a8 0B       		.uleb128 0xb
 1260 00a9 49       		.uleb128 0x49
 1261 00aa 13       		.uleb128 0x13
 1262 00ab 02       		.uleb128 0x2
 1263 00ac 0A       		.uleb128 0xa
 1264 00ad 00       		.byte	0x0
 1265 00ae 00       		.byte	0x0
 1266 00af 0E       		.uleb128 0xe
 1267 00b0 35       		.uleb128 0x35
 1268 00b1 00       		.byte	0x0
 1269 00b2 49       		.uleb128 0x49
 1270 00b3 13       		.uleb128 0x13
 1271 00b4 00       		.byte	0x0
 1272 00b5 00       		.byte	0x0
 1273 00b6 0F       		.uleb128 0xf
 1274 00b7 0F       		.uleb128 0xf
 1275 00b8 00       		.byte	0x0
 1276 00b9 0B       		.uleb128 0xb
 1277 00ba 0B       		.uleb128 0xb
 1278 00bb 49       		.uleb128 0x49
 1279 00bc 13       		.uleb128 0x13
 1280 00bd 00       		.byte	0x0
 1281 00be 00       		.byte	0x0
 1282 00bf 10       		.uleb128 0x10
 1283 00c0 2E       		.uleb128 0x2e
 1284 00c1 01       		.byte	0x1
 1285 00c2 3F       		.uleb128 0x3f
 1286 00c3 0C       		.uleb128 0xc
 1287 00c4 03       		.uleb128 0x3
 1288 00c5 0E       		.uleb128 0xe
 1289 00c6 3A       		.uleb128 0x3a
 1290 00c7 0B       		.uleb128 0xb
 1291 00c8 3B       		.uleb128 0x3b
 1292 00c9 0B       		.uleb128 0xb
 1293 00ca 27       		.uleb128 0x27
 1294 00cb 0C       		.uleb128 0xc
 1295 00cc 11       		.uleb128 0x11
 1296 00cd 01       		.uleb128 0x1
 1297 00ce 12       		.uleb128 0x12
 1298 00cf 01       		.uleb128 0x1
ARM GAS  C:\Users\Kojo\AppData\Local\Temp\cc3HqBJ7.s 			page 30


 1299 00d0 40       		.uleb128 0x40
 1300 00d1 06       		.uleb128 0x6
 1301 00d2 01       		.uleb128 0x1
 1302 00d3 13       		.uleb128 0x13
 1303 00d4 00       		.byte	0x0
 1304 00d5 00       		.byte	0x0
 1305 00d6 11       		.uleb128 0x11
 1306 00d7 2E       		.uleb128 0x2e
 1307 00d8 01       		.byte	0x1
 1308 00d9 3F       		.uleb128 0x3f
 1309 00da 0C       		.uleb128 0xc
 1310 00db 03       		.uleb128 0x3
 1311 00dc 0E       		.uleb128 0xe
 1312 00dd 3A       		.uleb128 0x3a
 1313 00de 0B       		.uleb128 0xb
 1314 00df 3B       		.uleb128 0x3b
 1315 00e0 05       		.uleb128 0x5
 1316 00e1 27       		.uleb128 0x27
 1317 00e2 0C       		.uleb128 0xc
 1318 00e3 11       		.uleb128 0x11
 1319 00e4 01       		.uleb128 0x1
 1320 00e5 12       		.uleb128 0x12
 1321 00e6 01       		.uleb128 0x1
 1322 00e7 40       		.uleb128 0x40
 1323 00e8 06       		.uleb128 0x6
 1324 00e9 01       		.uleb128 0x1
 1325 00ea 13       		.uleb128 0x13
 1326 00eb 00       		.byte	0x0
 1327 00ec 00       		.byte	0x0
 1328 00ed 12       		.uleb128 0x12
 1329 00ee 05       		.uleb128 0x5
 1330 00ef 00       		.byte	0x0
 1331 00f0 03       		.uleb128 0x3
 1332 00f1 0E       		.uleb128 0xe
 1333 00f2 3A       		.uleb128 0x3a
 1334 00f3 0B       		.uleb128 0xb
 1335 00f4 3B       		.uleb128 0x3b
 1336 00f5 05       		.uleb128 0x5
 1337 00f6 49       		.uleb128 0x49
 1338 00f7 13       		.uleb128 0x13
 1339 00f8 02       		.uleb128 0x2
 1340 00f9 0A       		.uleb128 0xa
 1341 00fa 00       		.byte	0x0
 1342 00fb 00       		.byte	0x0
 1343 00fc 13       		.uleb128 0x13
 1344 00fd 34       		.uleb128 0x34
 1345 00fe 00       		.byte	0x0
 1346 00ff 03       		.uleb128 0x3
 1347 0100 0E       		.uleb128 0xe
 1348 0101 3A       		.uleb128 0x3a
 1349 0102 0B       		.uleb128 0xb
 1350 0103 3B       		.uleb128 0x3b
 1351 0104 05       		.uleb128 0x5
 1352 0105 49       		.uleb128 0x49
 1353 0106 13       		.uleb128 0x13
 1354 0107 02       		.uleb128 0x2
 1355 0108 0A       		.uleb128 0xa
ARM GAS  C:\Users\Kojo\AppData\Local\Temp\cc3HqBJ7.s 			page 31


 1356 0109 00       		.byte	0x0
 1357 010a 00       		.byte	0x0
 1358 010b 14       		.uleb128 0x14
 1359 010c 34       		.uleb128 0x34
 1360 010d 00       		.byte	0x0
 1361 010e 03       		.uleb128 0x3
 1362 010f 08       		.uleb128 0x8
 1363 0110 3A       		.uleb128 0x3a
 1364 0111 0B       		.uleb128 0xb
 1365 0112 3B       		.uleb128 0x3b
 1366 0113 05       		.uleb128 0x5
 1367 0114 49       		.uleb128 0x49
 1368 0115 13       		.uleb128 0x13
 1369 0116 02       		.uleb128 0x2
 1370 0117 0A       		.uleb128 0xa
 1371 0118 00       		.byte	0x0
 1372 0119 00       		.byte	0x0
 1373 011a 15       		.uleb128 0x15
 1374 011b 26       		.uleb128 0x26
 1375 011c 00       		.byte	0x0
 1376 011d 49       		.uleb128 0x49
 1377 011e 13       		.uleb128 0x13
 1378 011f 00       		.byte	0x0
 1379 0120 00       		.byte	0x0
 1380 0121 16       		.uleb128 0x16
 1381 0122 01       		.uleb128 0x1
 1382 0123 01       		.byte	0x1
 1383 0124 49       		.uleb128 0x49
 1384 0125 13       		.uleb128 0x13
 1385 0126 01       		.uleb128 0x1
 1386 0127 13       		.uleb128 0x13
 1387 0128 00       		.byte	0x0
 1388 0129 00       		.byte	0x0
 1389 012a 17       		.uleb128 0x17
 1390 012b 21       		.uleb128 0x21
 1391 012c 00       		.byte	0x0
 1392 012d 49       		.uleb128 0x49
 1393 012e 13       		.uleb128 0x13
 1394 012f 2F       		.uleb128 0x2f
 1395 0130 0B       		.uleb128 0xb
 1396 0131 00       		.byte	0x0
 1397 0132 00       		.byte	0x0
 1398 0133 00       		.byte	0x0
 1399              		.section	.debug_pubnames,"",%progbits
 1400 0000 4E000000 		.4byte	0x4e
 1401 0004 0200     		.2byte	0x2
 1402 0006 00000000 		.4byte	.Ldebug_info0
 1403 000a 9F020000 		.4byte	0x29f
 1404 000e C2010000 		.4byte	0x1c2
 1405 0012 416E616C 		.ascii	"AnalogSetDefault\000"
 1405      6F675365 
 1405      74446566 
 1405      61756C74 
 1405      00
 1406 0023 EA010000 		.4byte	0x1ea
 1407 0027 53657441 		.ascii	"SetAnalogRoutingPumps\000"
 1407      6E616C6F 
ARM GAS  C:\Users\Kojo\AppData\Local\Temp\cc3HqBJ7.s 			page 32


 1407      67526F75 
 1407      74696E67 
 1407      50756D70 
 1408 003d 23020000 		.4byte	0x223
 1409 0041 63796669 		.ascii	"cyfitter_cfg\000"
 1409      74746572 
 1409      5F636667 
 1409      00
 1410 004e 00000000 		.4byte	0x0
 1411              		.section	.debug_aranges,"",%progbits
 1412 0000 44000000 		.4byte	0x44
 1413 0004 0200     		.2byte	0x2
 1414 0006 00000000 		.4byte	.Ldebug_info0
 1415 000a 04       		.byte	0x4
 1416 000b 00       		.byte	0x0
 1417 000c 0000     		.2byte	0x0
 1418 000e 0000     		.2byte	0x0
 1419 0010 00000000 		.4byte	.LFB0
 1420 0014 0C000000 		.4byte	.LFE0-.LFB0
 1421 0018 00000000 		.4byte	.LFB1
 1422 001c 92000000 		.4byte	.LFE1-.LFB1
 1423 0020 00000000 		.4byte	.LFB2
 1424 0024 48010000 		.4byte	.LFE2-.LFB2
 1425 0028 00000000 		.4byte	.LFB3
 1426 002c 4C000000 		.4byte	.LFE3-.LFB3
 1427 0030 00000000 		.4byte	.LFB4
 1428 0034 30000000 		.4byte	.LFE4-.LFB4
 1429 0038 00000000 		.4byte	.LFB5
 1430 003c C0010000 		.4byte	.LFE5-.LFB5
 1431 0040 00000000 		.4byte	0x0
 1432 0044 00000000 		.4byte	0x0
 1433              		.section	.debug_ranges,"",%progbits
 1434              	.Ldebug_ranges0:
 1435 0000 00000000 		.4byte	.Ltext0
 1436 0004 00000000 		.4byte	.Letext0
 1437 0008 00000000 		.4byte	.LFB0
 1438 000c 0C000000 		.4byte	.LFE0
 1439 0010 00000000 		.4byte	.LFB1
 1440 0014 92000000 		.4byte	.LFE1
 1441 0018 00000000 		.4byte	.LFB2
 1442 001c 48010000 		.4byte	.LFE2
 1443 0020 00000000 		.4byte	.LFB3
 1444 0024 4C000000 		.4byte	.LFE3
 1445 0028 00000000 		.4byte	.LFB4
 1446 002c 30000000 		.4byte	.LFE4
 1447 0030 00000000 		.4byte	.LFB5
 1448 0034 C0010000 		.4byte	.LFE5
 1449 0038 00000000 		.4byte	0x0
 1450 003c 00000000 		.4byte	0x0
 1451              		.section	.debug_str,"MS",%progbits,1
 1452              	.LASF5:
 1453 0000 6C6F6E67 		.ascii	"long long int\000"
 1453      206C6F6E 
 1453      6720696E 
 1453      7400
 1454              	.LASF27:
 1455 000e 416E616C 		.ascii	"AnalogSetDefault\000"
ARM GAS  C:\Users\Kojo\AppData\Local\Temp\cc3HqBJ7.s 			page 33


 1455      6F675365 
 1455      74446566 
 1455      61756C74 
 1455      00
 1456              	.LASF17:
 1457 001f 76616C75 		.ascii	"value\000"
 1457      6500
 1458              	.LASF21:
 1459 0025 636F756E 		.ascii	"count\000"
 1459      7400
 1460              	.LASF22:
 1461 002b 436C6F63 		.ascii	"ClockSetup\000"
 1461      6B536574 
 1461      757000
 1462              	.LASF3:
 1463 0036 73686F72 		.ascii	"short unsigned int\000"
 1463      7420756E 
 1463      7369676E 
 1463      65642069 
 1463      6E7400
 1464              	.LASF25:
 1465 0049 706C6C4C 		.ascii	"pllLock\000"
 1465      6F636B00 
 1466              	.LASF18:
 1467 0051 4379436C 		.ascii	"CyClockStartupError\000"
 1467      6F636B53 
 1467      74617274 
 1467      75704572 
 1467      726F7200 
 1468              	.LASF33:
 1469 0065 6366675F 		.ascii	"cfg_memset_list\000"
 1469      6D656D73 
 1469      65745F6C 
 1469      69737400 
 1470              	.LASF14:
 1471 0075 73697A65 		.ascii	"size\000"
 1471      00
 1472              	.LASF8:
 1473 007a 6C6F6E67 		.ascii	"long unsigned int\000"
 1473      20756E73 
 1473      69676E65 
 1473      6420696E 
 1473      7400
 1474              	.LASF10:
 1475 008c 75696E74 		.ascii	"uint8\000"
 1475      3800
 1476              	.LASF32:
 1477 0092 63796669 		.ascii	"cyfitter_cfg\000"
 1477      74746572 
 1477      5F636667 
 1477      00
 1478              	.LASF28:
 1479 009f 53657441 		.ascii	"SetAnalogRoutingPumps\000"
 1479      6E616C6F 
 1479      67526F75 
 1479      74696E67 
 1479      50756D70 
ARM GAS  C:\Users\Kojo\AppData\Local\Temp\cc3HqBJ7.s 			page 34


 1480              	.LASF1:
 1481 00b5 756E7369 		.ascii	"unsigned char\000"
 1481      676E6564 
 1481      20636861 
 1481      7200
 1482              	.LASF24:
 1483 00c3 74696D65 		.ascii	"timeout_p\000"
 1483      6F75745F 
 1483      7000
 1484              	.LASF19:
 1485 00cd 6366675F 		.ascii	"cfg_write_bytes32\000"
 1485      77726974 
 1485      655F6279 
 1485      74657333 
 1485      3200
 1486              	.LASF11:
 1487 00df 75696E74 		.ascii	"uint16\000"
 1487      313600
 1488              	.LASF36:
 1489 00e6 433A5C55 		.ascii	"C:\\Users\\Kojo\\Code\\GlowProcessing\\Glow.cydsn\000"
 1489      73657273 
 1489      5C4B6F6A 
 1489      6F5C436F 
 1489      64655C47 
 1490              	.LASF29:
 1491 0113 6572726F 		.ascii	"errorCode\000"
 1491      72436F64 
 1491      6500
 1492              	.LASF12:
 1493 011d 75696E74 		.ascii	"uint32\000"
 1493      333200
 1494              	.LASF4:
 1495 0124 756E7369 		.ascii	"unsigned int\000"
 1495      676E6564 
 1495      20696E74 
 1495      00
 1496              	.LASF13:
 1497 0131 61646472 		.ascii	"address\000"
 1497      65737300 
 1498              	.LASF6:
 1499 0139 6C6F6E67 		.ascii	"long long unsigned int\000"
 1499      206C6F6E 
 1499      6720756E 
 1499      7369676E 
 1499      65642069 
 1500              	.LASF15:
 1501 0150 6366675F 		.ascii	"cfg_memset_t\000"
 1501      6D656D73 
 1501      65745F74 
 1501      00
 1502              	.LASF20:
 1503 015d 62617365 		.ascii	"baseAddr\000"
 1503      41646472 
 1503      00
 1504              	.LASF34:
 1505 0166 474E5520 		.ascii	"GNU C 4.4.1\000"
 1505      4320342E 
ARM GAS  C:\Users\Kojo\AppData\Local\Temp\cc3HqBJ7.s 			page 35


 1505      342E3100 
 1506              	.LASF23:
 1507 0172 74696D65 		.ascii	"timeout\000"
 1507      6F757400 
 1508              	.LASF16:
 1509 017a 6F666673 		.ascii	"offset\000"
 1509      657400
 1510              	.LASF30:
 1511 0181 656E6162 		.ascii	"enabled\000"
 1511      6C656400 
 1512              	.LASF2:
 1513 0189 73686F72 		.ascii	"short int\000"
 1513      7420696E 
 1513      7400
 1514              	.LASF35:
 1515 0193 2E5C4765 		.ascii	".\\Generated_Source\\PSoC5\\cyfitter_cfg.c\000"
 1515      6E657261 
 1515      7465645F 
 1515      536F7572 
 1515      63655C50 
 1516              	.LASF7:
 1517 01bb 6C6F6E67 		.ascii	"long int\000"
 1517      20696E74 
 1517      00
 1518              	.LASF9:
 1519 01c4 63686172 		.ascii	"char\000"
 1519      00
 1520              	.LASF26:
 1521 01c9 62675F78 		.ascii	"bg_xover_inl_trim\000"
 1521      6F766572 
 1521      5F696E6C 
 1521      5F747269 
 1521      6D00
 1522              	.LASF0:
 1523 01db 7369676E 		.ascii	"signed char\000"
 1523      65642063 
 1523      68617200 
 1524              	.LASF31:
 1525 01e7 72656756 		.ascii	"regValue\000"
 1525      616C7565 
 1525      00
 1526              		.ident	"GCC: (Sourcery G++ Lite 2010q1-188) 4.4.1"
