Archive member included because of file (symbol)

.\CortexM3\ARM_GCC_441\Debug\Glow.a(CyLib.o)
                              .\CortexM3\ARM_GCC_441\Debug\Cm3Start.o (CyResetStatus)
.\CortexM3\ARM_GCC_441\Debug\Glow.a(cyPm.o)
                              .\CortexM3\ARM_GCC_441\Debug\Glow.a(CyLib.o) (CyPmReadStatus)
.\CortexM3\ARM_GCC_441\Debug\Glow.a(LCD.o)
                              .\CortexM3\ARM_GCC_441\Debug\main.o (LCD_WriteControl)
.\CortexM3\ARM_GCC_441\Debug\Glow.a(UART.o)
                              .\CortexM3\ARM_GCC_441\Debug\main.o (UART_Start)
.\CortexM3\ARM_GCC_441\Debug\Glow.a(rx_int.o)
                              .\CortexM3\ARM_GCC_441\Debug\main.o (rx_int_StartEx)
.\CortexM3\ARM_GCC_441\Debug\Glow.a(ADC_SAR_1.o)
                              .\CortexM3\ARM_GCC_441\Debug\main.o (ADC_SAR_1_Start)
.\CortexM3\ARM_GCC_441\Debug\Glow.a(ADC_SAR_1_INT.o)
                              .\CortexM3\ARM_GCC_441\Debug\Glow.a(ADC_SAR_1.o) (ADC_SAR_1_ISR)
.\CortexM3\ARM_GCC_441\Debug\Glow.a(ADC_SAR_1_theACLK.o)
                              .\CortexM3\ARM_GCC_441\Debug\Glow.a(ADC_SAR_1.o) (ADC_SAR_1_theACLK_SetModeRegister)
.\CortexM3\ARM_GCC_441\Debug\Glow.a(VDAC8_REF.o)
                              .\CortexM3\ARM_GCC_441\Debug\main.o (VDAC8_REF_Start)
.\CortexM3\ARM_GCC_441\Debug\Glow.a(PGA_GAIN.o)
                              .\CortexM3\ARM_GCC_441\Debug\main.o (PGA_GAIN_Start)
.\CortexM3\ARM_GCC_441\Debug\Glow.a(PGA_REF.o)
                              .\CortexM3\ARM_GCC_441\Debug\main.o (PGA_REF_Start)
.\CortexM3\ARM_GCC_441\Debug\Glow.a(IDAC8_REF.o)
                              .\CortexM3\ARM_GCC_441\Debug\main.o (IDAC8_REF_Start)
.\CortexM3\ARM_GCC_441\Debug\Glow.a(cyfitter_cfg.o)
                              .\CortexM3\ARM_GCC_441\Debug\Cm3Start.o (cyfitter_cfg)
.\CortexM3\ARM_GCC_441\Debug\Glow.a(CyBootAsmGnu.o)
                              .\CortexM3\ARM_GCC_441\Debug\Glow.a(CyLib.o) (CyDelayCycles)
.\CortexM3\ARM_GCC_441\Debug\Glow.a(CyFlash.o)
                              .\CortexM3\ARM_GCC_441\Debug\Glow.a(cyPm.o) (CyFlash_SetWaitCycles)
.\CortexM3\ARM_GCC_441\Debug\Glow.a(CySpc.o)
                              .\CortexM3\ARM_GCC_441\Debug\Glow.a(CyFlash.o) (CySpcStart)
.\CortexM3\ARM_GCC_441\Debug\Glow.a(cyutils.o)
                              .\CortexM3\ARM_GCC_441\Debug\Glow.a(cyfitter_cfg.o) (CySetReg24)
c:/program files (x86)/cypress/psoc creator/2.1/psoc creator/import/gnu_cs/arm/4.4.1/bin/../lib/gcc/arm-none-eabi/4.4.1/thumb2\libgcc.a(_arm_addsubsf3.o)
                              .\CortexM3\ARM_GCC_441\Debug\Glow.a(ADC_SAR_1.o) (__aeabi_i2f)
c:/program files (x86)/cypress/psoc creator/2.1/psoc creator/import/gnu_cs/arm/4.4.1/bin/../lib/gcc/arm-none-eabi/4.4.1/thumb2\libgcc.a(_arm_muldivsf3.o)
                              .\CortexM3\ARM_GCC_441\Debug\Glow.a(ADC_SAR_1.o) (__aeabi_fdiv)
c:/program files (x86)/cypress/psoc creator/2.1/psoc creator/import/gnu_cs/arm/4.4.1/bin/../lib/gcc/arm-none-eabi/4.4.1/../../../../arm-none-eabi/lib/thumb2\libc.a(lib_a-memcpy.o)
                              .\CortexM3\ARM_GCC_441\Debug\Glow.a(cyfitter_cfg.o) (memcpy)
c:/program files (x86)/cypress/psoc creator/2.1/psoc creator/import/gnu_cs/arm/4.4.1/bin/../lib/gcc/arm-none-eabi/4.4.1/../../../../arm-none-eabi/lib/thumb2\libc.a(lib_a-memset.o)
                              .\CortexM3\ARM_GCC_441\Debug\Glow.a(cyfitter_cfg.o) (memset)
c:/program files (x86)/cypress/psoc creator/2.1/psoc creator/import/gnu_cs/arm/4.4.1/bin/../lib/gcc/arm-none-eabi/4.4.1/../../../../arm-none-eabi/lib/thumb2\libcs3.a(start_c.o)
                              (__cs3_start_c)
c:/program files (x86)/cypress/psoc creator/2.1/psoc creator/import/gnu_cs/arm/4.4.1/bin/../lib/gcc/arm-none-eabi/4.4.1/../../../../arm-none-eabi/lib/thumb2\libcs3micro.a(micro-vector.o)
                              (__cs3_interrupt_vector_micro)
c:/program files (x86)/cypress/psoc creator/2.1/psoc creator/import/gnu_cs/arm/4.4.1/bin/../lib/gcc/arm-none-eabi/4.4.1/../../../../arm-none-eabi/lib/thumb2\libcs3micro.a(micro_isr_interrupt.o)
                              (__cs3_isr_nmi)
c:/program files (x86)/cypress/psoc creator/2.1/psoc creator/import/gnu_cs/arm/4.4.1/bin/../lib/gcc/arm-none-eabi/4.4.1/../../../../arm-none-eabi/lib/thumb2\libc.a(lib_a-init.o)
                              c:/program files (x86)/cypress/psoc creator/2.1/psoc creator/import/gnu_cs/arm/4.4.1/bin/../lib/gcc/arm-none-eabi/4.4.1/../../../../arm-none-eabi/lib/thumb2\libcs3.a(start_c.o) (__libc_init_array)

Allocating common symbols
Common symbol       size              file

adcValues           0x10              .\CortexM3\ARM_GCC_441\Debug\main.o
ADC_SAR_1_countsPerVolt
                    0x2               .\CortexM3\ARM_GCC_441\Debug\Glow.a(ADC_SAR_1.o)
ADC_SAR_1_shift     0x2               .\CortexM3\ARM_GCC_441\Debug\Glow.a(ADC_SAR_1.o)
CyResetStatus       0x1               .\CortexM3\ARM_GCC_441\Debug\Glow.a(CyLib.o)
dieTemperature      0x2               .\CortexM3\ARM_GCC_441\Debug\Glow.a(CyFlash.o)
ADC_SAR_1_offset    0x2               .\CortexM3\ARM_GCC_441\Debug\Glow.a(ADC_SAR_1.o)

Discarded input sections

 .text          0x00000000        0x0 c:/program files (x86)/cypress/psoc creator/2.1/psoc creator/import/gnu_cs/arm/4.4.1/bin/../lib/gcc/arm-none-eabi/4.4.1/thumb2/crti.o
 .data          0x00000000        0x0 c:/program files (x86)/cypress/psoc creator/2.1/psoc creator/import/gnu_cs/arm/4.4.1/bin/../lib/gcc/arm-none-eabi/4.4.1/thumb2/crti.o
 .bss           0x00000000        0x0 c:/program files (x86)/cypress/psoc creator/2.1/psoc creator/import/gnu_cs/arm/4.4.1/bin/../lib/gcc/arm-none-eabi/4.4.1/thumb2/crti.o
 .data          0x00000000        0x4 c:/program files (x86)/cypress/psoc creator/2.1/psoc creator/import/gnu_cs/arm/4.4.1/bin/../lib/gcc/arm-none-eabi/4.4.1/thumb2/crtbegin.o
 .text          0x00000000        0x0 .\CortexM3\ARM_GCC_441\Debug\main.o
 .data          0x00000000        0x0 .\CortexM3\ARM_GCC_441\Debug\main.o
 .text.crlf     0x00000000       0x18 .\CortexM3\ARM_GCC_441\Debug\main.o
 .text.configureMat
                0x00000000       0x14 .\CortexM3\ARM_GCC_441\Debug\main.o
 .text.zeroAllPins
                0x00000000        0xc .\CortexM3\ARM_GCC_441\Debug\main.o
 .text          0x00000000        0x0 .\CortexM3\ARM_GCC_441\Debug\Cm3Start.o
 .data          0x00000000        0x0 .\CortexM3\ARM_GCC_441\Debug\Cm3Start.o
 .bss           0x00000000        0x0 .\CortexM3\ARM_GCC_441\Debug\Cm3Start.o
 .text.IntDefaultHandler
                0x00000000        0x8 .\CortexM3\ARM_GCC_441\Debug\Cm3Start.o
 .text          0x00000000        0x0 .\CortexM3\ARM_GCC_441\Debug\Glow.a(CyLib.o)
 .bss           0x00000000        0x0 .\CortexM3\ARM_GCC_441\Debug\Glow.a(CyLib.o)
 .text.CyPLL_OUT_Start
                0x00000000       0xdc .\CortexM3\ARM_GCC_441\Debug\Glow.a(CyLib.o)
 .text.CyPLL_OUT_Stop
                0x00000000       0x24 .\CortexM3\ARM_GCC_441\Debug\Glow.a(CyLib.o)
 .text.CyPLL_OUT_SetPQ
                0x00000000      0x104 .\CortexM3\ARM_GCC_441\Debug\Glow.a(CyLib.o)
 .text.CyPLL_OUT_SetSource
                0x00000000       0x7c .\CortexM3\ARM_GCC_441\Debug\Glow.a(CyLib.o)
 .text.CyIMO_Start
                0x00000000       0xd0 .\CortexM3\ARM_GCC_441\Debug\Glow.a(CyLib.o)
 .text.CyIMO_Stop
                0x00000000       0x24 .\CortexM3\ARM_GCC_441\Debug\Glow.a(CyLib.o)
 .text.CyUSB_PowerOnCheck
                0x00000000       0x74 .\CortexM3\ARM_GCC_441\Debug\Glow.a(CyLib.o)
 .text.CyIMO_SetTrimValue
                0x00000000      0x144 .\CortexM3\ARM_GCC_441\Debug\Glow.a(CyLib.o)
 .text.CyIMO_SetFreq
                0x00000000      0x1e4 .\CortexM3\ARM_GCC_441\Debug\Glow.a(CyLib.o)
 .text.CyIMO_SetSource
                0x00000000       0xb8 .\CortexM3\ARM_GCC_441\Debug\Glow.a(CyLib.o)
 .text.CyIMO_EnableDoubler
                0x00000000       0x28 .\CortexM3\ARM_GCC_441\Debug\Glow.a(CyLib.o)
 .text.CyIMO_DisableDoubler
                0x00000000       0x24 .\CortexM3\ARM_GCC_441\Debug\Glow.a(CyLib.o)
 .text.CyMasterClk_SetSource
                0x00000000       0x3c .\CortexM3\ARM_GCC_441\Debug\Glow.a(CyLib.o)
 .text.CyMasterClk_SetDivider
                0x00000000       0x20 .\CortexM3\ARM_GCC_441\Debug\Glow.a(CyLib.o)
 .text.CyBusClk_Internal_SetDivider
                0x00000000       0x84 .\CortexM3\ARM_GCC_441\Debug\Glow.a(CyLib.o)
 .text.CyBusClk_SetDivider
                0x00000000       0xa4 .\CortexM3\ARM_GCC_441\Debug\Glow.a(CyLib.o)
 .text.CyUsbClk_SetSource
                0x00000000       0x3c .\CortexM3\ARM_GCC_441\Debug\Glow.a(CyLib.o)
 .text.CyILO_Start1K
                0x00000000       0x28 .\CortexM3\ARM_GCC_441\Debug\Glow.a(CyLib.o)
 .text.CyILO_Stop1K
                0x00000000       0x24 .\CortexM3\ARM_GCC_441\Debug\Glow.a(CyLib.o)
 .text.CyILO_Start100K
                0x00000000       0x28 .\CortexM3\ARM_GCC_441\Debug\Glow.a(CyLib.o)
 .text.CyILO_Stop100K
                0x00000000       0x24 .\CortexM3\ARM_GCC_441\Debug\Glow.a(CyLib.o)
 .text.CyILO_Enable33K
                0x00000000       0x28 .\CortexM3\ARM_GCC_441\Debug\Glow.a(CyLib.o)
 .text.CyILO_Disable33K
                0x00000000       0x24 .\CortexM3\ARM_GCC_441\Debug\Glow.a(CyLib.o)
 .text.CyILO_SetSource
                0x00000000       0x44 .\CortexM3\ARM_GCC_441\Debug\Glow.a(CyLib.o)
 .text.CyILO_SetPowerMode
                0x00000000       0x58 .\CortexM3\ARM_GCC_441\Debug\Glow.a(CyLib.o)
 .text.CyXTAL_32KHZ_Start
                0x00000000       0x9c .\CortexM3\ARM_GCC_441\Debug\Glow.a(CyLib.o)
 .text.CyXTAL_32KHZ_Stop
                0x00000000       0x60 .\CortexM3\ARM_GCC_441\Debug\Glow.a(CyLib.o)
 .text.CyXTAL_32KHZ_ReadStatus
                0x00000000       0x1c .\CortexM3\ARM_GCC_441\Debug\Glow.a(CyLib.o)
 .text.CyXTAL_32KHZ_SetPowerMode
                0x00000000       0xf8 .\CortexM3\ARM_GCC_441\Debug\Glow.a(CyLib.o)
 .text.CyXTAL_Start
                0x00000000      0x100 .\CortexM3\ARM_GCC_441\Debug\Glow.a(CyLib.o)
 .text.CyXTAL_Stop
                0x00000000       0x24 .\CortexM3\ARM_GCC_441\Debug\Glow.a(CyLib.o)
 .text.CyXTAL_EnableErrStatus
                0x00000000       0x24 .\CortexM3\ARM_GCC_441\Debug\Glow.a(CyLib.o)
 .text.CyXTAL_DisableErrStatus
                0x00000000       0x28 .\CortexM3\ARM_GCC_441\Debug\Glow.a(CyLib.o)
 .text.CyXTAL_ReadStatus
                0x00000000       0x28 .\CortexM3\ARM_GCC_441\Debug\Glow.a(CyLib.o)
 .text.CyXTAL_EnableFaultRecovery
                0x00000000       0x28 .\CortexM3\ARM_GCC_441\Debug\Glow.a(CyLib.o)
 .text.CyXTAL_DisableFaultRecovery
                0x00000000       0x24 .\CortexM3\ARM_GCC_441\Debug\Glow.a(CyLib.o)
 .text.CyXTAL_SetStartup
                0x00000000       0x3c .\CortexM3\ARM_GCC_441\Debug\Glow.a(CyLib.o)
 .text.CyXTAL_SetFbVoltage
                0x00000000       0x3c .\CortexM3\ARM_GCC_441\Debug\Glow.a(CyLib.o)
 .text.CyXTAL_SetWdVoltage
                0x00000000       0x44 .\CortexM3\ARM_GCC_441\Debug\Glow.a(CyLib.o)
 .text.CySoftwareReset
                0x00000000       0x18 .\CortexM3\ARM_GCC_441\Debug\Glow.a(CyLib.o)
 .text.CyDelayFreq
                0x00000000       0xac .\CortexM3\ARM_GCC_441\Debug\Glow.a(CyLib.o)
 .text.CyWdtStart
                0x00000000       0xc4 .\CortexM3\ARM_GCC_441\Debug\Glow.a(CyLib.o)
 .text.CyWdtClear
                0x00000000       0x18 .\CortexM3\ARM_GCC_441\Debug\Glow.a(CyLib.o)
 .text.CyVdLvDigitEnable
                0x00000000       0xec .\CortexM3\ARM_GCC_441\Debug\Glow.a(CyLib.o)
 .text.CyVdLvAnalogEnable
                0x00000000       0xf8 .\CortexM3\ARM_GCC_441\Debug\Glow.a(CyLib.o)
 .text.CyVdLvDigitDisable
                0x00000000       0x54 .\CortexM3\ARM_GCC_441\Debug\Glow.a(CyLib.o)
 .text.CyVdLvAnalogDisable
                0x00000000       0x54 .\CortexM3\ARM_GCC_441\Debug\Glow.a(CyLib.o)
 .text.CyVdHvAnalogEnable
                0x00000000       0x78 .\CortexM3\ARM_GCC_441\Debug\Glow.a(CyLib.o)
 .text.CyVdHvAnalogDisable
                0x00000000       0x24 .\CortexM3\ARM_GCC_441\Debug\Glow.a(CyLib.o)
 .text.CyVdStickyStatus
                0x00000000       0x4c .\CortexM3\ARM_GCC_441\Debug\Glow.a(CyLib.o)
 .text.CyVdRealTimeStatus
                0x00000000       0x30 .\CortexM3\ARM_GCC_441\Debug\Glow.a(CyLib.o)
 .text.CyDisableInts
                0x00000000       0x30 .\CortexM3\ARM_GCC_441\Debug\Glow.a(CyLib.o)
 .text.CyEnableInts
                0x00000000       0x20 .\CortexM3\ARM_GCC_441\Debug\Glow.a(CyLib.o)
 .text.CyFlushCache
                0x00000000       0x7c .\CortexM3\ARM_GCC_441\Debug\Glow.a(CyLib.o)
 .text.CyIntSetSysVector
                0x00000000       0x60 .\CortexM3\ARM_GCC_441\Debug\Glow.a(CyLib.o)
 .text.CyIntGetSysVector
                0x00000000       0x48 .\CortexM3\ARM_GCC_441\Debug\Glow.a(CyLib.o)
 .text.CyIntGetVector
                0x00000000       0x4c .\CortexM3\ARM_GCC_441\Debug\Glow.a(CyLib.o)
 .text.CyIntGetPriority
                0x00000000       0x44 .\CortexM3\ARM_GCC_441\Debug\Glow.a(CyLib.o)
 .text.CyIntEnable
                0x00000000       0x48 .\CortexM3\ARM_GCC_441\Debug\Glow.a(CyLib.o)
 .text.CyIntGetState
                0x00000000       0x54 .\CortexM3\ARM_GCC_441\Debug\Glow.a(CyLib.o)
 .text.CyIntDisable
                0x00000000       0x48 .\CortexM3\ARM_GCC_441\Debug\Glow.a(CyLib.o)
 .text.CyIntSetPending
                0x00000000       0x48 .\CortexM3\ARM_GCC_441\Debug\Glow.a(CyLib.o)
 .text          0x00000000        0x0 .\CortexM3\ARM_GCC_441\Debug\Glow.a(cyPm.o)
 .data          0x00000000        0x0 .\CortexM3\ARM_GCC_441\Debug\Glow.a(cyPm.o)
 .bss           0x00000000       0x28 .\CortexM3\ARM_GCC_441\Debug\Glow.a(cyPm.o)
 .rodata        0x00000000       0x10 .\CortexM3\ARM_GCC_441\Debug\Glow.a(cyPm.o)
 .text.CyPmSaveClocks
                0x00000000      0x320 .\CortexM3\ARM_GCC_441\Debug\Glow.a(cyPm.o)
 .text.CyPmRestoreClocks
                0x00000000      0x384 .\CortexM3\ARM_GCC_441\Debug\Glow.a(cyPm.o)
 .text.CyPmAltAct
                0x00000000      0x118 .\CortexM3\ARM_GCC_441\Debug\Glow.a(cyPm.o)
 .text.CyPmSleep
                0x00000000      0x20c .\CortexM3\ARM_GCC_441\Debug\Glow.a(cyPm.o)
 .text.CyPmHibernate
                0x00000000      0x1d8 .\CortexM3\ARM_GCC_441\Debug\Glow.a(cyPm.o)
 .text.CyPmReadStatus
                0x00000000       0x7c .\CortexM3\ARM_GCC_441\Debug\Glow.a(cyPm.o)
 .text.CyPmHibSaveSet
                0x00000000       0xe4 .\CortexM3\ARM_GCC_441\Debug\Glow.a(cyPm.o)
 .text.CyPmHibRestore
                0x00000000       0x6c .\CortexM3\ARM_GCC_441\Debug\Glow.a(cyPm.o)
 .text.CyPmCtwSetInterval
                0x00000000       0xd8 .\CortexM3\ARM_GCC_441\Debug\Glow.a(cyPm.o)
 .text.CyPmOppsSet
                0x00000000       0x54 .\CortexM3\ARM_GCC_441\Debug\Glow.a(cyPm.o)
 .text.CyPmFtwSetInterval
                0x00000000       0xdc .\CortexM3\ARM_GCC_441\Debug\Glow.a(cyPm.o)
 .text.CyPmSlpSaveSet
                0x00000000        0xc .\CortexM3\ARM_GCC_441\Debug\Glow.a(cyPm.o)
 .text.CyPmSlpRestore
                0x00000000        0xc .\CortexM3\ARM_GCC_441\Debug\Glow.a(cyPm.o)
 .text.CyPmHibSlpSaveSet
                0x00000000       0x88 .\CortexM3\ARM_GCC_441\Debug\Glow.a(cyPm.o)
 .text.CyPmHibSlpRestore
                0x00000000       0x8c .\CortexM3\ARM_GCC_441\Debug\Glow.a(cyPm.o)
 .text.CyPmHviLviSaveDisable
                0x00000000      0x120 .\CortexM3\ARM_GCC_441\Debug\Glow.a(cyPm.o)
 .text.CyPmHviLviRestore
                0x00000000       0x6c .\CortexM3\ARM_GCC_441\Debug\Glow.a(cyPm.o)
 .text          0x00000000        0x0 .\CortexM3\ARM_GCC_441\Debug\Glow.a(LCD.o)
 .data          0x00000000        0x0 .\CortexM3\ARM_GCC_441\Debug\Glow.a(LCD.o)
 .rodata        0x00000000       0x10 .\CortexM3\ARM_GCC_441\Debug\Glow.a(LCD.o)
 .text.LCD_Stop
                0x00000000       0x1c .\CortexM3\ARM_GCC_441\Debug\Glow.a(LCD.o)
 .text.LCD_Position
                0x00000000       0x74 .\CortexM3\ARM_GCC_441\Debug\Glow.a(LCD.o)
 .text.LCD_PrintString
                0x00000000       0x40 .\CortexM3\ARM_GCC_441\Debug\Glow.a(LCD.o)
 .text.LCD_PrintHexUint8
                0x00000000       0x44 .\CortexM3\ARM_GCC_441\Debug\Glow.a(LCD.o)
 .text.LCD_PrintHexUint16
                0x00000000       0x2c .\CortexM3\ARM_GCC_441\Debug\Glow.a(LCD.o)
 .text.LCD_PrintDecUint16
                0x00000000      0x108 .\CortexM3\ARM_GCC_441\Debug\Glow.a(LCD.o)
 .text          0x00000000        0x0 .\CortexM3\ARM_GCC_441\Debug\Glow.a(UART.o)
 .data          0x00000000        0x0 .\CortexM3\ARM_GCC_441\Debug\Glow.a(UART.o)
 .text.UART_Stop
                0x00000000       0x88 .\CortexM3\ARM_GCC_441\Debug\Glow.a(UART.o)
 .text.UART_ReadControlRegister
                0x00000000       0x10 .\CortexM3\ARM_GCC_441\Debug\Glow.a(UART.o)
 .text.UART_WriteControlRegister
                0x00000000       0x14 .\CortexM3\ARM_GCC_441\Debug\Glow.a(UART.o)
 .text.UART_SetRxInterruptMode
                0x00000000       0x20 .\CortexM3\ARM_GCC_441\Debug\Glow.a(UART.o)
 .text.UART_ReadRxStatus
                0x00000000       0x28 .\CortexM3\ARM_GCC_441\Debug\Glow.a(UART.o)
 .text.UART_GetChar
                0x00000000       0x4c .\CortexM3\ARM_GCC_441\Debug\Glow.a(UART.o)
 .text.UART_GetByte
                0x00000000       0x24 .\CortexM3\ARM_GCC_441\Debug\Glow.a(UART.o)
 .text.UART_GetRxBufferSize
                0x00000000       0x34 .\CortexM3\ARM_GCC_441\Debug\Glow.a(UART.o)
 .text.UART_SetRxAddressMode
                0x00000000       0x14 .\CortexM3\ARM_GCC_441\Debug\Glow.a(UART.o)
 .text.UART_SetRxAddress1
                0x00000000       0x20 .\CortexM3\ARM_GCC_441\Debug\Glow.a(UART.o)
 .text.UART_SetRxAddress2
                0x00000000       0x20 .\CortexM3\ARM_GCC_441\Debug\Glow.a(UART.o)
 .text.UART_SetTxInterruptMode
                0x00000000       0x20 .\CortexM3\ARM_GCC_441\Debug\Glow.a(UART.o)
 .text.UART_WriteTxData
                0x00000000       0x30 .\CortexM3\ARM_GCC_441\Debug\Glow.a(UART.o)
 .text.UART_ReadTxStatus
                0x00000000       0x18 .\CortexM3\ARM_GCC_441\Debug\Glow.a(UART.o)
 .text.UART_PutString
                0x00000000       0x3c .\CortexM3\ARM_GCC_441\Debug\Glow.a(UART.o)
 .text.UART_PutArray
                0x00000000       0x44 .\CortexM3\ARM_GCC_441\Debug\Glow.a(UART.o)
 .text.UART_PutCRLF
                0x00000000       0x38 .\CortexM3\ARM_GCC_441\Debug\Glow.a(UART.o)
 .text.UART_GetTxBufferSize
                0x00000000       0x4c .\CortexM3\ARM_GCC_441\Debug\Glow.a(UART.o)
 .text.UART_ClearTxBuffer
                0x00000000       0x54 .\CortexM3\ARM_GCC_441\Debug\Glow.a(UART.o)
 .text.UART_SendBreak
                0x00000000       0xc0 .\CortexM3\ARM_GCC_441\Debug\Glow.a(UART.o)
 .text.UART_SetTxAddressMode
                0x00000000       0x3c .\CortexM3\ARM_GCC_441\Debug\Glow.a(UART.o)
 .text          0x00000000        0x0 .\CortexM3\ARM_GCC_441\Debug\Glow.a(rx_int.o)
 .data          0x00000000        0x0 .\CortexM3\ARM_GCC_441\Debug\Glow.a(rx_int.o)
 .bss           0x00000000        0x0 .\CortexM3\ARM_GCC_441\Debug\Glow.a(rx_int.o)
 .text.rx_int_Start
                0x00000000       0x24 .\CortexM3\ARM_GCC_441\Debug\Glow.a(rx_int.o)
 .text.rx_int_Stop
                0x00000000       0x18 .\CortexM3\ARM_GCC_441\Debug\Glow.a(rx_int.o)
 .text.rx_int_Interrupt
                0x00000000        0xc .\CortexM3\ARM_GCC_441\Debug\Glow.a(rx_int.o)
 .text.rx_int_GetVector
                0x00000000       0x28 .\CortexM3\ARM_GCC_441\Debug\Glow.a(rx_int.o)
 .text.rx_int_GetPriority
                0x00000000       0x28 .\CortexM3\ARM_GCC_441\Debug\Glow.a(rx_int.o)
 .text.rx_int_GetState
                0x00000000       0x24 .\CortexM3\ARM_GCC_441\Debug\Glow.a(rx_int.o)
 .text.rx_int_SetPending
                0x00000000       0x18 .\CortexM3\ARM_GCC_441\Debug\Glow.a(rx_int.o)
 .text.rx_int_ClearPending
                0x00000000       0x18 .\CortexM3\ARM_GCC_441\Debug\Glow.a(rx_int.o)
 .text          0x00000000        0x0 .\CortexM3\ARM_GCC_441\Debug\Glow.a(ADC_SAR_1.o)
 .data          0x00000000        0x0 .\CortexM3\ARM_GCC_441\Debug\Glow.a(ADC_SAR_1.o)
 .text.ADC_SAR_1_Stop
                0x00000000       0xa0 .\CortexM3\ARM_GCC_441\Debug\Glow.a(ADC_SAR_1.o)
 .text.ADC_SAR_1_IRQ_Enable
                0x00000000       0x10 .\CortexM3\ARM_GCC_441\Debug\Glow.a(ADC_SAR_1.o)
 .text.ADC_SAR_1_IRQ_Disable
                0x00000000       0x10 .\CortexM3\ARM_GCC_441\Debug\Glow.a(ADC_SAR_1.o)
 .text.ADC_SAR_1_SetPower
                0x00000000       0x4c .\CortexM3\ARM_GCC_441\Debug\Glow.a(ADC_SAR_1.o)
 .text.ADC_SAR_1_StopConvert
                0x00000000       0x24 .\CortexM3\ARM_GCC_441\Debug\Glow.a(ADC_SAR_1.o)
 .text.ADC_SAR_1_GetResult8
                0x00000000       0x30 .\CortexM3\ARM_GCC_441\Debug\Glow.a(ADC_SAR_1.o)
 .text.ADC_SAR_1_SetOffset
                0x00000000       0x20 .\CortexM3\ARM_GCC_441\Debug\Glow.a(ADC_SAR_1.o)
 .text.ADC_SAR_1_SetGain
                0x00000000       0x20 .\CortexM3\ARM_GCC_441\Debug\Glow.a(ADC_SAR_1.o)
 .text.ADC_SAR_1_CountsTo_mVolts
                0x00000000       0x54 .\CortexM3\ARM_GCC_441\Debug\Glow.a(ADC_SAR_1.o)
 .text.ADC_SAR_1_CountsTo_uVolts
                0x00000000       0x58 .\CortexM3\ARM_GCC_441\Debug\Glow.a(ADC_SAR_1.o)
 .text.ADC_SAR_1_CountsTo_Volts
                0x00000000       0x5c .\CortexM3\ARM_GCC_441\Debug\Glow.a(ADC_SAR_1.o)
 .text          0x00000000        0x0 .\CortexM3\ARM_GCC_441\Debug\Glow.a(ADC_SAR_1_INT.o)
 .data          0x00000000        0x0 .\CortexM3\ARM_GCC_441\Debug\Glow.a(ADC_SAR_1_INT.o)
 .bss           0x00000000        0x0 .\CortexM3\ARM_GCC_441\Debug\Glow.a(ADC_SAR_1_INT.o)
 .text          0x00000000        0x0 .\CortexM3\ARM_GCC_441\Debug\Glow.a(ADC_SAR_1_theACLK.o)
 .data          0x00000000        0x0 .\CortexM3\ARM_GCC_441\Debug\Glow.a(ADC_SAR_1_theACLK.o)
 .bss           0x00000000        0x0 .\CortexM3\ARM_GCC_441\Debug\Glow.a(ADC_SAR_1_theACLK.o)
 .text.ADC_SAR_1_theACLK_Start
                0x00000000       0x28 .\CortexM3\ARM_GCC_441\Debug\Glow.a(ADC_SAR_1_theACLK.o)
 .text.ADC_SAR_1_theACLK_Stop
                0x00000000       0x24 .\CortexM3\ARM_GCC_441\Debug\Glow.a(ADC_SAR_1_theACLK.o)
 .text.ADC_SAR_1_theACLK_StopBlock
                0x00000000       0xdc .\CortexM3\ARM_GCC_441\Debug\Glow.a(ADC_SAR_1_theACLK.o)
 .text.ADC_SAR_1_theACLK_StandbyPower
                0x00000000       0x54 .\CortexM3\ARM_GCC_441\Debug\Glow.a(ADC_SAR_1_theACLK.o)
 .text.ADC_SAR_1_theACLK_SetDividerRegister
                0x00000000      0x1d4 .\CortexM3\ARM_GCC_441\Debug\Glow.a(ADC_SAR_1_theACLK.o)
 .text.ADC_SAR_1_theACLK_GetDividerRegister
                0x00000000       0x18 .\CortexM3\ARM_GCC_441\Debug\Glow.a(ADC_SAR_1_theACLK.o)
 .text.ADC_SAR_1_theACLK_ClearModeRegister
                0x00000000       0x40 .\CortexM3\ARM_GCC_441\Debug\Glow.a(ADC_SAR_1_theACLK.o)
 .text.ADC_SAR_1_theACLK_GetModeRegister
                0x00000000       0x1c .\CortexM3\ARM_GCC_441\Debug\Glow.a(ADC_SAR_1_theACLK.o)
 .text.ADC_SAR_1_theACLK_SetSourceRegister
                0x00000000       0xe8 .\CortexM3\ARM_GCC_441\Debug\Glow.a(ADC_SAR_1_theACLK.o)
 .text.ADC_SAR_1_theACLK_GetSourceRegister
                0x00000000       0x1c .\CortexM3\ARM_GCC_441\Debug\Glow.a(ADC_SAR_1_theACLK.o)
 .text.ADC_SAR_1_theACLK_SetPhaseRegister
                0x00000000       0x24 .\CortexM3\ARM_GCC_441\Debug\Glow.a(ADC_SAR_1_theACLK.o)
 .text.ADC_SAR_1_theACLK_GetPhaseRegister
                0x00000000       0x1c .\CortexM3\ARM_GCC_441\Debug\Glow.a(ADC_SAR_1_theACLK.o)
 .text          0x00000000        0x0 .\CortexM3\ARM_GCC_441\Debug\Glow.a(VDAC8_REF.o)
 .data          0x00000000        0x0 .\CortexM3\ARM_GCC_441\Debug\Glow.a(VDAC8_REF.o)
 .text.VDAC8_REF_Stop
                0x00000000       0x40 .\CortexM3\ARM_GCC_441\Debug\Glow.a(VDAC8_REF.o)
 .text          0x00000000        0x0 .\CortexM3\ARM_GCC_441\Debug\Glow.a(PGA_GAIN.o)
 .data          0x00000000        0x0 .\CortexM3\ARM_GCC_441\Debug\Glow.a(PGA_GAIN.o)
 .text.PGA_GAIN_Stop
                0x00000000       0x68 .\CortexM3\ARM_GCC_441\Debug\Glow.a(PGA_GAIN.o)
 .text          0x00000000        0x0 .\CortexM3\ARM_GCC_441\Debug\Glow.a(PGA_REF.o)
 .data          0x00000000        0x0 .\CortexM3\ARM_GCC_441\Debug\Glow.a(PGA_REF.o)
 .text.PGA_REF_Stop
                0x00000000       0x68 .\CortexM3\ARM_GCC_441\Debug\Glow.a(PGA_REF.o)
 .text          0x00000000        0x0 .\CortexM3\ARM_GCC_441\Debug\Glow.a(IDAC8_REF.o)
 .data          0x00000000        0x0 .\CortexM3\ARM_GCC_441\Debug\Glow.a(IDAC8_REF.o)
 .text.IDAC8_REF_Stop
                0x00000000       0x40 .\CortexM3\ARM_GCC_441\Debug\Glow.a(IDAC8_REF.o)
 .text.IDAC8_REF_SetPolarity
                0x00000000       0x54 .\CortexM3\ARM_GCC_441\Debug\Glow.a(IDAC8_REF.o)
 .text.IDAC8_REF_SetRange
                0x00000000       0x54 .\CortexM3\ARM_GCC_441\Debug\Glow.a(IDAC8_REF.o)
 .text          0x00000000        0x0 .\CortexM3\ARM_GCC_441\Debug\Glow.a(cyfitter_cfg.o)
 .data          0x00000000        0x0 .\CortexM3\ARM_GCC_441\Debug\Glow.a(cyfitter_cfg.o)
 .bss           0x00000000        0x0 .\CortexM3\ARM_GCC_441\Debug\Glow.a(cyfitter_cfg.o)
 .text.CyClockStartupError
                0x00000000        0xc .\CortexM3\ARM_GCC_441\Debug\Glow.a(cyfitter_cfg.o)
 .text.SetAnalogRoutingPumps
                0x00000000       0x44 .\CortexM3\ARM_GCC_441\Debug\Glow.a(cyfitter_cfg.o)
 .text.BOTTOM_MUX_1_Set
                0x00000000       0x94 .\CortexM3\ARM_GCC_441\Debug\Glow.a(cyfitter_cfg.o)
 .text.BOTTOM_MUX_1_Unset
                0x00000000       0xa8 .\CortexM3\ARM_GCC_441\Debug\Glow.a(cyfitter_cfg.o)
 .text.BOTTOM_MUX_2_Set
                0x00000000       0x50 .\CortexM3\ARM_GCC_441\Debug\Glow.a(cyfitter_cfg.o)
 .text.BOTTOM_MUX_2_Unset
                0x00000000       0x5c .\CortexM3\ARM_GCC_441\Debug\Glow.a(cyfitter_cfg.o)
 .text.BOTTOM_MUX_3_Set
                0x00000000       0x94 .\CortexM3\ARM_GCC_441\Debug\Glow.a(cyfitter_cfg.o)
 .text.BOTTOM_MUX_3_Unset
                0x00000000       0xa8 .\CortexM3\ARM_GCC_441\Debug\Glow.a(cyfitter_cfg.o)
 .text.BOTTOM_MUX_4_Set
                0x00000000       0x50 .\CortexM3\ARM_GCC_441\Debug\Glow.a(cyfitter_cfg.o)
 .text.BOTTOM_MUX_4_Unset
                0x00000000       0x5c .\CortexM3\ARM_GCC_441\Debug\Glow.a(cyfitter_cfg.o)
 .text.TOP_MUX_1_Set
                0x00000000       0x94 .\CortexM3\ARM_GCC_441\Debug\Glow.a(cyfitter_cfg.o)
 .text.TOP_MUX_1_Unset
                0x00000000       0xa8 .\CortexM3\ARM_GCC_441\Debug\Glow.a(cyfitter_cfg.o)
 .text.TOP_MUX_2_Set
                0x00000000       0x94 .\CortexM3\ARM_GCC_441\Debug\Glow.a(cyfitter_cfg.o)
 .text.TOP_MUX_2_Unset
                0x00000000       0xa8 .\CortexM3\ARM_GCC_441\Debug\Glow.a(cyfitter_cfg.o)
 .text.TOP_MUX_3_Set
                0x00000000       0x94 .\CortexM3\ARM_GCC_441\Debug\Glow.a(cyfitter_cfg.o)
 .text.TOP_MUX_3_Unset
                0x00000000       0xa8 .\CortexM3\ARM_GCC_441\Debug\Glow.a(cyfitter_cfg.o)
 .text.TOP_MUX_4_Set
                0x00000000       0x94 .\CortexM3\ARM_GCC_441\Debug\Glow.a(cyfitter_cfg.o)
 .text.TOP_MUX_4_Unset
                0x00000000       0xa8 .\CortexM3\ARM_GCC_441\Debug\Glow.a(cyfitter_cfg.o)
 .data          0x00000000        0x0 .\CortexM3\ARM_GCC_441\Debug\Glow.a(CyBootAsmGnu.o)
 .bss           0x00000000        0x0 .\CortexM3\ARM_GCC_441\Debug\Glow.a(CyBootAsmGnu.o)
 .text          0x00000000        0x0 .\CortexM3\ARM_GCC_441\Debug\Glow.a(CyFlash.o)
 .data          0x00000000        0x0 .\CortexM3\ARM_GCC_441\Debug\Glow.a(CyFlash.o)
 .bss           0x00000000        0x4 .\CortexM3\ARM_GCC_441\Debug\Glow.a(CyFlash.o)
 .text.CyFlash_Start
                0x00000000       0x48 .\CortexM3\ARM_GCC_441\Debug\Glow.a(CyFlash.o)
 .text.CyFlash_Stop
                0x00000000       0x40 .\CortexM3\ARM_GCC_441\Debug\Glow.a(CyFlash.o)
 .text.CySetTempInt
                0x00000000       0x90 .\CortexM3\ARM_GCC_441\Debug\Glow.a(CyFlash.o)
 .text.CySetTemp
                0x00000000       0x28 .\CortexM3\ARM_GCC_441\Debug\Glow.a(CyFlash.o)
 .text.CySetFlashEEBuffer
                0x00000000       0x50 .\CortexM3\ARM_GCC_441\Debug\Glow.a(CyFlash.o)
 .text.CyWriteRowData
                0x00000000       0xac .\CortexM3\ARM_GCC_441\Debug\Glow.a(CyFlash.o)
 .text.CyWriteRowFull
                0x00000000      0x124 .\CortexM3\ARM_GCC_441\Debug\Glow.a(CyFlash.o)
 .text.CyFlash_SetWaitCycles
                0x00000000       0xac .\CortexM3\ARM_GCC_441\Debug\Glow.a(CyFlash.o)
 .text.CyEEPROM_Start
                0x00000000       0x44 .\CortexM3\ARM_GCC_441\Debug\Glow.a(CyFlash.o)
 .text.CyEEPROM_Stop
                0x00000000       0x40 .\CortexM3\ARM_GCC_441\Debug\Glow.a(CyFlash.o)
 .text.CyEEPROM_ReadReserve
                0x00000000       0x3c .\CortexM3\ARM_GCC_441\Debug\Glow.a(CyFlash.o)
 .text.CyEEPROM_ReadRelease
                0x00000000       0x20 .\CortexM3\ARM_GCC_441\Debug\Glow.a(CyFlash.o)
 COMMON         0x00000000        0x2 .\CortexM3\ARM_GCC_441\Debug\Glow.a(CyFlash.o)
 .text          0x00000000        0x0 .\CortexM3\ARM_GCC_441\Debug\Glow.a(CySpc.o)
 .data          0x00000000        0x0 .\CortexM3\ARM_GCC_441\Debug\Glow.a(CySpc.o)
 .bss           0x00000000        0x2 .\CortexM3\ARM_GCC_441\Debug\Glow.a(CySpc.o)
 .text.CySpcStart
                0x00000000       0x58 .\CortexM3\ARM_GCC_441\Debug\Glow.a(CySpc.o)
 .text.CySpcStop
                0x00000000       0x54 .\CortexM3\ARM_GCC_441\Debug\Glow.a(CySpc.o)
 .text.CySpcReadData
                0x00000000       0x64 .\CortexM3\ARM_GCC_441\Debug\Glow.a(CySpc.o)
 .text.CySpcLoadMultiByte
                0x00000000      0x118 .\CortexM3\ARM_GCC_441\Debug\Glow.a(CySpc.o)
 .text.CySpcLoadRow
                0x00000000       0xbc .\CortexM3\ARM_GCC_441\Debug\Glow.a(CySpc.o)
 .text.CySpcReadMultiByte
                0x00000000       0xd0 .\CortexM3\ARM_GCC_441\Debug\Glow.a(CySpc.o)
 .text.CySpcWriteRow
                0x00000000       0xcc .\CortexM3\ARM_GCC_441\Debug\Glow.a(CySpc.o)
 .text.CySpcProgramRow
                0x00000000       0xcc .\CortexM3\ARM_GCC_441\Debug\Glow.a(CySpc.o)
 .text.CySpcEraseSector
                0x00000000       0xb8 .\CortexM3\ARM_GCC_441\Debug\Glow.a(CySpc.o)
 .text.CySpcGetTemp
                0x00000000       0x8c .\CortexM3\ARM_GCC_441\Debug\Glow.a(CySpc.o)
 .text.CySpcSetupTs
                0x00000000       0xb4 .\CortexM3\ARM_GCC_441\Debug\Glow.a(CySpc.o)
 .text.CySpcDisableTs
                0x00000000       0x60 .\CortexM3\ARM_GCC_441\Debug\Glow.a(CySpc.o)
 .text.CySpcEraseRow
                0x00000000       0xcc .\CortexM3\ARM_GCC_441\Debug\Glow.a(CySpc.o)
 .text.CySpcLock
                0x00000000       0x8c .\CortexM3\ARM_GCC_441\Debug\Glow.a(CySpc.o)
 .text.CySpcUnlock
                0x00000000       0x68 .\CortexM3\ARM_GCC_441\Debug\Glow.a(CySpc.o)
 .text          0x00000000        0x0 .\CortexM3\ARM_GCC_441\Debug\Glow.a(cyutils.o)
 .data          0x00000000        0x0 .\CortexM3\ARM_GCC_441\Debug\Glow.a(cyutils.o)
 .bss           0x00000000        0x0 .\CortexM3\ARM_GCC_441\Debug\Glow.a(cyutils.o)
 .text          0x00000000      0x21c c:/program files (x86)/cypress/psoc creator/2.1/psoc creator/import/gnu_cs/arm/4.4.1/bin/../lib/gcc/arm-none-eabi/4.4.1/thumb2\libgcc.a(_arm_addsubsf3.o)
 .data          0x00000000        0x0 c:/program files (x86)/cypress/psoc creator/2.1/psoc creator/import/gnu_cs/arm/4.4.1/bin/../lib/gcc/arm-none-eabi/4.4.1/thumb2\libgcc.a(_arm_addsubsf3.o)
 .bss           0x00000000        0x0 c:/program files (x86)/cypress/psoc creator/2.1/psoc creator/import/gnu_cs/arm/4.4.1/bin/../lib/gcc/arm-none-eabi/4.4.1/thumb2\libgcc.a(_arm_addsubsf3.o)
 .text          0x00000000      0x2a0 c:/program files (x86)/cypress/psoc creator/2.1/psoc creator/import/gnu_cs/arm/4.4.1/bin/../lib/gcc/arm-none-eabi/4.4.1/thumb2\libgcc.a(_arm_muldivsf3.o)
 .data          0x00000000        0x0 c:/program files (x86)/cypress/psoc creator/2.1/psoc creator/import/gnu_cs/arm/4.4.1/bin/../lib/gcc/arm-none-eabi/4.4.1/thumb2\libgcc.a(_arm_muldivsf3.o)
 .bss           0x00000000        0x0 c:/program files (x86)/cypress/psoc creator/2.1/psoc creator/import/gnu_cs/arm/4.4.1/bin/../lib/gcc/arm-none-eabi/4.4.1/thumb2\libgcc.a(_arm_muldivsf3.o)
 .data          0x00000000        0x0 c:/program files (x86)/cypress/psoc creator/2.1/psoc creator/import/gnu_cs/arm/4.4.1/bin/../lib/gcc/arm-none-eabi/4.4.1/../../../../arm-none-eabi/lib/thumb2\libc.a(lib_a-memcpy.o)
 .bss           0x00000000        0x0 c:/program files (x86)/cypress/psoc creator/2.1/psoc creator/import/gnu_cs/arm/4.4.1/bin/../lib/gcc/arm-none-eabi/4.4.1/../../../../arm-none-eabi/lib/thumb2\libc.a(lib_a-memcpy.o)
 .data          0x00000000        0x0 c:/program files (x86)/cypress/psoc creator/2.1/psoc creator/import/gnu_cs/arm/4.4.1/bin/../lib/gcc/arm-none-eabi/4.4.1/../../../../arm-none-eabi/lib/thumb2\libc.a(lib_a-memset.o)
 .bss           0x00000000        0x0 c:/program files (x86)/cypress/psoc creator/2.1/psoc creator/import/gnu_cs/arm/4.4.1/bin/../lib/gcc/arm-none-eabi/4.4.1/../../../../arm-none-eabi/lib/thumb2\libc.a(lib_a-memset.o)
 .text          0x00000000        0x0 c:/program files (x86)/cypress/psoc creator/2.1/psoc creator/import/gnu_cs/arm/4.4.1/bin/../lib/gcc/arm-none-eabi/4.4.1/thumb2/crtend.o
 .data          0x00000000        0x0 c:/program files (x86)/cypress/psoc creator/2.1/psoc creator/import/gnu_cs/arm/4.4.1/bin/../lib/gcc/arm-none-eabi/4.4.1/thumb2/crtend.o
 .bss           0x00000000        0x0 c:/program files (x86)/cypress/psoc creator/2.1/psoc creator/import/gnu_cs/arm/4.4.1/bin/../lib/gcc/arm-none-eabi/4.4.1/thumb2/crtend.o
 .text          0x00000000        0x0 c:/program files (x86)/cypress/psoc creator/2.1/psoc creator/import/gnu_cs/arm/4.4.1/bin/../lib/gcc/arm-none-eabi/4.4.1/thumb2/crtn.o
 .data          0x00000000        0x0 c:/program files (x86)/cypress/psoc creator/2.1/psoc creator/import/gnu_cs/arm/4.4.1/bin/../lib/gcc/arm-none-eabi/4.4.1/thumb2/crtn.o
 .bss           0x00000000        0x0 c:/program files (x86)/cypress/psoc creator/2.1/psoc creator/import/gnu_cs/arm/4.4.1/bin/../lib/gcc/arm-none-eabi/4.4.1/thumb2/crtn.o
 .data          0x00000000        0x0 c:/program files (x86)/cypress/psoc creator/2.1/psoc creator/import/gnu_cs/arm/4.4.1/bin/../lib/gcc/arm-none-eabi/4.4.1/../../../../arm-none-eabi/lib/thumb2\libcs3.a(start_c.o)
 .bss           0x00000000        0x0 c:/program files (x86)/cypress/psoc creator/2.1/psoc creator/import/gnu_cs/arm/4.4.1/bin/../lib/gcc/arm-none-eabi/4.4.1/../../../../arm-none-eabi/lib/thumb2\libcs3.a(start_c.o)
 .text          0x00000000        0x0 c:/program files (x86)/cypress/psoc creator/2.1/psoc creator/import/gnu_cs/arm/4.4.1/bin/../lib/gcc/arm-none-eabi/4.4.1/../../../../arm-none-eabi/lib/thumb2\libcs3micro.a(micro-vector.o)
 .data          0x00000000        0x0 c:/program files (x86)/cypress/psoc creator/2.1/psoc creator/import/gnu_cs/arm/4.4.1/bin/../lib/gcc/arm-none-eabi/4.4.1/../../../../arm-none-eabi/lib/thumb2\libcs3micro.a(micro-vector.o)
 .bss           0x00000000        0x0 c:/program files (x86)/cypress/psoc creator/2.1/psoc creator/import/gnu_cs/arm/4.4.1/bin/../lib/gcc/arm-none-eabi/4.4.1/../../../../arm-none-eabi/lib/thumb2\libcs3micro.a(micro-vector.o)
 .data          0x00000000        0x0 c:/program files (x86)/cypress/psoc creator/2.1/psoc creator/import/gnu_cs/arm/4.4.1/bin/../lib/gcc/arm-none-eabi/4.4.1/../../../../arm-none-eabi/lib/thumb2\libcs3micro.a(micro_isr_interrupt.o)
 .bss           0x00000000        0x0 c:/program files (x86)/cypress/psoc creator/2.1/psoc creator/import/gnu_cs/arm/4.4.1/bin/../lib/gcc/arm-none-eabi/4.4.1/../../../../arm-none-eabi/lib/thumb2\libcs3micro.a(micro_isr_interrupt.o)
 .data          0x00000000        0x0 c:/program files (x86)/cypress/psoc creator/2.1/psoc creator/import/gnu_cs/arm/4.4.1/bin/../lib/gcc/arm-none-eabi/4.4.1/../../../../arm-none-eabi/lib/thumb2\libc.a(lib_a-init.o)
 .bss           0x00000000        0x0 c:/program files (x86)/cypress/psoc creator/2.1/psoc creator/import/gnu_cs/arm/4.4.1/bin/../lib/gcc/arm-none-eabi/4.4.1/../../../../arm-none-eabi/lib/thumb2\libc.a(lib_a-init.o)

Memory Configuration

Name             Origin             Length             Attributes
rom              0x00000000         0x00040000         xr
ram              0x1fff8000         0x0000b000         xrw
*default*        0x00000000         0xffffffff

Linker script and memory map

LOAD c:/program files (x86)/cypress/psoc creator/2.1/psoc creator/import/gnu_cs/arm/4.4.1/bin/../lib/gcc/arm-none-eabi/4.4.1/thumb2/crti.o
LOAD c:/program files (x86)/cypress/psoc creator/2.1/psoc creator/import/gnu_cs/arm/4.4.1/bin/../lib/gcc/arm-none-eabi/4.4.1/thumb2/crtbegin.o
START GROUP
LOAD .\CortexM3\ARM_GCC_441\Debug\main.o
LOAD .\CortexM3\ARM_GCC_441\Debug\Cm3Start.o
LOAD .\CortexM3\ARM_GCC_441\Debug\Glow.a
LOAD C:\Program Files (x86)\Cypress\PSoC Creator\2.1\PSoC Creator\psoc\content\cycomponentlibrary\CyComponentLibrary.cylib\CortexM3\ARM_GCC_441\Debug\CyComponentLibrary.a
END GROUP
START GROUP
LOAD c:/program files (x86)/cypress/psoc creator/2.1/psoc creator/import/gnu_cs/arm/4.4.1/bin/../lib/gcc/arm-none-eabi/4.4.1/thumb2\libgcc.a
LOAD c:/program files (x86)/cypress/psoc creator/2.1/psoc creator/import/gnu_cs/arm/4.4.1/bin/../lib/gcc/arm-none-eabi/4.4.1/../../../../arm-none-eabi/lib/thumb2\libc.a
END GROUP
LOAD c:/program files (x86)/cypress/psoc creator/2.1/psoc creator/import/gnu_cs/arm/4.4.1/bin/../lib/gcc/arm-none-eabi/4.4.1/thumb2/crtend.o
LOAD c:/program files (x86)/cypress/psoc creator/2.1/psoc creator/import/gnu_cs/arm/4.4.1/bin/../lib/gcc/arm-none-eabi/4.4.1/thumb2/crtn.o
START GROUP
LOAD c:/program files (x86)/cypress/psoc creator/2.1/psoc creator/import/gnu_cs/arm/4.4.1/bin/../lib/gcc/arm-none-eabi/4.4.1/thumb2\libgcc.a
LOAD c:/program files (x86)/cypress/psoc creator/2.1/psoc creator/import/gnu_cs/arm/4.4.1/bin/../lib/gcc/arm-none-eabi/4.4.1/../../../../arm-none-eabi/lib/thumb2\libc.a
LOAD c:/program files (x86)/cypress/psoc creator/2.1/psoc creator/import/gnu_cs/arm/4.4.1/bin/../lib/gcc/arm-none-eabi/4.4.1/../../../../arm-none-eabi/lib/thumb2\libcs3.a
LOAD c:/program files (x86)/cypress/psoc creator/2.1/psoc creator/import/gnu_cs/arm/4.4.1/bin/../lib/gcc/arm-none-eabi/4.4.1/../../../../arm-none-eabi/lib/thumb2\libcs3unhosted.a
LOAD c:/program files (x86)/cypress/psoc creator/2.1/psoc creator/import/gnu_cs/arm/4.4.1/bin/../lib/gcc/arm-none-eabi/4.4.1/../../../../arm-none-eabi/lib/thumb2\libcs3micro.a
END GROUP
                0x1fff8140                PROVIDE (__cs3_heap_start, _end)
                0x00000001                PROVIDE (__cs3_region_num, ((__cs3_regions_end - __cs3_regions) / 0x14))
                0x20008000                PROVIDE (__cs3_stack, 0x20008000)
                0x20004000                PROVIDE (__cs3_heap_end, (__cs3_stack - 0x4000))

.text           0x00000000     0x1f64
 CREATE_OBJECT_SYMBOLS
                0x00000000                __cs3_interrupt_vector = __cs3_interrupt_vector_micro
 *(.cs3.interrupt_vector)
 .cs3.interrupt_vector
                0x00000000       0xc0 c:/program files (x86)/cypress/psoc creator/2.1/psoc creator/import/gnu_cs/arm/4.4.1/bin/../lib/gcc/arm-none-eabi/4.4.1/../../../../arm-none-eabi/lib/thumb2\libcs3micro.a(micro-vector.o)
                0x00000000                __cs3_interrupt_vector_micro
                0x00000001                ASSERT ((. != __cs3_interrupt_vector_micro), No interrupt vector)
                0x00000284                PROVIDE (__cs3_reset, Reset)
 *(.cs3.reset)
                0x00000001                ASSERT ((. != __cs3_reset), No reset code)
 *(.dma_init)
                0x00000001                ASSERT ((((0x0 + .) <= 0x10000) || 0x1), DMA Init must be within the first 64k of flash)
 *(.text.cs3.init)
 .text.cs3.init
                0x000000c0       0x5c c:/program files (x86)/cypress/psoc creator/2.1/psoc creator/import/gnu_cs/arm/4.4.1/bin/../lib/gcc/arm-none-eabi/4.4.1/../../../../arm-none-eabi/lib/thumb2\libcs3.a(start_c.o)
                0x000000c0                __cs3_start_c
 *(.text .text.* .gnu.linkonce.t.*)
 .text          0x0000011c       0x30 c:/program files (x86)/cypress/psoc creator/2.1/psoc creator/import/gnu_cs/arm/4.4.1/bin/../lib/gcc/arm-none-eabi/4.4.1/thumb2/crtbegin.o
 .text.RX_INT   0x0000014c       0x20 .\CortexM3\ARM_GCC_441\Debug\main.o
                0x0000014c                RX_INT
 .text.init     0x0000016c       0x40 .\CortexM3\ARM_GCC_441\Debug\main.o
                0x0000016c                init
 .text.main     0x000001ac       0x10 .\CortexM3\ARM_GCC_441\Debug\main.o
                0x000001ac                main
 .text.processRX
                0x000001bc       0x54 .\CortexM3\ARM_GCC_441\Debug\main.o
                0x000001bc                processRX
 .text.processMat
                0x00000210       0x74 .\CortexM3\ARM_GCC_441\Debug\main.o
                0x00000210                processMat
 .text.Reset    0x00000284       0x24 .\CortexM3\ARM_GCC_441\Debug\Cm3Start.o
                0x00000284                Reset
 .text.initialize_psoc
                0x000002a8       0x9c .\CortexM3\ARM_GCC_441\Debug\Cm3Start.o
                0x000002a8                initialize_psoc
 .text.CyHalt   0x00000344       0x18 .\CortexM3\ARM_GCC_441\Debug\Glow.a(CyLib.o)
                0x00000344                CyHalt
 .text.CyDelay  0x0000035c       0x48 .\CortexM3\ARM_GCC_441\Debug\Glow.a(CyLib.o)
                0x0000035c                CyDelay
 .text.CyDelayUs
                0x000003a4       0x28 .\CortexM3\ARM_GCC_441\Debug\Glow.a(CyLib.o)
                0x000003a4                CyDelayUs
 .text.CyIntSetVector
                0x000003cc       0x68 .\CortexM3\ARM_GCC_441\Debug\Glow.a(CyLib.o)
                0x000003cc                CyIntSetVector
 .text.CyIntSetPriority
                0x00000434       0x5c .\CortexM3\ARM_GCC_441\Debug\Glow.a(CyLib.o)
                0x00000434                CyIntSetPriority
 .text.CyIntClearPending
                0x00000490       0x48 .\CortexM3\ARM_GCC_441\Debug\Glow.a(CyLib.o)
                0x00000490                CyIntClearPending
 .text.LCD_Init
                0x000004d8       0x90 .\CortexM3\ARM_GCC_441\Debug\Glow.a(LCD.o)
                0x000004d8                LCD_Init
 .text.LCD_Enable
                0x00000568       0x1c .\CortexM3\ARM_GCC_441\Debug\Glow.a(LCD.o)
                0x00000568                LCD_Enable
 .text.LCD_Start
                0x00000584       0x2c .\CortexM3\ARM_GCC_441\Debug\Glow.a(LCD.o)
                0x00000584                LCD_Start
 .text.LCD_PutChar
                0x000005b0       0x1c .\CortexM3\ARM_GCC_441\Debug\Glow.a(LCD.o)
                0x000005b0                LCD_PutChar
 .text.LCD_WriteData
                0x000005cc       0x38 .\CortexM3\ARM_GCC_441\Debug\Glow.a(LCD.o)
                0x000005cc                LCD_WriteData
 .text.LCD_WriteControl
                0x00000604       0x40 .\CortexM3\ARM_GCC_441\Debug\Glow.a(LCD.o)
                0x00000604                LCD_WriteControl
 .text.LCD_IsReady
                0x00000644      0x204 .\CortexM3\ARM_GCC_441\Debug\Glow.a(LCD.o)
                0x00000644                LCD_IsReady
 .text.LCD_WrDatNib
                0x00000848       0xac .\CortexM3\ARM_GCC_441\Debug\Glow.a(LCD.o)
                0x00000848                LCD_WrDatNib
 .text.LCD_WrCntrlNib
                0x000008f4       0x8c .\CortexM3\ARM_GCC_441\Debug\Glow.a(LCD.o)
                0x000008f4                LCD_WrCntrlNib
 .text.UART_Start
                0x00000980       0x2c .\CortexM3\ARM_GCC_441\Debug\Glow.a(UART.o)
                0x00000980                UART_Start
 .text.UART_Init
                0x000009ac       0x44 .\CortexM3\ARM_GCC_441\Debug\Glow.a(UART.o)
                0x000009ac                UART_Init
 .text.UART_Enable
                0x000009f0       0x90 .\CortexM3\ARM_GCC_441\Debug\Glow.a(UART.o)
                0x000009f0                UART_Enable
 .text.UART_ReadRxData
                0x00000a80       0x20 .\CortexM3\ARM_GCC_441\Debug\Glow.a(UART.o)
                0x00000a80                UART_ReadRxData
 .text.UART_ClearRxBuffer
                0x00000aa0       0x54 .\CortexM3\ARM_GCC_441\Debug\Glow.a(UART.o)
                0x00000aa0                UART_ClearRxBuffer
 .text.UART_PutChar
                0x00000af4       0x34 .\CortexM3\ARM_GCC_441\Debug\Glow.a(UART.o)
                0x00000af4                UART_PutChar
 .text.rx_int_StartEx
                0x00000b28       0x28 .\CortexM3\ARM_GCC_441\Debug\Glow.a(rx_int.o)
                0x00000b28                rx_int_StartEx
 .text.rx_int_SetVector
                0x00000b50       0x28 .\CortexM3\ARM_GCC_441\Debug\Glow.a(rx_int.o)
                0x00000b50                rx_int_SetVector
 .text.rx_int_SetPriority
                0x00000b78       0x28 .\CortexM3\ARM_GCC_441\Debug\Glow.a(rx_int.o)
                0x00000b78                rx_int_SetPriority
 .text.rx_int_Enable
                0x00000ba0       0x18 .\CortexM3\ARM_GCC_441\Debug\Glow.a(rx_int.o)
                0x00000ba0                rx_int_Enable
 .text.rx_int_Disable
                0x00000bb8       0x18 .\CortexM3\ARM_GCC_441\Debug\Glow.a(rx_int.o)
                0x00000bb8                rx_int_Disable
 .text.ADC_SAR_1_Start
                0x00000bd0       0x2c .\CortexM3\ARM_GCC_441\Debug\Glow.a(ADC_SAR_1.o)
                0x00000bd0                ADC_SAR_1_Start
 .text.ADC_SAR_1_Init
                0x00000bfc       0x5c .\CortexM3\ARM_GCC_441\Debug\Glow.a(ADC_SAR_1.o)
                0x00000bfc                ADC_SAR_1_Init
 .text.ADC_SAR_1_Enable
                0x00000c58      0x148 .\CortexM3\ARM_GCC_441\Debug\Glow.a(ADC_SAR_1.o)
                0x00000c58                ADC_SAR_1_Enable
 .text.ADC_SAR_1_SetResolution
                0x00000da0       0x5c .\CortexM3\ARM_GCC_441\Debug\Glow.a(ADC_SAR_1.o)
                0x00000da0                ADC_SAR_1_SetResolution
 .text.ADC_SAR_1_StartConvert
                0x00000dfc       0x28 .\CortexM3\ARM_GCC_441\Debug\Glow.a(ADC_SAR_1.o)
                0x00000dfc                ADC_SAR_1_StartConvert
 .text.ADC_SAR_1_IsEndConversion
                0x00000e24       0x4c .\CortexM3\ARM_GCC_441\Debug\Glow.a(ADC_SAR_1.o)
                0x00000e24                ADC_SAR_1_IsEndConversion
 .text.ADC_SAR_1_GetResult16
                0x00000e70       0x38 .\CortexM3\ARM_GCC_441\Debug\Glow.a(ADC_SAR_1.o)
                0x00000e70                ADC_SAR_1_GetResult16
 .text.ADC_SAR_1_CalcGain
                0x00000ea8       0x78 .\CortexM3\ARM_GCC_441\Debug\Glow.a(ADC_SAR_1.o)
                0x00000ea8                ADC_SAR_1_CalcGain
 .text.ADC_SAR_1_ISR
                0x00000f20        0xc .\CortexM3\ARM_GCC_441\Debug\Glow.a(ADC_SAR_1_INT.o)
                0x00000f20                ADC_SAR_1_ISR
 .text.ADC_SAR_1_theACLK_SetModeRegister
                0x00000f2c       0x38 .\CortexM3\ARM_GCC_441\Debug\Glow.a(ADC_SAR_1_theACLK.o)
                0x00000f2c                ADC_SAR_1_theACLK_SetModeRegister
 .text.VDAC8_REF_Init
                0x00000f64       0x34 .\CortexM3\ARM_GCC_441\Debug\Glow.a(VDAC8_REF.o)
                0x00000f64                VDAC8_REF_Init
 .text.VDAC8_REF_Enable
                0x00000f98       0x44 .\CortexM3\ARM_GCC_441\Debug\Glow.a(VDAC8_REF.o)
                0x00000f98                VDAC8_REF_Enable
 .text.VDAC8_REF_Start
                0x00000fdc       0x34 .\CortexM3\ARM_GCC_441\Debug\Glow.a(VDAC8_REF.o)
                0x00000fdc                VDAC8_REF_Start
 .text.VDAC8_REF_SetSpeed
                0x00001010       0x50 .\CortexM3\ARM_GCC_441\Debug\Glow.a(VDAC8_REF.o)
                0x00001010                VDAC8_REF_SetSpeed
 .text.VDAC8_REF_SetRange
                0x00001060       0x54 .\CortexM3\ARM_GCC_441\Debug\Glow.a(VDAC8_REF.o)
                0x00001060                VDAC8_REF_SetRange
 .text.VDAC8_REF_SetValue
                0x000010b4       0x20 .\CortexM3\ARM_GCC_441\Debug\Glow.a(VDAC8_REF.o)
                0x000010b4                VDAC8_REF_SetValue
 .text.VDAC8_REF_DacTrim
                0x000010d4       0x44 .\CortexM3\ARM_GCC_441\Debug\Glow.a(VDAC8_REF.o)
                0x000010d4                VDAC8_REF_DacTrim
 .text.PGA_GAIN_Init
                0x00001118       0x50 .\CortexM3\ARM_GCC_441\Debug\Glow.a(PGA_GAIN.o)
                0x00001118                PGA_GAIN_Init
 .text.PGA_GAIN_Enable
                0x00001168       0x64 .\CortexM3\ARM_GCC_441\Debug\Glow.a(PGA_GAIN.o)
                0x00001168                PGA_GAIN_Enable
 .text.PGA_GAIN_Start
                0x000011cc       0x2c .\CortexM3\ARM_GCC_441\Debug\Glow.a(PGA_GAIN.o)
                0x000011cc                PGA_GAIN_Start
 .text.PGA_GAIN_SetPower
                0x000011f8       0x40 .\CortexM3\ARM_GCC_441\Debug\Glow.a(PGA_GAIN.o)
                0x000011f8                PGA_GAIN_SetPower
 .text.PGA_GAIN_SetGain
                0x00001238       0xc4 .\CortexM3\ARM_GCC_441\Debug\Glow.a(PGA_GAIN.o)
                0x00001238                PGA_GAIN_SetGain
 .text.PGA_REF_Init
                0x000012fc       0x50 .\CortexM3\ARM_GCC_441\Debug\Glow.a(PGA_REF.o)
                0x000012fc                PGA_REF_Init
 .text.PGA_REF_Enable
                0x0000134c       0x64 .\CortexM3\ARM_GCC_441\Debug\Glow.a(PGA_REF.o)
                0x0000134c                PGA_REF_Enable
 .text.PGA_REF_Start
                0x000013b0       0x2c .\CortexM3\ARM_GCC_441\Debug\Glow.a(PGA_REF.o)
                0x000013b0                PGA_REF_Start
 .text.PGA_REF_SetPower
                0x000013dc       0x40 .\CortexM3\ARM_GCC_441\Debug\Glow.a(PGA_REF.o)
                0x000013dc                PGA_REF_SetPower
 .text.PGA_REF_SetGain
                0x0000141c       0xc4 .\CortexM3\ARM_GCC_441\Debug\Glow.a(PGA_REF.o)
                0x0000141c                PGA_REF_SetGain
 .text.IDAC8_REF_Init
                0x000014e0       0x4c .\CortexM3\ARM_GCC_441\Debug\Glow.a(IDAC8_REF.o)
                0x000014e0                IDAC8_REF_Init
 .text.IDAC8_REF_Enable
                0x0000152c       0x44 .\CortexM3\ARM_GCC_441\Debug\Glow.a(IDAC8_REF.o)
                0x0000152c                IDAC8_REF_Enable
 .text.IDAC8_REF_Start
                0x00001570       0x34 .\CortexM3\ARM_GCC_441\Debug\Glow.a(IDAC8_REF.o)
                0x00001570                IDAC8_REF_Start
 .text.IDAC8_REF_SetSpeed
                0x000015a4       0x50 .\CortexM3\ARM_GCC_441\Debug\Glow.a(IDAC8_REF.o)
                0x000015a4                IDAC8_REF_SetSpeed
 .text.IDAC8_REF_SetValue
                0x000015f4       0x20 .\CortexM3\ARM_GCC_441\Debug\Glow.a(IDAC8_REF.o)
                0x000015f4                IDAC8_REF_SetValue
 .text.IDAC8_REF_DacTrim
                0x00001614       0x5c .\CortexM3\ARM_GCC_441\Debug\Glow.a(IDAC8_REF.o)
                0x00001614                IDAC8_REF_DacTrim
 .text.cfg_write_bytes32
                0x00001670       0x94 .\CortexM3\ARM_GCC_441\Debug\Glow.a(cyfitter_cfg.o)
 .text.ClockSetup
                0x00001704      0x1ac .\CortexM3\ARM_GCC_441\Debug\Glow.a(cyfitter_cfg.o)
 .text.AnalogSetDefault
                0x000018b0      0x13c .\CortexM3\ARM_GCC_441\Debug\Glow.a(cyfitter_cfg.o)
                0x000018b0                AnalogSetDefault
 .text.cyfitter_cfg
                0x000019ec      0x220 .\CortexM3\ARM_GCC_441\Debug\Glow.a(cyfitter_cfg.o)
                0x000019ec                cyfitter_cfg
 *fill*         0x00001c0c        0x4 00
 .text          0x00001c10       0x20 .\CortexM3\ARM_GCC_441\Debug\Glow.a(CyBootAsmGnu.o)
                0x00001c10                CyDelayCycles
                0x00001c20                CyEnterCriticalSection
                0x00001c28                CyExitCriticalSection
 .text.CySetReg24
                0x00001c30       0x4c .\CortexM3\ARM_GCC_441\Debug\Glow.a(cyutils.o)
                0x00001c30                CySetReg24
 .text          0x00001c7c      0x190 c:/program files (x86)/cypress/psoc creator/2.1/psoc creator/import/gnu_cs/arm/4.4.1/bin/../lib/gcc/arm-none-eabi/4.4.1/../../../../arm-none-eabi/lib/thumb2\libc.a(lib_a-memcpy.o)
                0x00001c7c                memcpy
 .text          0x00001e0c       0xd4 c:/program files (x86)/cypress/psoc creator/2.1/psoc creator/import/gnu_cs/arm/4.4.1/bin/../lib/gcc/arm-none-eabi/4.4.1/../../../../arm-none-eabi/lib/thumb2\libc.a(lib_a-memset.o)
                0x00001e0c                memset
 .text          0x00001ee0       0x30 c:/program files (x86)/cypress/psoc creator/2.1/psoc creator/import/gnu_cs/arm/4.4.1/bin/../lib/gcc/arm-none-eabi/4.4.1/../../../../arm-none-eabi/lib/thumb2\libcs3.a(start_c.o)
                0x00001ee0                __cs3_premain
 .text          0x00001f10        0x2 c:/program files (x86)/cypress/psoc creator/2.1/psoc creator/import/gnu_cs/arm/4.4.1/bin/../lib/gcc/arm-none-eabi/4.4.1/../../../../arm-none-eabi/lib/thumb2\libcs3micro.a(micro_isr_interrupt.o)
                0x00001f10                __cs3_isr_external_24
                0x00001f10                __cs3_isr_external_9
                0x00001f10                __cs3_isr_external_14
                0x00001f10                __cs3_isr_reserved_9
                0x00001f10                __cs3_isr_external_4
                0x00001f10                __cs3_isr_external_21
                0x00001f10                __cs3_isr_external_0
                0x00001f10                __cs3_isr_external_27
                0x00001f10                __cs3_isr_external_11
                0x00001f10                __cs3_isr_usage_fault
                0x00001f10                __cs3_isr_svcall
                0x00001f10                __cs3_isr_external_3
                0x00001f10                __cs3_isr_mpu_fault
                0x00001f10                __cs3_isr_external_16
                0x00001f10                __cs3_isr_pendsv
                0x00001f10                __cs3_isr_external_31
                0x00001f10                __cs3_isr_nmi
                0x00001f10                __cs3_isr_external_5
                0x00001f10                __cs3_isr_external_6
                0x00001f10                __cs3_isr_external_12
                0x00001f10                __cs3_isr_hard_fault
                0x00001f10                __cs3_isr_bus_fault
                0x00001f10                __cs3_isr_external_1
                0x00001f10                __cs3_isr_external_13
                0x00001f10                __cs3_isr_external_30
                0x00001f10                __cs3_isr_external_23
                0x00001f10                __cs3_isr_external_20
                0x00001f10                __cs3_isr_debug
                0x00001f10                __cs3_isr_reserved_13
                0x00001f10                __cs3_isr_external_8
                0x00001f10                __cs3_isr_external_26
                0x00001f10                __cs3_isr_reserved_8
                0x00001f10                __cs3_isr_reserved_7
                0x00001f10                __cs3_isr_external_7
                0x00001f10                __cs3_isr_external_28
                0x00001f10                __cs3_isr_systick
                0x00001f10                __cs3_isr_external_22
                0x00001f10                __cs3_isr_external_10
                0x00001f10                __cs3_isr_external_15
                0x00001f10                __cs3_isr_interrupt
                0x00001f10                __cs3_isr_external_18
                0x00001f10                __cs3_isr_external_29
                0x00001f10                __cs3_isr_external_25
                0x00001f10                __cs3_isr_reserved_10
                0x00001f10                __cs3_isr_external_2
                0x00001f10                __cs3_isr_external_17
                0x00001f10                __cs3_isr_external_19
 *fill*         0x00001f12        0x2 00
 .text          0x00001f14       0x50 c:/program files (x86)/cypress/psoc creator/2.1/psoc creator/import/gnu_cs/arm/4.4.1/bin/../lib/gcc/arm-none-eabi/4.4.1/../../../../arm-none-eabi/lib/thumb2\libc.a(lib_a-init.o)
                0x00001f14                __libc_init_array
 *(.plt)
 *(.gnu.warning)
 *(.glue_7t)
 .glue_7t       0x00000000        0x0 linker stubs
 *(.glue_7)
 .glue_7        0x00000000        0x0 linker stubs
 *(.vfp11_veneer)
 .vfp11_veneer  0x00000000        0x0 linker stubs
 *(.bootloader)
 *(.ARM.extab* .gnu.linkonce.armextab.*)
 *(.gcc_except_table)

.v4_bx          0x00001f64        0x0
 .v4_bx         0x00000000        0x0 linker stubs

.eh_frame_hdr
 *(.eh_frame_hdr)

.eh_frame
 *(.eh_frame)
                0x00001f64                PROVIDE (__exidx_start, .)

.ARM.exidx
 *(.ARM.exidx* .gnu.linkonce.armexidx.*)
                0x00001f64                __exidx_end = .

.rodata         0x00001f64      0x124
 *(.rodata .rodata.* .gnu.linkonce.r.*)
 .rodata        0x00001f64       0x18 .\CortexM3\ARM_GCC_441\Debug\Glow.a(PGA_GAIN.o)
                0x00001f64                PGA_GAIN_GainArray
                0x00001f70                PGA_GAIN_GainComp
 .rodata        0x00001f7c       0x18 .\CortexM3\ARM_GCC_441\Debug\Glow.a(PGA_REF.o)
                0x00001f7c                PGA_REF_GainArray
                0x00001f88                PGA_REF_GainComp
 .rodata        0x00001f94       0xbc .\CortexM3\ARM_GCC_441\Debug\Glow.a(cyfitter_cfg.o)
                0x00001fc0                BOTTOM_MUX_1__addrTable
                0x00001fd0                BOTTOM_MUX_1__maskTable
                0x00001fd4                BOTTOM_MUX_2__addrTable
                0x00001fdc                BOTTOM_MUX_2__maskTable
                0x00001fe0                BOTTOM_MUX_3__addrTable
                0x00001ff0                BOTTOM_MUX_3__maskTable
                0x00001ff4                BOTTOM_MUX_4__addrTable
                0x00001ffc                BOTTOM_MUX_4__maskTable
                0x00002000                TOP_MUX_1__addrTable
                0x00002010                TOP_MUX_1__maskTable
                0x00002014                TOP_MUX_2__addrTable
                0x00002024                TOP_MUX_2__maskTable
                0x00002028                TOP_MUX_3__addrTable
                0x00002038                TOP_MUX_3__maskTable
                0x0000203c                TOP_MUX_4__addrTable
                0x0000204c                TOP_MUX_4__maskTable
                0x00002050                . = ALIGN (0x4)
 *(.init)
 .init          0x00002050        0x4 c:/program files (x86)/cypress/psoc creator/2.1/psoc creator/import/gnu_cs/arm/4.4.1/bin/../lib/gcc/arm-none-eabi/4.4.1/thumb2/crti.o
                0x00002050                _init
 .init          0x00002054        0x8 c:/program files (x86)/cypress/psoc creator/2.1/psoc creator/import/gnu_cs/arm/4.4.1/bin/../lib/gcc/arm-none-eabi/4.4.1/thumb2/crtn.o
                0x0000205c                . = ALIGN (0x4)
                0x0000205c                __preinit_array_start = .
 *(.preinit_array)
                0x0000205c                __preinit_array_end = .
                0x0000205c                . = ALIGN (0x4)
                0x0000205c                __init_array_start = .
 *(SORT(.init_array.*))
 *(.init_array)
 .init_array    0x0000205c        0x4 c:/program files (x86)/cypress/psoc creator/2.1/psoc creator/import/gnu_cs/arm/4.4.1/bin/../lib/gcc/arm-none-eabi/4.4.1/thumb2/crtbegin.o
 .init_array    0x00002060        0x4 .\CortexM3\ARM_GCC_441\Debug\Cm3Start.o
                0x00002064                __init_array_end = .
                0x00002064                . = ALIGN (0x4)
 *(.fini)
 .fini          0x00002064        0x4 c:/program files (x86)/cypress/psoc creator/2.1/psoc creator/import/gnu_cs/arm/4.4.1/bin/../lib/gcc/arm-none-eabi/4.4.1/thumb2/crti.o
                0x00002064                _fini
 .fini          0x00002068        0x8 c:/program files (x86)/cypress/psoc creator/2.1/psoc creator/import/gnu_cs/arm/4.4.1/bin/../lib/gcc/arm-none-eabi/4.4.1/thumb2/crtn.o
                0x00002070                . = ALIGN (0x4)
                0x00002070                __fini_array_start = .
 *(.fini_array)
 .fini_array    0x00002070        0x4 c:/program files (x86)/cypress/psoc creator/2.1/psoc creator/import/gnu_cs/arm/4.4.1/bin/../lib/gcc/arm-none-eabi/4.4.1/thumb2/crtbegin.o
 *(SORT(.fini_array.*))
                0x00002074                __fini_array_end = .
                0x00002074                . = ALIGN (0x4)
 *crtbegin.o(.ctors)
 *(EXCLUDE_FILE(*crtend.o) .ctors)
 *(SORT(.ctors.*))
 *crtend.o(.ctors)
                0x00002074                . = ALIGN (0x4)
 *crtbegin.o(.dtors)
 *(EXCLUDE_FILE(*crtend.o) .dtors)
 *(SORT(.dtors.*))
 *crtend.o(.dtors)
                0x00002074                . = ALIGN (0x4)
                0x00002074                __cs3_regions = .
                0x00002074        0x4 LONG 0x0
                0x00002078        0x4 LONG 0x2088 __cs3_region_init_ram
                0x0000207c        0x4 LONG 0x1fff8000 __cs3_region_start_ram
                0x00002080        0x4 LONG 0x118 __cs3_region_init_size_ram
                0x00002084        0x4 LONG 0x28 __cs3_region_zero_size_ram
                0x00002088                __cs3_regions_end = .
                0x00002088                . = ALIGN (0x8)
                0x00002088                _etext = .

.data           0x1fff8000      0x118 load address 0x00002088
                0x1fff8000                __cs3_region_start_ram = .
 *(.cs3.region-head.ram)
                0x1fff8001                ASSERT ((. == __cs3_region_start_ram), .cs3.region-head.ram not permitted)
 *(.ramvectors)
 .ramvectors    0x1fff8000      0x100 .\CortexM3\ARM_GCC_441\Debug\Cm3Start.o
                0x1fff8000                CyRamVectors
 *(.jcr)
 .jcr           0x1fff8100        0x0 c:/program files (x86)/cypress/psoc creator/2.1/psoc creator/import/gnu_cs/arm/4.4.1/bin/../lib/gcc/arm-none-eabi/4.4.1/thumb2/crtbegin.o
 .jcr           0x1fff8100        0x4 c:/program files (x86)/cypress/psoc creator/2.1/psoc creator/import/gnu_cs/arm/4.4.1/bin/../lib/gcc/arm-none-eabi/4.4.1/thumb2/crtend.o
 *(.got.plt)
 *(.got)
 *(.shdata)
 *(.data .data.* .gnu.linkonce.d.*)
 .data          0x1fff8104       0x10 .\CortexM3\ARM_GCC_441\Debug\Glow.a(CyLib.o)
                0x1fff8104                cydelay_freq_hz
                0x1fff8108                cydelay_freq_khz
                0x1fff810c                cydelay_freq_mhz
                0x1fff8110                cydelay_32k_ms
                0x1fff8118                . = ALIGN (0x8)
 *fill*         0x1fff8114        0x4 00
 *(.ram)
                0x1fff8118                _edata = .

.bss            0x1fff8118       0x28 load address 0x000021a0
 *(.shbss)
 *(.bss .bss.* .gnu.linkonce.b.*)
 .bss           0x1fff8118        0x1 c:/program files (x86)/cypress/psoc creator/2.1/psoc creator/import/gnu_cs/arm/4.4.1/bin/../lib/gcc/arm-none-eabi/4.4.1/thumb2/crtbegin.o
 *fill*         0x1fff8119        0x1 00
 .bss           0x1fff811a        0x2 .\CortexM3\ARM_GCC_441\Debug\main.o
                0x1fff811a                adcResult
 .bss           0x1fff811c        0x2 .\CortexM3\ARM_GCC_441\Debug\Glow.a(LCD.o)
                0x1fff811c                LCD_enableState
                0x1fff811d                LCD_initVar
 .bss           0x1fff811e        0x2 .\CortexM3\ARM_GCC_441\Debug\Glow.a(UART.o)
                0x1fff811e                UART_initVar
 .bss           0x1fff8120        0x1 .\CortexM3\ARM_GCC_441\Debug\Glow.a(ADC_SAR_1.o)
                0x1fff8120                ADC_SAR_1_initVar
 .bss           0x1fff8121        0x1 .\CortexM3\ARM_GCC_441\Debug\Glow.a(VDAC8_REF.o)
                0x1fff8121                VDAC8_REF_initVar
 .bss           0x1fff8122        0x1 .\CortexM3\ARM_GCC_441\Debug\Glow.a(PGA_GAIN.o)
                0x1fff8122                PGA_GAIN_initVar
 .bss           0x1fff8123        0x1 .\CortexM3\ARM_GCC_441\Debug\Glow.a(PGA_REF.o)
                0x1fff8123                PGA_REF_initVar
 .bss           0x1fff8124        0x1 .\CortexM3\ARM_GCC_441\Debug\Glow.a(IDAC8_REF.o)
                0x1fff8124                IDAC8_REF_initVar
 *(COMMON)
 *fill*         0x1fff8125        0x3 00
 COMMON         0x1fff8128       0x10 .\CortexM3\ARM_GCC_441\Debug\main.o
                0x1fff8128                adcValues
 COMMON         0x1fff8138        0x1 .\CortexM3\ARM_GCC_441\Debug\Glow.a(CyLib.o)
                0x1fff8138                CyResetStatus
 *fill*         0x1fff8139        0x1 00
 COMMON         0x1fff813a        0x6 .\CortexM3\ARM_GCC_441\Debug\Glow.a(ADC_SAR_1.o)
                0x1fff813a                ADC_SAR_1_countsPerVolt
                0x1fff813c                ADC_SAR_1_shift
                0x1fff813e                ADC_SAR_1_offset
                0x1fff8140                . = ALIGN (0x8)
 *(.ram.b)
                0x1fff8140                _end = .
                0x1fff8140                __end = .
                0x20003000                __cs3_region_end_ram = (__cs3_region_start_ram + 0xb000)
                0x0000b000                __cs3_region_size_ram = 0xb000
                0x00002088                __cs3_region_init_ram = LOADADDR (.data)
                0x00000118                __cs3_region_init_size_ram = (_edata - ADDR (.data))
                0x00000028                __cs3_region_zero_size_ram = (_end - _edata)

.stab
 *(.stab)

.stabstr
 *(.stabstr)

.debug
 *(.debug)

.line
 *(.line)

.debug_srcinfo
 *(.debug_srcinfo)

.debug_sfnames
 *(.debug_sfnames)

.comment        0x00000000      0x306
 .comment       0x00000000       0x2b .\CortexM3\ARM_GCC_441\Debug\main.o
 .comment       0x0000002b       0x2b .\CortexM3\ARM_GCC_441\Debug\Cm3Start.o
 .comment       0x00000056       0x2b .\CortexM3\ARM_GCC_441\Debug\Glow.a(CyLib.o)
 .comment       0x00000081       0x2b .\CortexM3\ARM_GCC_441\Debug\Glow.a(cyPm.o)
 .comment       0x000000ac       0x2b .\CortexM3\ARM_GCC_441\Debug\Glow.a(LCD.o)
 .comment       0x000000d7       0x2b .\CortexM3\ARM_GCC_441\Debug\Glow.a(UART.o)
 .comment       0x00000102       0x2b .\CortexM3\ARM_GCC_441\Debug\Glow.a(rx_int.o)
 .comment       0x0000012d       0x2b .\CortexM3\ARM_GCC_441\Debug\Glow.a(ADC_SAR_1.o)
 .comment       0x00000158       0x2b .\CortexM3\ARM_GCC_441\Debug\Glow.a(ADC_SAR_1_INT.o)
 .comment       0x00000183       0x2b .\CortexM3\ARM_GCC_441\Debug\Glow.a(ADC_SAR_1_theACLK.o)
 .comment       0x000001ae       0x2b .\CortexM3\ARM_GCC_441\Debug\Glow.a(VDAC8_REF.o)
 .comment       0x000001d9       0x2b .\CortexM3\ARM_GCC_441\Debug\Glow.a(PGA_GAIN.o)
 .comment       0x00000204       0x2b .\CortexM3\ARM_GCC_441\Debug\Glow.a(PGA_REF.o)
 .comment       0x0000022f       0x2b .\CortexM3\ARM_GCC_441\Debug\Glow.a(IDAC8_REF.o)
 .comment       0x0000025a       0x2b .\CortexM3\ARM_GCC_441\Debug\Glow.a(cyfitter_cfg.o)
 .comment       0x00000285       0x2b .\CortexM3\ARM_GCC_441\Debug\Glow.a(CyFlash.o)
 .comment       0x000002b0       0x2b .\CortexM3\ARM_GCC_441\Debug\Glow.a(CySpc.o)
 .comment       0x000002db       0x2b .\CortexM3\ARM_GCC_441\Debug\Glow.a(cyutils.o)

.debug_aranges  0x00000000      0xa08
 *(.debug_aranges)
 .debug_aranges
                0x00000000       0x58 .\CortexM3\ARM_GCC_441\Debug\main.o
 .debug_aranges
                0x00000058       0x30 .\CortexM3\ARM_GCC_441\Debug\Cm3Start.o
 .debug_aranges
                0x00000088      0x238 .\CortexM3\ARM_GCC_441\Debug\Glow.a(CyLib.o)
 .debug_aranges
                0x000002c0       0xa0 .\CortexM3\ARM_GCC_441\Debug\Glow.a(cyPm.o)
 .debug_aranges
                0x00000360       0x90 .\CortexM3\ARM_GCC_441\Debug\Glow.a(LCD.o)
 .debug_aranges
                0x000003f0       0xf0 .\CortexM3\ARM_GCC_441\Debug\Glow.a(UART.o)
 .debug_aranges
                0x000004e0       0x80 .\CortexM3\ARM_GCC_441\Debug\Glow.a(rx_int.o)
 .debug_aranges
                0x00000560       0xb0 .\CortexM3\ARM_GCC_441\Debug\Glow.a(ADC_SAR_1.o)
 .debug_aranges
                0x00000610       0x20 .\CortexM3\ARM_GCC_441\Debug\Glow.a(ADC_SAR_1_INT.o)
 .debug_aranges
                0x00000630       0x80 .\CortexM3\ARM_GCC_441\Debug\Glow.a(ADC_SAR_1_theACLK.o)
 .debug_aranges
                0x000006b0       0x58 .\CortexM3\ARM_GCC_441\Debug\Glow.a(VDAC8_REF.o)
 .debug_aranges
                0x00000708       0x48 .\CortexM3\ARM_GCC_441\Debug\Glow.a(PGA_GAIN.o)
 .debug_aranges
                0x00000750       0x48 .\CortexM3\ARM_GCC_441\Debug\Glow.a(PGA_REF.o)
 .debug_aranges
                0x00000798       0x60 .\CortexM3\ARM_GCC_441\Debug\Glow.a(IDAC8_REF.o)
 .debug_aranges
                0x000007f8       0xc8 .\CortexM3\ARM_GCC_441\Debug\Glow.a(cyfitter_cfg.o)
 .debug_aranges
                0x000008c0       0x20 .\CortexM3\ARM_GCC_441\Debug\Glow.a(CyBootAsmGnu.o)
 .debug_aranges
                0x000008e0       0x78 .\CortexM3\ARM_GCC_441\Debug\Glow.a(CyFlash.o)
 .debug_aranges
                0x00000958       0x90 .\CortexM3\ARM_GCC_441\Debug\Glow.a(CySpc.o)
 .debug_aranges
                0x000009e8       0x20 .\CortexM3\ARM_GCC_441\Debug\Glow.a(cyutils.o)

.debug_pubnames
                0x00000000     0x19e5
 *(.debug_pubnames)
 .debug_pubnames
                0x00000000       0x92 .\CortexM3\ARM_GCC_441\Debug\main.o
 .debug_pubnames
                0x00000092       0x57 .\CortexM3\ARM_GCC_441\Debug\Cm3Start.o
 .debug_pubnames
                0x000000e9      0x614 .\CortexM3\ARM_GCC_441\Debug\Glow.a(CyLib.o)
 .debug_pubnames
                0x000006fd       0xbb .\CortexM3\ARM_GCC_441\Debug\Glow.a(cyPm.o)
 .debug_pubnames
                0x000007b8      0x14d .\CortexM3\ARM_GCC_441\Debug\Glow.a(LCD.o)
 .debug_pubnames
                0x00000905      0x264 .\CortexM3\ARM_GCC_441\Debug\Glow.a(UART.o)
 .debug_pubnames
                0x00000b69      0x11a .\CortexM3\ARM_GCC_441\Debug\Glow.a(rx_int.o)
 .debug_pubnames
                0x00000c83      0x246 .\CortexM3\ARM_GCC_441\Debug\Glow.a(ADC_SAR_1.o)
 .debug_pubnames
                0x00000ec9       0x24 .\CortexM3\ARM_GCC_441\Debug\Glow.a(ADC_SAR_1_INT.o)
 .debug_pubnames
                0x00000eed      0x1f0 .\CortexM3\ARM_GCC_441\Debug\Glow.a(ADC_SAR_1_theACLK.o)
 .debug_pubnames
                0x000010dd       0xd2 .\CortexM3\ARM_GCC_441\Debug\Glow.a(VDAC8_REF.o)
 .debug_pubnames
                0x000011af       0xca .\CortexM3\ARM_GCC_441\Debug\Glow.a(PGA_GAIN.o)
 .debug_pubnames
                0x00001279       0xc1 .\CortexM3\ARM_GCC_441\Debug\Glow.a(PGA_REF.o)
 .debug_pubnames
                0x0000133a       0xec .\CortexM3\ARM_GCC_441\Debug\Glow.a(IDAC8_REF.o)
 .debug_pubnames
                0x00001426      0x342 .\CortexM3\ARM_GCC_441\Debug\Glow.a(cyfitter_cfg.o)
 .debug_pubnames
                0x00001768      0x115 .\CortexM3\ARM_GCC_441\Debug\Glow.a(CyFlash.o)
 .debug_pubnames
                0x0000187d      0x147 .\CortexM3\ARM_GCC_441\Debug\Glow.a(CySpc.o)
 .debug_pubnames
                0x000019c4       0x21 .\CortexM3\ARM_GCC_441\Debug\Glow.a(cyutils.o)

.debug_info     0x00000000     0x3f19
 *(.debug_info .gnu.linkonce.wi.*)
 .debug_info    0x00000000      0x1da .\CortexM3\ARM_GCC_441\Debug\main.o
 .debug_info    0x000001da      0x127 .\CortexM3\ARM_GCC_441\Debug\Cm3Start.o
 .debug_info    0x00000301      0xd2a .\CortexM3\ARM_GCC_441\Debug\Glow.a(CyLib.o)
 .debug_info    0x0000102b      0x580 .\CortexM3\ARM_GCC_441\Debug\Glow.a(cyPm.o)
 .debug_info    0x000015ab      0x39e .\CortexM3\ARM_GCC_441\Debug\Glow.a(LCD.o)
 .debug_info    0x00001949      0x51b .\CortexM3\ARM_GCC_441\Debug\Glow.a(UART.o)
 .debug_info    0x00001e64      0x22e .\CortexM3\ARM_GCC_441\Debug\Glow.a(rx_int.o)
 .debug_info    0x00002092      0x43a .\CortexM3\ARM_GCC_441\Debug\Glow.a(ADC_SAR_1.o)
 .debug_info    0x000024cc       0x8c .\CortexM3\ARM_GCC_441\Debug\Glow.a(ADC_SAR_1_INT.o)
 .debug_info    0x00002558      0x29f .\CortexM3\ARM_GCC_441\Debug\Glow.a(ADC_SAR_1_theACLK.o)
 .debug_info    0x000027f7      0x18c .\CortexM3\ARM_GCC_441\Debug\Glow.a(VDAC8_REF.o)
 .debug_info    0x00002983      0x189 .\CortexM3\ARM_GCC_441\Debug\Glow.a(PGA_GAIN.o)
 .debug_info    0x00002b0c      0x189 .\CortexM3\ARM_GCC_441\Debug\Glow.a(PGA_REF.o)
 .debug_info    0x00002c95      0x1b6 .\CortexM3\ARM_GCC_441\Debug\Glow.a(IDAC8_REF.o)
 .debug_info    0x00002e4b      0x707 .\CortexM3\ARM_GCC_441\Debug\Glow.a(cyfitter_cfg.o)
 .debug_info    0x00003552       0x7e .\CortexM3\ARM_GCC_441\Debug\Glow.a(CyBootAsmGnu.o)
 .debug_info    0x000035d0      0x310 .\CortexM3\ARM_GCC_441\Debug\Glow.a(CyFlash.o)
 .debug_info    0x000038e0      0x56b .\CortexM3\ARM_GCC_441\Debug\Glow.a(CySpc.o)
 .debug_info    0x00003e4b       0xce .\CortexM3\ARM_GCC_441\Debug\Glow.a(cyutils.o)

.debug_abbrev   0x00000000     0x1100
 *(.debug_abbrev)
 .debug_abbrev  0x00000000       0xf8 .\CortexM3\ARM_GCC_441\Debug\main.o
 .debug_abbrev  0x000000f8       0xe3 .\CortexM3\ARM_GCC_441\Debug\Cm3Start.o
 .debug_abbrev  0x000001db      0x172 .\CortexM3\ARM_GCC_441\Debug\Glow.a(CyLib.o)
 .debug_abbrev  0x0000034d      0x146 .\CortexM3\ARM_GCC_441\Debug\Glow.a(cyPm.o)
 .debug_abbrev  0x00000493      0x103 .\CortexM3\ARM_GCC_441\Debug\Glow.a(LCD.o)
 .debug_abbrev  0x00000596      0x105 .\CortexM3\ARM_GCC_441\Debug\Glow.a(UART.o)
 .debug_abbrev  0x0000069b       0xee .\CortexM3\ARM_GCC_441\Debug\Glow.a(rx_int.o)
 .debug_abbrev  0x00000789      0x11e .\CortexM3\ARM_GCC_441\Debug\Glow.a(ADC_SAR_1.o)
 .debug_abbrev  0x000008a7       0x41 .\CortexM3\ARM_GCC_441\Debug\Glow.a(ADC_SAR_1_INT.o)
 .debug_abbrev  0x000008e8       0xd8 .\CortexM3\ARM_GCC_441\Debug\Glow.a(ADC_SAR_1_theACLK.o)
 .debug_abbrev  0x000009c0       0xba .\CortexM3\ARM_GCC_441\Debug\Glow.a(VDAC8_REF.o)
 .debug_abbrev  0x00000a7a       0xdc .\CortexM3\ARM_GCC_441\Debug\Glow.a(PGA_GAIN.o)
 .debug_abbrev  0x00000b56       0xdc .\CortexM3\ARM_GCC_441\Debug\Glow.a(PGA_REF.o)
 .debug_abbrev  0x00000c32       0xba .\CortexM3\ARM_GCC_441\Debug\Glow.a(IDAC8_REF.o)
 .debug_abbrev  0x00000cec      0x12e .\CortexM3\ARM_GCC_441\Debug\Glow.a(cyfitter_cfg.o)
 .debug_abbrev  0x00000e1a       0x14 .\CortexM3\ARM_GCC_441\Debug\Glow.a(CyBootAsmGnu.o)
 .debug_abbrev  0x00000e2e      0x12a .\CortexM3\ARM_GCC_441\Debug\Glow.a(CyFlash.o)
 .debug_abbrev  0x00000f58      0x139 .\CortexM3\ARM_GCC_441\Debug\Glow.a(CySpc.o)
 .debug_abbrev  0x00001091       0x6f .\CortexM3\ARM_GCC_441\Debug\Glow.a(cyutils.o)

.debug_line     0x00000000     0x20b0
 *(.debug_line)
 .debug_line    0x00000000      0x104 .\CortexM3\ARM_GCC_441\Debug\main.o
 .debug_line    0x00000104       0xcd .\CortexM3\ARM_GCC_441\Debug\Cm3Start.o
 .debug_line    0x000001d1      0x691 .\CortexM3\ARM_GCC_441\Debug\Glow.a(CyLib.o)
 .debug_line    0x00000862      0x2e8 .\CortexM3\ARM_GCC_441\Debug\Glow.a(cyPm.o)
 .debug_line    0x00000b4a      0x1d8 .\CortexM3\ARM_GCC_441\Debug\Glow.a(LCD.o)
 .debug_line    0x00000d22      0x2b2 .\CortexM3\ARM_GCC_441\Debug\Glow.a(UART.o)
 .debug_line    0x00000fd4      0x15a .\CortexM3\ARM_GCC_441\Debug\Glow.a(rx_int.o)
 .debug_line    0x0000112e      0x216 .\CortexM3\ARM_GCC_441\Debug\Glow.a(ADC_SAR_1.o)
 .debug_line    0x00001344       0x5b .\CortexM3\ARM_GCC_441\Debug\Glow.a(ADC_SAR_1_INT.o)
 .debug_line    0x0000139f      0x1a3 .\CortexM3\ARM_GCC_441\Debug\Glow.a(ADC_SAR_1_theACLK.o)
 .debug_line    0x00001542      0x112 .\CortexM3\ARM_GCC_441\Debug\Glow.a(VDAC8_REF.o)
 .debug_line    0x00001654       0xf3 .\CortexM3\ARM_GCC_441\Debug\Glow.a(PGA_GAIN.o)
 .debug_line    0x00001747       0xf2 .\CortexM3\ARM_GCC_441\Debug\Glow.a(PGA_REF.o)
 .debug_line    0x00001839      0x12c .\CortexM3\ARM_GCC_441\Debug\Glow.a(IDAC8_REF.o)
 .debug_line    0x00001965      0x2af .\CortexM3\ARM_GCC_441\Debug\Glow.a(cyfitter_cfg.o)
 .debug_line    0x00001c14       0x67 .\CortexM3\ARM_GCC_441\Debug\Glow.a(CyBootAsmGnu.o)
 .debug_line    0x00001c7b      0x18f .\CortexM3\ARM_GCC_441\Debug\Glow.a(CyFlash.o)
 .debug_line    0x00001e0a      0x225 .\CortexM3\ARM_GCC_441\Debug\Glow.a(CySpc.o)
 .debug_line    0x0000202f       0x81 .\CortexM3\ARM_GCC_441\Debug\Glow.a(cyutils.o)

.debug_frame    0x00000000     0x1ff0
 *(.debug_frame)
 .debug_frame   0x00000000       0xfc .\CortexM3\ARM_GCC_441\Debug\main.o
 .debug_frame   0x000000fc       0x5c .\CortexM3\ARM_GCC_441\Debug\Cm3Start.o
 .debug_frame   0x00000158      0x7f0 .\CortexM3\ARM_GCC_441\Debug\Glow.a(CyLib.o)
 .debug_frame   0x00000948      0x208 .\CortexM3\ARM_GCC_441\Debug\Glow.a(cyPm.o)
 .debug_frame   0x00000b50      0x1e0 .\CortexM3\ARM_GCC_441\Debug\Glow.a(LCD.o)
 .debug_frame   0x00000d30      0x32c .\CortexM3\ARM_GCC_441\Debug\Glow.a(UART.o)
 .debug_frame   0x0000105c      0x180 .\CortexM3\ARM_GCC_441\Debug\Glow.a(rx_int.o)
 .debug_frame   0x000011dc      0x23c .\CortexM3\ARM_GCC_441\Debug\Glow.a(ADC_SAR_1.o)
 .debug_frame   0x00001418       0x2c .\CortexM3\ARM_GCC_441\Debug\Glow.a(ADC_SAR_1_INT.o)
 .debug_frame   0x00001444      0x184 .\CortexM3\ARM_GCC_441\Debug\Glow.a(ADC_SAR_1_theACLK.o)
 .debug_frame   0x000015c8       0xf4 .\CortexM3\ARM_GCC_441\Debug\Glow.a(VDAC8_REF.o)
 .debug_frame   0x000016bc       0xb8 .\CortexM3\ARM_GCC_441\Debug\Glow.a(PGA_GAIN.o)
 .debug_frame   0x00001774       0xb8 .\CortexM3\ARM_GCC_441\Debug\Glow.a(PGA_REF.o)
 .debug_frame   0x0000182c      0x114 .\CortexM3\ARM_GCC_441\Debug\Glow.a(IDAC8_REF.o)
 .debug_frame   0x00001940      0x280 .\CortexM3\ARM_GCC_441\Debug\Glow.a(cyfitter_cfg.o)
 .debug_frame   0x00001bc0      0x174 .\CortexM3\ARM_GCC_441\Debug\Glow.a(CyFlash.o)
 .debug_frame   0x00001d34      0x1c8 .\CortexM3\ARM_GCC_441\Debug\Glow.a(CySpc.o)
 .debug_frame   0x00001efc       0x2c .\CortexM3\ARM_GCC_441\Debug\Glow.a(cyutils.o)
 .debug_frame   0x00001f28       0x34 c:/program files (x86)/cypress/psoc creator/2.1/psoc creator/import/gnu_cs/arm/4.4.1/bin/../lib/gcc/arm-none-eabi/4.4.1/../../../../arm-none-eabi/lib/thumb2\libc.a(lib_a-memcpy.o)
 .debug_frame   0x00001f5c       0x28 c:/program files (x86)/cypress/psoc creator/2.1/psoc creator/import/gnu_cs/arm/4.4.1/bin/../lib/gcc/arm-none-eabi/4.4.1/../../../../arm-none-eabi/lib/thumb2\libc.a(lib_a-memset.o)
 .debug_frame   0x00001f84       0x40 c:/program files (x86)/cypress/psoc creator/2.1/psoc creator/import/gnu_cs/arm/4.4.1/bin/../lib/gcc/arm-none-eabi/4.4.1/../../../../arm-none-eabi/lib/thumb2\libcs3.a(start_c.o)
 .debug_frame   0x00001fc4       0x2c c:/program files (x86)/cypress/psoc creator/2.1/psoc creator/import/gnu_cs/arm/4.4.1/bin/../lib/gcc/arm-none-eabi/4.4.1/../../../../arm-none-eabi/lib/thumb2\libc.a(lib_a-init.o)

.debug_str      0x00000000     0x1e60
 *(.debug_str)
 .debug_str     0x00000000      0x10a .\CortexM3\ARM_GCC_441\Debug\main.o
                                0x143 (size before relaxing)
 .debug_str     0x0000010a       0x8b .\CortexM3\ARM_GCC_441\Debug\Cm3Start.o
                                0x159 (size before relaxing)
 .debug_str     0x00000195      0x6a2 .\CortexM3\ARM_GCC_441\Debug\Glow.a(CyLib.o)
                                0x7ae (size before relaxing)
 .debug_str     0x00000837      0x369 .\CortexM3\ARM_GCC_441\Debug\Glow.a(cyPm.o)
                                0x45c (size before relaxing)
 .debug_str     0x00000ba0      0x160 .\CortexM3\ARM_GCC_441\Debug\Glow.a(LCD.o)
                                0x244 (size before relaxing)
 .debug_str     0x00000d00      0x272 .\CortexM3\ARM_GCC_441\Debug\Glow.a(UART.o)
                                0x357 (size before relaxing)
 .debug_str     0x00000f72       0xf6 .\CortexM3\ARM_GCC_441\Debug\Glow.a(rx_int.o)
                                0x1eb (size before relaxing)
 .debug_str     0x00001068      0x244 .\CortexM3\ARM_GCC_441\Debug\Glow.a(ADC_SAR_1.o)
                                0x360 (size before relaxing)
 .debug_str     0x000012ac       0x37 .\CortexM3\ARM_GCC_441\Debug\Glow.a(ADC_SAR_1_INT.o)
                                 0xf9 (size before relaxing)
 .debug_str     0x000012e3      0x22f .\CortexM3\ARM_GCC_441\Debug\Glow.a(ADC_SAR_1_theACLK.o)
                                0x304 (size before relaxing)
 .debug_str     0x00001512       0xcd .\CortexM3\ARM_GCC_441\Debug\Glow.a(VDAC8_REF.o)
                                0x1a0 (size before relaxing)
 .debug_str     0x000015df       0xc3 .\CortexM3\ARM_GCC_441\Debug\Glow.a(PGA_GAIN.o)
                                0x191 (size before relaxing)
 .debug_str     0x000016a2       0xae .\CortexM3\ARM_GCC_441\Debug\Glow.a(PGA_REF.o)
                                0x187 (size before relaxing)
 .debug_str     0x00001750       0xe0 .\CortexM3\ARM_GCC_441\Debug\Glow.a(IDAC8_REF.o)
                                0x1bf (size before relaxing)
 .debug_str     0x00001830      0x362 .\CortexM3\ARM_GCC_441\Debug\Glow.a(cyfitter_cfg.o)
                                0x468 (size before relaxing)
 .debug_str     0x00001b92      0x130 .\CortexM3\ARM_GCC_441\Debug\Glow.a(CyFlash.o)
                                0x228 (size before relaxing)
 .debug_str     0x00001cc2      0x16b .\CortexM3\ARM_GCC_441\Debug\Glow.a(CySpc.o)
                                0x26d (size before relaxing)
 .debug_str     0x00001e2d       0x33 .\CortexM3\ARM_GCC_441\Debug\Glow.a(cyutils.o)
                                0x108 (size before relaxing)

.debug_loc      0x00000000     0x33fa
 *(.debug_loc)
 .debug_loc     0x00000000      0x188 .\CortexM3\ARM_GCC_441\Debug\main.o
 .debug_loc     0x00000188       0x62 .\CortexM3\ARM_GCC_441\Debug\Cm3Start.o
 .debug_loc     0x000001ea      0xd7c .\CortexM3\ARM_GCC_441\Debug\Glow.a(CyLib.o)
 .debug_loc     0x00000f66      0x32f .\CortexM3\ARM_GCC_441\Debug\Glow.a(cyPm.o)
 .debug_loc     0x00001295      0x309 .\CortexM3\ARM_GCC_441\Debug\Glow.a(LCD.o)
 .debug_loc     0x0000159e      0x591 .\CortexM3\ARM_GCC_441\Debug\Glow.a(UART.o)
 .debug_loc     0x00001b2f      0x26b .\CortexM3\ARM_GCC_441\Debug\Glow.a(rx_int.o)
 .debug_loc     0x00001d9a      0x3c1 .\CortexM3\ARM_GCC_441\Debug\Glow.a(ADC_SAR_1.o)
 .debug_loc     0x0000215b       0x2b .\CortexM3\ARM_GCC_441\Debug\Glow.a(ADC_SAR_1_INT.o)
 .debug_loc     0x00002186      0x283 .\CortexM3\ARM_GCC_441\Debug\Glow.a(ADC_SAR_1_theACLK.o)
 .debug_loc     0x00002409      0x188 .\CortexM3\ARM_GCC_441\Debug\Glow.a(VDAC8_REF.o)
 .debug_loc     0x00002591      0x11a .\CortexM3\ARM_GCC_441\Debug\Glow.a(PGA_GAIN.o)
 .debug_loc     0x000026ab      0x11a .\CortexM3\ARM_GCC_441\Debug\Glow.a(PGA_REF.o)
 .debug_loc     0x000027c5      0x1bf .\CortexM3\ARM_GCC_441\Debug\Glow.a(IDAC8_REF.o)
 .debug_loc     0x00002984      0x4ba .\CortexM3\ARM_GCC_441\Debug\Glow.a(cyfitter_cfg.o)
 .debug_loc     0x00002e3e      0x24c .\CortexM3\ARM_GCC_441\Debug\Glow.a(CyFlash.o)
 .debug_loc     0x0000308a      0x339 .\CortexM3\ARM_GCC_441\Debug\Glow.a(CySpc.o)
 .debug_loc     0x000033c3       0x37 .\CortexM3\ARM_GCC_441\Debug\Glow.a(cyutils.o)

.debug_macinfo
 *(.debug_macinfo)

.debug_ranges   0x00000000      0x958
 *(.debug_ranges)
 .debug_ranges  0x00000000       0x50 .\CortexM3\ARM_GCC_441\Debug\main.o
 .debug_ranges  0x00000050       0x28 .\CortexM3\ARM_GCC_441\Debug\Cm3Start.o
 .debug_ranges  0x00000078      0x230 .\CortexM3\ARM_GCC_441\Debug\Glow.a(CyLib.o)
 .debug_ranges  0x000002a8       0x98 .\CortexM3\ARM_GCC_441\Debug\Glow.a(cyPm.o)
 .debug_ranges  0x00000340       0x88 .\CortexM3\ARM_GCC_441\Debug\Glow.a(LCD.o)
 .debug_ranges  0x000003c8       0xe8 .\CortexM3\ARM_GCC_441\Debug\Glow.a(UART.o)
 .debug_ranges  0x000004b0       0x78 .\CortexM3\ARM_GCC_441\Debug\Glow.a(rx_int.o)
 .debug_ranges  0x00000528       0xa8 .\CortexM3\ARM_GCC_441\Debug\Glow.a(ADC_SAR_1.o)
 .debug_ranges  0x000005d0       0x18 .\CortexM3\ARM_GCC_441\Debug\Glow.a(ADC_SAR_1_INT.o)
 .debug_ranges  0x000005e8       0x78 .\CortexM3\ARM_GCC_441\Debug\Glow.a(ADC_SAR_1_theACLK.o)
 .debug_ranges  0x00000660       0x50 .\CortexM3\ARM_GCC_441\Debug\Glow.a(VDAC8_REF.o)
 .debug_ranges  0x000006b0       0x40 .\CortexM3\ARM_GCC_441\Debug\Glow.a(PGA_GAIN.o)
 .debug_ranges  0x000006f0       0x40 .\CortexM3\ARM_GCC_441\Debug\Glow.a(PGA_REF.o)
 .debug_ranges  0x00000730       0x58 .\CortexM3\ARM_GCC_441\Debug\Glow.a(IDAC8_REF.o)
 .debug_ranges  0x00000788       0xc0 .\CortexM3\ARM_GCC_441\Debug\Glow.a(cyfitter_cfg.o)
 .debug_ranges  0x00000848       0x70 .\CortexM3\ARM_GCC_441\Debug\Glow.a(CyFlash.o)
 .debug_ranges  0x000008b8       0x88 .\CortexM3\ARM_GCC_441\Debug\Glow.a(CySpc.o)
 .debug_ranges  0x00000940       0x18 .\CortexM3\ARM_GCC_441\Debug\Glow.a(cyutils.o)

.debug_weaknames
 *(.debug_weaknames)

.debug_funcnames
 *(.debug_funcnames)

.debug_typenames
 *(.debug_typenames)

.debug_varnames
 *(.debug_varnames)

.note.gnu.arm.ident
 *(.note.gnu.arm.ident)

.ARM.attributes
                0x00000000       0x25
 *(.ARM.attributes)
 .ARM.attributes
                0x00000000       0x19 c:/program files (x86)/cypress/psoc creator/2.1/psoc creator/import/gnu_cs/arm/4.4.1/bin/../lib/gcc/arm-none-eabi/4.4.1/thumb2/crti.o
 .ARM.attributes
                0x00000019       0x29 c:/program files (x86)/cypress/psoc creator/2.1/psoc creator/import/gnu_cs/arm/4.4.1/bin/../lib/gcc/arm-none-eabi/4.4.1/thumb2/crtbegin.o
 .ARM.attributes
                0x00000042       0x31 .\CortexM3\ARM_GCC_441\Debug\main.o
 .ARM.attributes
                0x00000073       0x31 .\CortexM3\ARM_GCC_441\Debug\Cm3Start.o
 .ARM.attributes
                0x000000a4       0x31 .\CortexM3\ARM_GCC_441\Debug\Glow.a(CyLib.o)
 .ARM.attributes
                0x000000d5       0x31 .\CortexM3\ARM_GCC_441\Debug\Glow.a(cyPm.o)
 .ARM.attributes
                0x00000106       0x31 .\CortexM3\ARM_GCC_441\Debug\Glow.a(LCD.o)
 .ARM.attributes
                0x00000137       0x31 .\CortexM3\ARM_GCC_441\Debug\Glow.a(UART.o)
 .ARM.attributes
                0x00000168       0x31 .\CortexM3\ARM_GCC_441\Debug\Glow.a(rx_int.o)
 .ARM.attributes
                0x00000199       0x31 .\CortexM3\ARM_GCC_441\Debug\Glow.a(ADC_SAR_1.o)
 .ARM.attributes
                0x000001ca       0x31 .\CortexM3\ARM_GCC_441\Debug\Glow.a(ADC_SAR_1_INT.o)
 .ARM.attributes
                0x000001fb       0x31 .\CortexM3\ARM_GCC_441\Debug\Glow.a(ADC_SAR_1_theACLK.o)
 .ARM.attributes
                0x0000022c       0x31 .\CortexM3\ARM_GCC_441\Debug\Glow.a(VDAC8_REF.o)
 .ARM.attributes
                0x0000025d       0x31 .\CortexM3\ARM_GCC_441\Debug\Glow.a(PGA_GAIN.o)
 .ARM.attributes
                0x0000028e       0x31 .\CortexM3\ARM_GCC_441\Debug\Glow.a(PGA_REF.o)
 .ARM.attributes
                0x000002bf       0x31 .\CortexM3\ARM_GCC_441\Debug\Glow.a(IDAC8_REF.o)
 .ARM.attributes
                0x000002f0       0x31 .\CortexM3\ARM_GCC_441\Debug\Glow.a(cyfitter_cfg.o)
 .ARM.attributes
                0x00000321       0x21 .\CortexM3\ARM_GCC_441\Debug\Glow.a(CyBootAsmGnu.o)
 .ARM.attributes
                0x00000342       0x31 .\CortexM3\ARM_GCC_441\Debug\Glow.a(CyFlash.o)
 .ARM.attributes
                0x00000373       0x31 .\CortexM3\ARM_GCC_441\Debug\Glow.a(CySpc.o)
 .ARM.attributes
                0x000003a4       0x31 .\CortexM3\ARM_GCC_441\Debug\Glow.a(cyutils.o)
 .ARM.attributes
                0x000003d5       0x1b c:/program files (x86)/cypress/psoc creator/2.1/psoc creator/import/gnu_cs/arm/4.4.1/bin/../lib/gcc/arm-none-eabi/4.4.1/thumb2\libgcc.a(_arm_addsubsf3.o)
 .ARM.attributes
                0x000003f0       0x1b c:/program files (x86)/cypress/psoc creator/2.1/psoc creator/import/gnu_cs/arm/4.4.1/bin/../lib/gcc/arm-none-eabi/4.4.1/thumb2\libgcc.a(_arm_muldivsf3.o)
 .ARM.attributes
                0x0000040b       0x29 c:/program files (x86)/cypress/psoc creator/2.1/psoc creator/import/gnu_cs/arm/4.4.1/bin/../lib/gcc/arm-none-eabi/4.4.1/../../../../arm-none-eabi/lib/thumb2\libc.a(lib_a-memcpy.o)
 .ARM.attributes
                0x00000434       0x29 c:/program files (x86)/cypress/psoc creator/2.1/psoc creator/import/gnu_cs/arm/4.4.1/bin/../lib/gcc/arm-none-eabi/4.4.1/../../../../arm-none-eabi/lib/thumb2\libc.a(lib_a-memset.o)
 .ARM.attributes
                0x0000045d       0x29 c:/program files (x86)/cypress/psoc creator/2.1/psoc creator/import/gnu_cs/arm/4.4.1/bin/../lib/gcc/arm-none-eabi/4.4.1/thumb2/crtend.o
 .ARM.attributes
                0x00000486       0x19 c:/program files (x86)/cypress/psoc creator/2.1/psoc creator/import/gnu_cs/arm/4.4.1/bin/../lib/gcc/arm-none-eabi/4.4.1/thumb2/crtn.o
 .ARM.attributes
                0x0000049f       0x29 c:/program files (x86)/cypress/psoc creator/2.1/psoc creator/import/gnu_cs/arm/4.4.1/bin/../lib/gcc/arm-none-eabi/4.4.1/../../../../arm-none-eabi/lib/thumb2\libcs3.a(start_c.o)
 .ARM.attributes
                0x000004c8       0x19 c:/program files (x86)/cypress/psoc creator/2.1/psoc creator/import/gnu_cs/arm/4.4.1/bin/../lib/gcc/arm-none-eabi/4.4.1/../../../../arm-none-eabi/lib/thumb2\libcs3micro.a(micro-vector.o)
 .ARM.attributes
                0x000004e1       0x19 c:/program files (x86)/cypress/psoc creator/2.1/psoc creator/import/gnu_cs/arm/4.4.1/bin/../lib/gcc/arm-none-eabi/4.4.1/../../../../arm-none-eabi/lib/thumb2\libcs3micro.a(micro_isr_interrupt.o)
 .ARM.attributes
                0x000004fa       0x29 c:/program files (x86)/cypress/psoc creator/2.1/psoc creator/import/gnu_cs/arm/4.4.1/bin/../lib/gcc/arm-none-eabi/4.4.1/../../../../arm-none-eabi/lib/thumb2\libc.a(lib_a-init.o)

/DISCARD/
 *(.note.GNU-stack)
OUTPUT(.\CortexM3\ARM_GCC_441\Debug\Glow.elf elf32-littlearm)
